Archive member included to satisfy reference by file (symbol)

C:/Users/HDo/.pico-sdk/toolchain/14_2_Rel1/bin/../lib/gcc/arm-none-eabi/14.2.1/thumb/v6-m/nofp\libgcc.a(_dvmd_tls.o)
                              CMakeFiles/adxl382_spi.dir/C_/Users/HDo/.pico-sdk/sdk/2.1.1/src/rp2_common/pico_divider/divider_hardware.S.obj (__aeabi_idiv0)
C:/Users/HDo/.pico-sdk/toolchain/14_2_Rel1/bin/../lib/gcc/arm-none-eabi/14.2.1/thumb/v6-m/nofp\libg.a(libc_a-calloc.o)
                              CMakeFiles/adxl382_spi.dir/C_/Users/HDo/.pico-sdk/sdk/2.1.1/src/rp2_common/pico_malloc/malloc.c.obj (calloc)
C:/Users/HDo/.pico-sdk/toolchain/14_2_Rel1/bin/../lib/gcc/arm-none-eabi/14.2.1/thumb/v6-m/nofp\libg.a(libc_a-callocr.o)
                              C:/Users/HDo/.pico-sdk/toolchain/14_2_Rel1/bin/../lib/gcc/arm-none-eabi/14.2.1/thumb/v6-m/nofp\libg.a(libc_a-calloc.o) (_calloc_r)
C:/Users/HDo/.pico-sdk/toolchain/14_2_Rel1/bin/../lib/gcc/arm-none-eabi/14.2.1/thumb/v6-m/nofp\libg.a(libc_a-malloc.o)
                              CMakeFiles/adxl382_spi.dir/C_/Users/HDo/.pico-sdk/sdk/2.1.1/src/rp2_common/pico_malloc/malloc.c.obj (malloc)
C:/Users/HDo/.pico-sdk/toolchain/14_2_Rel1/bin/../lib/gcc/arm-none-eabi/14.2.1/thumb/v6-m/nofp\libg.a(libc_a-mallocr.o)
                              C:/Users/HDo/.pico-sdk/toolchain/14_2_Rel1/bin/../lib/gcc/arm-none-eabi/14.2.1/thumb/v6-m/nofp\libg.a(libc_a-callocr.o) (_malloc_r)
C:/Users/HDo/.pico-sdk/toolchain/14_2_Rel1/bin/../lib/gcc/arm-none-eabi/14.2.1/thumb/v6-m/nofp\libg.a(libc_a-mlock.o)
                              C:/Users/HDo/.pico-sdk/toolchain/14_2_Rel1/bin/../lib/gcc/arm-none-eabi/14.2.1/thumb/v6-m/nofp\libg.a(libc_a-mallocr.o) (__malloc_lock)
C:/Users/HDo/.pico-sdk/toolchain/14_2_Rel1/bin/../lib/gcc/arm-none-eabi/14.2.1/thumb/v6-m/nofp\libg.a(libc_a-realloc.o)
                              CMakeFiles/adxl382_spi.dir/C_/Users/HDo/.pico-sdk/sdk/2.1.1/src/rp2_common/pico_malloc/malloc.c.obj (realloc)
C:/Users/HDo/.pico-sdk/toolchain/14_2_Rel1/bin/../lib/gcc/arm-none-eabi/14.2.1/thumb/v6-m/nofp\libg.a(libc_a-reallocr.o)
                              C:/Users/HDo/.pico-sdk/toolchain/14_2_Rel1/bin/../lib/gcc/arm-none-eabi/14.2.1/thumb/v6-m/nofp\libg.a(libc_a-realloc.o) (_realloc_r)
C:/Users/HDo/.pico-sdk/toolchain/14_2_Rel1/bin/../lib/gcc/arm-none-eabi/14.2.1/thumb/v6-m/nofp\libg.a(libc_a-fflush.o)
                              CMakeFiles/adxl382_spi.dir/main.c.obj (fflush)
C:/Users/HDo/.pico-sdk/toolchain/14_2_Rel1/bin/../lib/gcc/arm-none-eabi/14.2.1/thumb/v6-m/nofp\libg.a(libc_a-findfp.o)
                              C:/Users/HDo/.pico-sdk/toolchain/14_2_Rel1/bin/../lib/gcc/arm-none-eabi/14.2.1/thumb/v6-m/nofp\libg.a(libc_a-fflush.o) (__sglue)
C:/Users/HDo/.pico-sdk/toolchain/14_2_Rel1/bin/../lib/gcc/arm-none-eabi/14.2.1/thumb/v6-m/nofp\libg.a(libc_a-fwalk.o)
                              C:/Users/HDo/.pico-sdk/toolchain/14_2_Rel1/bin/../lib/gcc/arm-none-eabi/14.2.1/thumb/v6-m/nofp\libg.a(libc_a-fflush.o) (_fwalk_sglue)
C:/Users/HDo/.pico-sdk/toolchain/14_2_Rel1/bin/../lib/gcc/arm-none-eabi/14.2.1/thumb/v6-m/nofp\libg.a(libc_a-stdio.o)
                              C:/Users/HDo/.pico-sdk/toolchain/14_2_Rel1/bin/../lib/gcc/arm-none-eabi/14.2.1/thumb/v6-m/nofp\libg.a(libc_a-findfp.o) (__sread)
C:/Users/HDo/.pico-sdk/toolchain/14_2_Rel1/bin/../lib/gcc/arm-none-eabi/14.2.1/thumb/v6-m/nofp\libg.a(libc_a-memcmp.o)
                              CMakeFiles/adxl382_spi.dir/C_/Users/HDo/.pico-sdk/sdk/2.1.1/src/rp2_common/pico_atomic/atomic.c.obj (memcmp)
C:/Users/HDo/.pico-sdk/toolchain/14_2_Rel1/bin/../lib/gcc/arm-none-eabi/14.2.1/thumb/v6-m/nofp\libg.a(libc_a-memmove.o)
                              C:/Users/HDo/.pico-sdk/toolchain/14_2_Rel1/bin/../lib/gcc/arm-none-eabi/14.2.1/thumb/v6-m/nofp\libg.a(libc_a-reallocr.o) (memmove)
C:/Users/HDo/.pico-sdk/toolchain/14_2_Rel1/bin/../lib/gcc/arm-none-eabi/14.2.1/thumb/v6-m/nofp\libg.a(libc_a-lcltime_r.o)
                              CMakeFiles/adxl382_spi.dir/C_/Users/HDo/.pico-sdk/sdk/2.1.1/src/common/pico_util/datetime.c.obj (localtime_r)
C:/Users/HDo/.pico-sdk/toolchain/14_2_Rel1/bin/../lib/gcc/arm-none-eabi/14.2.1/thumb/v6-m/nofp\libg.a(libc_a-mktime.o)
                              CMakeFiles/adxl382_spi.dir/C_/Users/HDo/.pico-sdk/sdk/2.1.1/src/common/pico_util/datetime.c.obj (mktime)
C:/Users/HDo/.pico-sdk/toolchain/14_2_Rel1/bin/../lib/gcc/arm-none-eabi/14.2.1/thumb/v6-m/nofp\libg.a(libc_a-month_lengths.o)
                              C:/Users/HDo/.pico-sdk/toolchain/14_2_Rel1/bin/../lib/gcc/arm-none-eabi/14.2.1/thumb/v6-m/nofp\libg.a(libc_a-lcltime_r.o) (__month_lengths)
C:/Users/HDo/.pico-sdk/toolchain/14_2_Rel1/bin/../lib/gcc/arm-none-eabi/14.2.1/thumb/v6-m/nofp\libg.a(libc_a-tzcalc_limits.o)
                              C:/Users/HDo/.pico-sdk/toolchain/14_2_Rel1/bin/../lib/gcc/arm-none-eabi/14.2.1/thumb/v6-m/nofp\libg.a(libc_a-lcltime_r.o) (__tzcalc_limits)
[...]
Memory Configuration

Name             Origin             Length             Attributes
FLASH            0x10000000         0x00200000         xr
RAM              0x20000000         0x00040000         xrw
SCRATCH_X        0x20040000         0x00001000         xrw
SCRATCH_Y        0x20041000         0x00001000         xrw
*default*        0x00000000         0xffffffff

Linker script and memory map

LOAD C:/Users/HDo/.pico-sdk/toolchain/14_2_Rel1/bin/../lib/gcc/arm-none-eabi/14.2.1/thumb/v6-m/nofp/crti.o
LOAD C:/Users/HDo/.pico-sdk/toolchain/14_2_Rel1/bin/../lib/gcc/arm-none-eabi/14.2.1/thumb/v6-m/nofp/crtbegin.o
LOAD C:/Users/HDo/.pico-sdk/toolchain/14_2_Rel1/bin/../lib/gcc/arm-none-eabi/14.2.1/thumb/v6-m/nofp/crt0.o

.flash_begin    0x10000000        0x0
                0x10000000                        __flash_binary_start = .

.boot2          0x10000000      0x100
                0x10000000                        __boot2_start__ = .
 *(.boot2)
 .boot2         0x10000000      0x100 pico-sdk/src/rp2040/boot_stage2/CMakeFiles/bs2_default_library.dir/./bs2_default_padded_checksummed.S.obj
                0x10000100                        __boot2_end__ = .
                0x00000001                        ASSERT (((__boot2_end__ - __boot2_start__) == 0x100), ERROR: Pico second stage bootloader must be 256 bytes in size)

.text           0x10000100     0x826c
                0x10000100                        __logical_binary_start = .
 *(.vectors)
 .vectors       0x10000100       0xd4 CMakeFiles/adxl382_spi.dir/C_/Users/HDo/.pico-sdk/sdk/2.1.1/src/rp2_common/pico_crt0/crt0.S.obj
                0x10000100                __VECTOR_TABLE
                0x10000100                __vectors
                0x100001c0                isr_invalid
                0x100001c0                __default_isrs_start
                0x100001c2                isr_nmi
                0x100001c4                isr_hardfault
                0x100001c6                isr_svcall
                0x100001c8                isr_pendsv
                0x100001ca                isr_systick
                0x100001cc                isr_irq23
                0x100001cc                isr_irq18
                0x100001cc                isr_irq11
                0x100001cc                isr_irq28
                0x100001cc                isr_irq19
                0x100001cc                isr_irq0
                0x100001cc                isr_irq6
                0x100001cc                isr_irq5
                0x100001cc                isr_irq12
                0x100001cc                isr_irq22
                0x100001cc                isr_irq31
                0x100001cc                isr_irq17
                0x100001cc                isr_irq27
                0x100001cc                isr_irq30
                0x100001cc                isr_irq2
                0x100001cc                isr_irq10
                0x100001cc                isr_irq8
                0x100001cc                isr_irq24
                0x100001cc                isr_irq1
                0x100001cc                isr_irq7
                0x100001cc                isr_irq21
                0x100001cc                isr_irq20
                0x100001cc                isr_irq15
                0x100001cc                isr_irq25
                0x100001cc                isr_irq13
                0x100001cc                __unhandled_user_irq
                0x100001cc                isr_irq4
                0x100001cc                isr_irq16
                0x100001cc                isr_irq29
                0x100001cc                isr_irq26
                0x100001cc                __default_isrs_end
                0x100001cc                isr_irq3
                0x100001cc                isr_irq14
                0x100001cc                isr_irq9
                0x100001d2                unhandled_user_irq_num_in_r0
 *(.binary_info_header)
 .binary_info_header
                0x100001d4       0x14 CMakeFiles/adxl382_spi.dir/C_/Users/HDo/.pico-sdk/sdk/2.1.1/src/rp2_common/pico_crt0/crt0.S.obj
                0x100001e8                        __binary_info_header_end = .
 *(.embedded_block)
                0x100001e8                        __embedded_block_end = .
 *(.reset)
 .reset         0x100001e8       0x9c CMakeFiles/adxl382_spi.dir/C_/Users/HDo/.pico-sdk/sdk/2.1.1/src/rp2_common/pico_crt0/crt0.S.obj
                0x100001e8                _entry_point
 *(.init)
 .init          0x10000284        0x4 C:/Users/HDo/.pico-sdk/toolchain/14_2_Rel1/bin/../lib/gcc/arm-none-eabi/14.2.1/thumb/v6-m/nofp/crti.o
                0x10000284                _init
 *(EXCLUDE_FILE(*libm.a: *libc.a:*lib_a-mem*.o *libgcc.a:) .text*)
 .text.register_tm_clones
                0x10000288       0x28 C:/Users/HDo/.pico-sdk/toolchain/14_2_Rel1/bin/../lib/gcc/arm-none-eabi/14.2.1/thumb/v6-m/nofp/crtbegin.o
 .text.frame_dummy
                0x100002b0       0x24 C:/Users/HDo/.pico-sdk/toolchain/14_2_Rel1/bin/../lib/gcc/arm-none-eabi/14.2.1/thumb/v6-m/nofp/crtbegin.o
 .text.write_register
                0x100002d4       0x58 CMakeFiles/adxl382_spi.dir/adxl382.c.obj
                0x100002d4                write_register
 .text.read_register
                0x1000032c       0x64 CMakeFiles/adxl382_spi.dir/adxl382.c.obj
                0x1000032c                read_register
 .text.adxl38x_init
                0x10000390      0x15c CMakeFiles/adxl382_spi.dir/adxl382.c.obj
                0x10000390                adxl38x_init
 .text.adxl38x_soft_reset
                0x100004ec       0xb0 CMakeFiles/adxl382_spi.dir/adxl382.c.obj
                0x100004ec                adxl38x_soft_reset
 .text.adxl38x_set_to_standby
                0x1000059c       0x9c CMakeFiles/adxl382_spi.dir/adxl382.c.obj
                0x1000059c                adxl38x_set_to_standby
 .text.adxl38x_set_range
                0x10000638       0xbc CMakeFiles/adxl382_spi.dir/adxl382.c.obj
                0x10000638                adxl38x_set_range
 .text.adxl38x_accel_set_FIFO
                0x100006f4      0x160 CMakeFiles/adxl382_spi.dir/adxl382.c.obj
                0x100006f4                adxl38x_accel_set_FIFO
 .text.adxl38x_set_op_mode
                0x10000854       0xc0 CMakeFiles/adxl382_spi.dir/adxl382.c.obj
                0x10000854                adxl38x_set_op_mode
 .text.startup.main
                0x10000914      0x488 CMakeFiles/adxl382_spi.dir/main.c.obj
                0x10000914                main
 .text.gpio_set_function
                0x10000d9c       0x34 CMakeFiles/adxl382_spi.dir/C_/Users/HDo/.pico-sdk/sdk/2.1.1/src/rp2_common/hardware_gpio/gpio.c.obj
                0x10000d9c                gpio_set_function
 .text.gpio_init
                0x10000dd0       0x40 CMakeFiles/adxl382_spi.dir/C_/Users/HDo/.pico-sdk/sdk/2.1.1/src/rp2_common/hardware_gpio/gpio.c.obj
                0x10000dd0                gpio_init
 .text.rp2040_chip_version
                0x10000e10        0xc CMakeFiles/adxl382_spi.dir/C_/Users/HDo/.pico-sdk/sdk/2.1.1/src/rp2040/pico_platform/platform.c.obj
                0x10000e10                rp2040_chip_version
 .text.panic    0x10000e1c       0x30 CMakeFiles/adxl382_spi.dir/C_/Users/HDo/.pico-sdk/sdk/2.1.1/src/rp2_common/pico_platform_panic/panic.c.obj
                0x10000e1c                panic
 .text.hw_claim_or_assert
                0x10000e4c       0x44 CMakeFiles/adxl382_spi.dir/C_/Users/HDo/.pico-sdk/sdk/2.1.1/src/common/hardware_claim/claim.c.obj
                0x10000e4c                hw_claim_or_assert
 .text.hw_claim_unused_from_range
                0x10000e90       0x88 CMakeFiles/adxl382_spi.dir/C_/Users/HDo/.pico-sdk/sdk/2.1.1/src/common/hardware_claim/claim.c.obj
                0x10000e90                hw_claim_unused_from_range
 .text.next_striped_spin_lock_num
                0x10000f18       0x18 CMakeFiles/adxl382_spi.dir/C_/Users/HDo/.pico-sdk/sdk/2.1.1/src/rp2_common/hardware_sync/sync.c.obj
                0x10000f18                next_striped_spin_lock_num
 .text.spin_lock_claim_unused
                0x10000f30       0x24 CMakeFiles/adxl382_spi.dir/C_/Users/HDo/.pico-sdk/sdk/2.1.1/src/rp2_common/hardware_sync/sync.c.obj
                0x10000f30                spin_lock_claim_unused
 .text.spin_locks_reset
                0x10000f54       0x1c CMakeFiles/adxl382_spi.dir/C_/Users/HDo/.pico-sdk/sdk/2.1.1/src/rp2_common/hardware_sync_spin_lock/sync_spin_lock.c.obj
                0x10000f54                spin_locks_reset
 .text.runtime_init_per_core_irq_priorities
                0x10000f70       0x24 CMakeFiles/adxl382_spi.dir/C_/Users/HDo/.pico-sdk/sdk/2.1.1/src/rp2_common/hardware_irq/irq.c.obj
                0x10000f70                runtime_init_per_core_irq_priorities
 .text.irq_set_enabled
                0x10000f94       0x24 CMakeFiles/adxl382_spi.dir/C_/Users/HDo/.pico-sdk/sdk/2.1.1/src/rp2_common/hardware_irq/irq.c.obj
                0x10000f94                irq_set_enabled
 .text.irq_is_enabled
                0x10000fb8       0x18 CMakeFiles/adxl382_spi.dir/C_/Users/HDo/.pico-sdk/sdk/2.1.1/src/rp2_common/hardware_irq/irq.c.obj
                0x10000fb8                irq_is_enabled
 .text.irq_set_pending
                0x10000fd0       0x10 CMakeFiles/adxl382_spi.dir/C_/Users/HDo/.pico-sdk/sdk/2.1.1/src/rp2_common/hardware_irq/irq.c.obj
                0x10000fd0                irq_set_pending
 .text.irq_has_shared_handler
                0x10000fe0       0x24 CMakeFiles/adxl382_spi.dir/C_/Users/HDo/.pico-sdk/sdk/2.1.1/src/rp2_common/hardware_irq/irq.c.obj
                0x10000fe0                irq_has_shared_handler
 .text.irq_set_exclusive_handler
                0x10001004       0x54 CMakeFiles/adxl382_spi.dir/C_/Users/HDo/.pico-sdk/sdk/2.1.1/src/rp2_common/hardware_irq/irq.c.obj
                0x10001004                irq_set_exclusive_handler
 .text.irq_add_shared_handler
                0x10001058      0x1f4 CMakeFiles/adxl382_spi.dir/C_/Users/HDo/.pico-sdk/sdk/2.1.1/src/rp2_common/hardware_irq/irq.c.obj
                0x10001058                irq_add_shared_handler
 .text.irq_add_tail_to_free_list
                0x1000124c       0xb4 CMakeFiles/adxl382_spi.dir/C_/Users/HDo/.pico-sdk/sdk/2.1.1/src/rp2_common/hardware_irq/irq.c.obj
                0x1000124c                irq_add_tail_to_free_list
 .text.user_irq_claim_unused
                0x10001300       0x2c CMakeFiles/adxl382_spi.dir/C_/Users/HDo/.pico-sdk/sdk/2.1.1/src/rp2_common/hardware_irq/irq.c.obj
                0x10001300                user_irq_claim_unused
 .text.lock_init
                0x1000132c       0x10 CMakeFiles/adxl382_spi.dir/C_/Users/HDo/.pico-sdk/sdk/2.1.1/src/common/pico_sync/lock_core.c.obj
                0x1000132c                lock_init
 .text.runtime_init_mutex
                0x1000133c       0x50 CMakeFiles/adxl382_spi.dir/C_/Users/HDo/.pico-sdk/sdk/2.1.1/src/common/pico_sync/mutex.c.obj
                0x1000133c                runtime_init_mutex
 .text.mutex_init
                0x1000138c       0x1c CMakeFiles/adxl382_spi.dir/C_/Users/HDo/.pico-sdk/sdk/2.1.1/src/common/pico_sync/mutex.c.obj
                0x1000138c                mutex_init
 .text.critical_section_init
                0x100013a8       0x1c CMakeFiles/adxl382_spi.dir/C_/Users/HDo/.pico-sdk/sdk/2.1.1/src/common/pico_sync/critical_section.c.obj
                0x100013a8                critical_section_init
 .text.critical_section_init_with_lock_num
                0x100013c4       0x14 CMakeFiles/adxl382_spi.dir/C_/Users/HDo/.pico-sdk/sdk/2.1.1/src/common/pico_sync/critical_section.c.obj
                0x100013c4                critical_section_init_with_lock_num
 .text.sleep_until_callback
                0x100013d8       0x30 CMakeFiles/adxl382_spi.dir/C_/Users/HDo/.pico-sdk/sdk/2.1.1/src/common/pico_time/time.c.obj
 .text.alarm_pool_irq_handler
                0x10001408      0x300 CMakeFiles/adxl382_spi.dir/C_/Users/HDo/.pico-sdk/sdk/2.1.1/src/common/pico_time/time.c.obj
 .text.runtime_init_default_alarm_pool
                0x10001708       0xdc CMakeFiles/adxl382_spi.dir/C_/Users/HDo/.pico-sdk/sdk/2.1.1/src/common/pico_time/time.c.obj
                0x10001708                runtime_init_default_alarm_pool
 .text.alarm_pool_get_default
                0x100017e4        0x8 CMakeFiles/adxl382_spi.dir/C_/Users/HDo/.pico-sdk/sdk/2.1.1/src/common/pico_time/time.c.obj
                0x100017e4                alarm_pool_get_default
 .text.alarm_pool_add_alarm_at
                0x100017ec       0xd0 CMakeFiles/adxl382_spi.dir/C_/Users/HDo/.pico-sdk/sdk/2.1.1/src/common/pico_time/time.c.obj
                0x100017ec                alarm_pool_add_alarm_at
 .text.alarm_pool_add_alarm_at_force_in_context
                0x100018bc       0xb0 CMakeFiles/adxl382_spi.dir/C_/Users/HDo/.pico-sdk/sdk/2.1.1/src/common/pico_time/time.c.obj
                0x100018bc                alarm_pool_add_alarm_at_force_in_context
 .text.alarm_pool_cancel_alarm
                0x1000196c       0x74 CMakeFiles/adxl382_spi.dir/C_/Users/HDo/.pico-sdk/sdk/2.1.1/src/common/pico_time/time.c.obj
                0x1000196c                alarm_pool_cancel_alarm
 .text.alarm_pool_core_num
                0x100019e0        0x4 CMakeFiles/adxl382_spi.dir/C_/Users/HDo/.pico-sdk/sdk/2.1.1/src/common/pico_time/time.c.obj
                0x100019e0                alarm_pool_core_num
 .text.sleep_us
                0x100019e4       0xec CMakeFiles/adxl382_spi.dir/C_/Users/HDo/.pico-sdk/sdk/2.1.1/src/common/pico_time/time.c.obj
                0x100019e4                sleep_us
 .text.sleep_ms
                0x10001ad0       0xfc CMakeFiles/adxl382_spi.dir/C_/Users/HDo/.pico-sdk/sdk/2.1.1/src/common/pico_time/time.c.obj
                0x10001ad0                sleep_ms
 .text.best_effort_wfe_or_timeout
                0x10001bcc      0x10c CMakeFiles/adxl382_spi.dir/C_/Users/HDo/.pico-sdk/sdk/2.1.1/src/common/pico_time/time.c.obj
                0x10001bcc                best_effort_wfe_or_timeout
 .text.timer_hardware_alarm_claim
                0x10001cd8       0x14 CMakeFiles/adxl382_spi.dir/C_/Users/HDo/.pico-sdk/sdk/2.1.1/src/rp2_common/hardware_timer/timer.c.obj
                0x10001cd8                timer_hardware_alarm_claim
 .text.timer_time_us_64
                0x10001cec       0x10 CMakeFiles/adxl382_spi.dir/C_/Users/HDo/.pico-sdk/sdk/2.1.1/src/rp2_common/hardware_timer/timer.c.obj
                0x10001cec                timer_time_us_64
 .text.time_us_64
                0x10001cfc       0x14 CMakeFiles/adxl382_spi.dir/C_/Users/HDo/.pico-sdk/sdk/2.1.1/src/rp2_common/hardware_timer/timer.c.obj
                0x10001cfc                time_us_64
 .text.busy_wait_us
                0x10001d10       0x68 CMakeFiles/adxl382_spi.dir/C_/Users/HDo/.pico-sdk/sdk/2.1.1/src/rp2_common/hardware_timer/timer.c.obj
                0x10001d10                busy_wait_us
 .text.busy_wait_until
                0x10001d78       0x20 CMakeFiles/adxl382_spi.dir/C_/Users/HDo/.pico-sdk/sdk/2.1.1/src/rp2_common/hardware_timer/timer.c.obj
                0x10001d78                busy_wait_until
 .text.clock_configure_int_divider
                0x10001d98       0xf4 CMakeFiles/adxl382_spi.dir/C_/Users/HDo/.pico-sdk/sdk/2.1.1/src/rp2_common/hardware_clocks/clocks.c.obj
                0x10001d98                clock_configure_int_divider
 .text.clock_configure_undivided
                0x10001e8c       0xe8 CMakeFiles/adxl382_spi.dir/C_/Users/HDo/.pico-sdk/sdk/2.1.1/src/rp2_common/hardware_clocks/clocks.c.obj
                0x10001e8c                clock_configure_undivided
 .text.clock_get_hz
                0x10001f74        0xc CMakeFiles/adxl382_spi.dir/C_/Users/HDo/.pico-sdk/sdk/2.1.1/src/rp2_common/hardware_clocks/clocks.c.obj
                0x10001f74                clock_get_hz
 .text.pll_init
                0x10001f80       0xa4 CMakeFiles/adxl382_spi.dir/C_/Users/HDo/.pico-sdk/sdk/2.1.1/src/rp2_common/hardware_pll/pll.c.obj
                0x10001f80                pll_init
 .text.watchdog_reboot
                0x10002024       0x9c CMakeFiles/adxl382_spi.dir/C_/Users/HDo/.pico-sdk/sdk/2.1.1/src/rp2_common/hardware_watchdog/watchdog.c.obj
                0x10002024                watchdog_reboot
 .text.tick_start
                0x100020c0       0x10 CMakeFiles/adxl382_spi.dir/C_/Users/HDo/.pico-sdk/sdk/2.1.1/src/rp2_common/hardware_ticks/ticks.c.obj
                0x100020c0                tick_start
 .text.rom_func_lookup
                0x100020d0       0x10 CMakeFiles/adxl382_spi.dir/C_/Users/HDo/.pico-sdk/sdk/2.1.1/src/rp2_common/pico_bootrom/bootrom.c.obj
                0x100020d0                rom_func_lookup
 .text.rom_data_lookup
                0x100020e0       0x10 CMakeFiles/adxl382_spi.dir/C_/Users/HDo/.pico-sdk/sdk/2.1.1/src/rp2_common/pico_bootrom/bootrom.c.obj
                0x100020e0                rom_data_lookup
 .text.rom_funcs_lookup
                0x100020f0       0x44 CMakeFiles/adxl382_spi.dir/C_/Users/HDo/.pico-sdk/sdk/2.1.1/src/rp2_common/pico_bootrom/bootrom.c.obj
                0x100020f0                rom_funcs_lookup
 .text.rom_reset_usb_boot_extra
                0x10002134       0x24 CMakeFiles/adxl382_spi.dir/C_/Users/HDo/.pico-sdk/sdk/2.1.1/src/rp2_common/pico_bootrom/bootrom.c.obj
                0x10002134                rom_reset_usb_boot_extra
 .text.xosc_init
                0x10002158       0x28 CMakeFiles/adxl382_spi.dir/C_/Users/HDo/.pico-sdk/sdk/2.1.1/src/rp2_common/hardware_xosc/xosc.c.obj
                0x10002158                xosc_init
 .text.first_per_core_initializer
                0x10002180        0x4 CMakeFiles/adxl382_spi.dir/C_/Users/HDo/.pico-sdk/sdk/2.1.1/src/rp2_common/pico_runtime/runtime.c.obj
 .text.hard_assertion_failure
                0x10002184        0xc CMakeFiles/adxl382_spi.dir/C_/Users/HDo/.pico-sdk/sdk/2.1.1/src/rp2_common/pico_runtime/runtime.c.obj
                0x10002184                hard_assertion_failure
 .text.runtime_run_initializers
                0x10002190       0x28 CMakeFiles/adxl382_spi.dir/C_/Users/HDo/.pico-sdk/sdk/2.1.1/src/rp2_common/pico_runtime/runtime.c.obj
                0x10002190                runtime_run_initializers
 .text.runtime_init_early_resets
                0x100021b8       0x2c CMakeFiles/adxl382_spi.dir/C_/Users/HDo/.pico-sdk/sdk/2.1.1/src/rp2_common/pico_runtime_init/runtime_init.c.obj
                0x100021b8                runtime_init_early_resets
 .text.runtime_init_usb_power_down
                0x100021e4       0x1c CMakeFiles/adxl382_spi.dir/C_/Users/HDo/.pico-sdk/sdk/2.1.1/src/rp2_common/pico_runtime_init/runtime_init.c.obj
                0x100021e4                runtime_init_usb_power_down
 .text.runtime_init_post_clock_resets
                0x10002200       0x20 CMakeFiles/adxl382_spi.dir/C_/Users/HDo/.pico-sdk/sdk/2.1.1/src/rp2_common/pico_runtime_init/runtime_init.c.obj
                0x10002200                runtime_init_post_clock_resets
 .text.runtime_init_rp2040_gpio_ie_disable
                0x10002220       0x14 CMakeFiles/adxl382_spi.dir/C_/Users/HDo/.pico-sdk/sdk/2.1.1/src/rp2_common/pico_runtime_init/runtime_init.c.obj
                0x10002220                runtime_init_rp2040_gpio_ie_disable
 .text.runtime_init_spin_locks_reset
                0x10002234        0x8 CMakeFiles/adxl382_spi.dir/C_/Users/HDo/.pico-sdk/sdk/2.1.1/src/rp2_common/pico_runtime_init/runtime_init.c.obj
                0x10002234                runtime_init_spin_locks_reset
 .text.runtime_init_install_ram_vector_table
                0x1000223c       0x1c CMakeFiles/adxl382_spi.dir/C_/Users/HDo/.pico-sdk/sdk/2.1.1/src/rp2_common/pico_runtime_init/runtime_init.c.obj
                0x1000223c                runtime_init_install_ram_vector_table
 .text.runtime_init_clocks
                0x10002258       0xd8 CMakeFiles/adxl382_spi.dir/C_/Users/HDo/.pico-sdk/sdk/2.1.1/src/rp2_common/pico_runtime_init/runtime_init_clocks.c.obj
                0x10002258                runtime_init_clocks
 .text          0x10002330       0x10 CMakeFiles/adxl382_spi.dir/C_/Users/HDo/.pico-sdk/sdk/2.1.1/src/rp2_common/pico_bit_ops/bit_ops_aeabi.S.obj
 .text.__wrap___aeabi_idiv
                0x10002340       0x50 CMakeFiles/adxl382_spi.dir/C_/Users/HDo/.pico-sdk/sdk/2.1.1/src/rp2_common/pico_divider/divider_hardware.S.obj
                0x10002340                __wrap___aeabi_idivmod
                0x10002340                divmod_s32s32
                0x10002340                div_s32s32
                0x10002340                __wrap___aeabi_idiv
                0x10002348                divmod_s32s32_unsafe
                0x10002374                divmod_s32s32_savestate
 .text.__wrap___aeabi_uidiv
                0x10002390       0x4c CMakeFiles/adxl382_spi.dir/C_/Users/HDo/.pico-sdk/sdk/2.1.1/src/rp2_common/pico_divider/divider_hardware.S.obj
                0x10002390                __wrap___aeabi_uidiv
                0x10002390                __wrap___aeabi_uidivmod
                0x10002390                div_u32u32
                0x10002390                divmod_u32u32
                0x10002398                divmod_u32u32_unsafe
                0x100023c0                divmod_u32u32_savestate
 .text.__wrap___aeabi_ldiv
                0x100023dc      0x424 CMakeFiles/adxl382_spi.dir/C_/Users/HDo/.pico-sdk/sdk/2.1.1/src/rp2_common/pico_divider/divider_hardware.S.obj
                0x100023dc                div_s64s64
                0x100023dc                divmod_s64s64
                0x100023dc                __wrap___aeabi_ldivmod
                0x1000240c                divmod_u64u64
                0x1000240c                div_u64u64
                0x1000240c                __wrap___aeabi_uldivmod
                0x1000241c                divmod_u64u64_savestate
                0x1000243c                divmod_s64s64_unsafe
                0x100024c4                divmod_u64u64_unsafe
 .text.__wrap___aeabi_darithmetic
                0x10002800       0x80 CMakeFiles/adxl382_spi.dir/C_/Users/HDo/.pico-sdk/sdk/2.1.1/src/rp2_common/pico_double/double_aeabi_rp2040.S.obj
                0x10002800                __wrap___aeabi_drsub
                0x10002806                __wrap___aeabi_dsub
                0x10002818                __wrap___aeabi_dadd
                0x1000282a                __wrap___aeabi_ddiv
                0x10002866                __wrap___aeabi_dmul
 .text.__wrap___aeabi_cdcmple
                0x10002880       0x6c CMakeFiles/adxl382_spi.dir/C_/Users/HDo/.pico-sdk/sdk/2.1.1/src/rp2_common/pico_double/double_aeabi_rp2040.S.obj
                0x10002880                __wrap___aeabi_cdrcmple
                0x10002890                __wrap___aeabi_cdcmpeq
                0x10002890                __wrap___aeabi_cdcmple
 .text.__wrap___aeabi_dcmplt
                0x100028ec        0xc CMakeFiles/adxl382_spi.dir/C_/Users/HDo/.pico-sdk/sdk/2.1.1/src/rp2_common/pico_double/double_aeabi_rp2040.S.obj
                0x100028ec                __wrap___aeabi_dcmplt
 .text.__wrap___aeabi_dcmple
                0x100028f8       0x10 CMakeFiles/adxl382_spi.dir/C_/Users/HDo/.pico-sdk/sdk/2.1.1/src/rp2_common/pico_double/double_aeabi_rp2040.S.obj
                0x100028f8                __wrap___aeabi_dcmple
 .text.__wrap___aeabi_dcmpge
                0x10002908       0x10 CMakeFiles/adxl382_spi.dir/C_/Users/HDo/.pico-sdk/sdk/2.1.1/src/rp2_common/pico_double/double_aeabi_rp2040.S.obj
                0x10002908                __wrap___aeabi_dcmpge
 .text.__wrap___aeabi_dcmpgt
                0x10002918        0xa CMakeFiles/adxl382_spi.dir/C_/Users/HDo/.pico-sdk/sdk/2.1.1/src/rp2_common/pico_double/double_aeabi_rp2040.S.obj
                0x10002918                __wrap___aeabi_dcmpgt
 .text.__wrap___aeabi_dcmpun
                0x10002922       0x18 CMakeFiles/adxl382_spi.dir/C_/Users/HDo/.pico-sdk/sdk/2.1.1/src/rp2_common/pico_double/double_aeabi_rp2040.S.obj
                0x10002922                __wrap___aeabi_dcmpun
 *fill*         0x1000293a        0x2 
 .text.__wrap___aeabi_i2d
                0x1000293c       0x38 CMakeFiles/adxl382_spi.dir/C_/Users/HDo/.pico-sdk/sdk/2.1.1/src/rp2_common/pico_double/double_aeabi_rp2040.S.obj
                0x1000293c                uint2double
                0x1000293c                __wrap___aeabi_ui2d
                0x10002944                int2double
                0x10002944                __wrap___aeabi_i2d
 .text.__wrap___aeabi_d2iz
                0x10002974       0x48 CMakeFiles/adxl382_spi.dir/C_/Users/HDo/.pico-sdk/sdk/2.1.1/src/rp2_common/pico_double/double_aeabi_rp2040.S.obj
                0x10002974                double2int_z
                0x10002974                __wrap___aeabi_d2iz
 .text.__wrap___aeabi_d2uiz
                0x100029bc       0x18 CMakeFiles/adxl382_spi.dir/C_/Users/HDo/.pico-sdk/sdk/2.1.1/src/rp2_common/pico_double/double_aeabi_rp2040.S.obj
                0x100029bc                double2uint
                0x100029bc                __wrap___aeabi_d2uiz
                0x100029bc                double2uint_z
 .text.__aeabi_double_init
                0x100029d4       0xa4 CMakeFiles/adxl382_spi.dir/C_/Users/HDo/.pico-sdk/sdk/2.1.1/src/rp2_common/pico_double/double_init_rom_rp2040.c.obj
                0x100029d4                __aeabi_double_init
 .text.double_table_shim_on_use_helper
                0x10002a78       0x2c CMakeFiles/adxl382_spi.dir/C_/Users/HDo/.pico-sdk/sdk/2.1.1/src/rp2_common/pico_double/double_v1_rom_shim_rp2040.S.obj
                0x10002a78                double_table_shim_on_use_helper
 .text.__wrap___aeabi_dsub
                0x10002aa4       0x10 CMakeFiles/adxl382_spi.dir/C_/Users/HDo/.pico-sdk/sdk/2.1.1/src/rp2_common/pico_double/double_v1_rom_shim_rp2040.S.obj
                0x10002aa4                drsub_shim
                0x10002aaa                dsub_shim
 .text.dadd_shim
                0x10002ab4      0x15c CMakeFiles/adxl382_spi.dir/C_/Users/HDo/.pico-sdk/sdk/2.1.1/src/rp2_common/pico_double/double_v1_rom_shim_rp2040.S.obj
                0x10002ab4                dadd_shim
 .text.dmul_shim
                0x10002c10      0x15c CMakeFiles/adxl382_spi.dir/C_/Users/HDo/.pico-sdk/sdk/2.1.1/src/rp2_common/pico_double/double_v1_rom_shim_rp2040.S.obj
                0x10002c10                dmul_shim
 .text.ddiv_shim
                0x10002d6c      0x1b0 CMakeFiles/adxl382_spi.dir/C_/Users/HDo/.pico-sdk/sdk/2.1.1/src/rp2_common/pico_double/double_v1_rom_shim_rp2040.S.obj
                0x10002d6c                ddiv_shim
 .text.double2uint_shim
                0x10002f1c        0xe CMakeFiles/adxl382_spi.dir/C_/Users/HDo/.pico-sdk/sdk/2.1.1/src/rp2_common/pico_double/double_v1_rom_shim_rp2040.S.obj
                0x10002f1c                double2uint_shim
                0x10002f1e                double2ufix_shim
 *fill*         0x10002f2a        0x2 
 .text.double2uint64_shim
                0x10002f2c       0x70 CMakeFiles/adxl382_spi.dir/C_/Users/HDo/.pico-sdk/sdk/2.1.1/src/rp2_common/pico_double/double_v1_rom_shim_rp2040.S.obj
                0x10002f2c                double2uint64_shim
                0x10002f2e                double2ufix64_shim
                0x10002f4e                d2fix_a
 .text.dunpacks
                0x10002f9c       0x3c CMakeFiles/adxl382_spi.dir/C_/Users/HDo/.pico-sdk/sdk/2.1.1/src/rp2_common/pico_double/double_v1_rom_shim_rp2040.S.obj
                0x10002f9c                dunpacks
 .text.__aeabi_lmul
                0x10002fd8       0x32 CMakeFiles/adxl382_spi.dir/C_/Users/HDo/.pico-sdk/sdk/2.1.1/src/rp2_common/pico_int64_ops/pico_int64_ops_aeabi.S.obj
                0x10002fd8                __wrap___aeabi_lmul
 *fill*         0x1000300a        0x2 
 .text.__aeabi_float_init
                0x1000300c       0x64 CMakeFiles/adxl382_spi.dir/C_/Users/HDo/.pico-sdk/sdk/2.1.1/src/rp2_common/pico_float/float_init_rom_rp2040.c.obj
                0x1000300c                __aeabi_float_init
 .text.float_table_shim_on_use_helper
                0x10003070       0x2c CMakeFiles/adxl382_spi.dir/C_/Users/HDo/.pico-sdk/sdk/2.1.1/src/rp2_common/pico_float/float_v1_rom_shim_rp2040.S.obj
                0x10003070                float_table_shim_on_use_helper
 .text          0x1000309c       0x10 CMakeFiles/adxl382_spi.dir/C_/Users/HDo/.pico-sdk/sdk/2.1.1/src/rp2_common/pico_mem_ops/mem_ops_aeabi.S.obj
                0x1000309c                __aeabi_mem_init
 .text.memset   0x100030ac        0xc CMakeFiles/adxl382_spi.dir/C_/Users/HDo/.pico-sdk/sdk/2.1.1/src/rp2_common/pico_mem_ops/mem_ops_aeabi.S.obj
                0x100030ac                __wrap_memset
 .text.memcpy   0x100030b8        0xc CMakeFiles/adxl382_spi.dir/C_/Users/HDo/.pico-sdk/sdk/2.1.1/src/rp2_common/pico_mem_ops/mem_ops_aeabi.S.obj
                0x100030b8                __wrap_memcpy
                0x100030b8                __wrap___aeabi_memcpy
 .text._out_null
                0x100030c4        0x4 CMakeFiles/adxl382_spi.dir/C_/Users/HDo/.pico-sdk/sdk/2.1.1/src/rp2_common/pico_printf/printf.c.obj
 .text._out_rev
                0x100030c8       0xac CMakeFiles/adxl382_spi.dir/C_/Users/HDo/.pico-sdk/sdk/2.1.1/src/rp2_common/pico_printf/printf.c.obj
 .text._ntoa_format
                0x10003174      0x1cc CMakeFiles/adxl382_spi.dir/C_/Users/HDo/.pico-sdk/sdk/2.1.1/src/rp2_common/pico_printf/printf.c.obj
 .text._out_char
                0x10003340       0x10 CMakeFiles/adxl382_spi.dir/C_/Users/HDo/.pico-sdk/sdk/2.1.1/src/rp2_common/pico_printf/printf.c.obj
 .text._out_fct
                0x10003350       0x10 CMakeFiles/adxl382_spi.dir/C_/Users/HDo/.pico-sdk/sdk/2.1.1/src/rp2_common/pico_printf/printf.c.obj
 .text._ftoa    0x10003360      0x4a8 CMakeFiles/adxl382_spi.dir/C_/Users/HDo/.pico-sdk/sdk/2.1.1/src/rp2_common/pico_printf/printf.c.obj
 .text._etoa    0x10003808      0x57c CMakeFiles/adxl382_spi.dir/C_/Users/HDo/.pico-sdk/sdk/2.1.1/src/rp2_common/pico_printf/printf.c.obj
 .text._vsnprintf
                0x10003d84      0xbe0 CMakeFiles/adxl382_spi.dir/C_/Users/HDo/.pico-sdk/sdk/2.1.1/src/rp2_common/pico_printf/printf.c.obj
 .text.vfctprintf
                0x10004964       0x24 CMakeFiles/adxl382_spi.dir/C_/Users/HDo/.pico-sdk/sdk/2.1.1/src/rp2_common/pico_printf/printf.c.obj
                0x10004964                vfctprintf
 .text.weak_raw_vprintf
                0x10004988       0x30 CMakeFiles/adxl382_spi.dir/C_/Users/HDo/.pico-sdk/sdk/2.1.1/src/rp2_common/pico_printf/printf.c.obj
                0x10004988                weak_raw_vprintf
 .text._exit    0x100049b8        0x4 CMakeFiles/adxl382_spi.dir/C_/Users/HDo/.pico-sdk/sdk/2.1.1/src/rp2_common/pico_clib_interface/newlib_interface.c.obj
                0x100049b8                _exit
 .text._sbrk    0x100049bc       0x34 CMakeFiles/adxl382_spi.dir/C_/Users/HDo/.pico-sdk/sdk/2.1.1/src/rp2_common/pico_clib_interface/newlib_interface.c.obj
                0x100049bc                _sbrk
 .text._read    0x100049f0       0x24 CMakeFiles/adxl382_spi.dir/C_/Users/HDo/.pico-sdk/sdk/2.1.1/src/rp2_common/pico_clib_interface/newlib_interface.c.obj
                0x100049f0                _read
 .text._write   0x10004a14       0x24 CMakeFiles/adxl382_spi.dir/C_/Users/HDo/.pico-sdk/sdk/2.1.1/src/rp2_common/pico_clib_interface/newlib_interface.c.obj
                0x10004a14                _write
 .text._close   0x10004a38        0x8 CMakeFiles/adxl382_spi.dir/C_/Users/HDo/.pico-sdk/sdk/2.1.1/src/rp2_common/pico_clib_interface/newlib_interface.c.obj
                0x10004a38                _close
 .text._lseek   0x10004a40        0x8 CMakeFiles/adxl382_spi.dir/C_/Users/HDo/.pico-sdk/sdk/2.1.1/src/rp2_common/pico_clib_interface/newlib_interface.c.obj
                0x10004a40                _lseek
 .text.exit     0x10004a48        0x8 CMakeFiles/adxl382_spi.dir/C_/Users/HDo/.pico-sdk/sdk/2.1.1/src/rp2_common/pico_clib_interface/newlib_interface.c.obj
                0x10004a48                exit
 .text.runtime_init
                0x10004a50       0x2c CMakeFiles/adxl382_spi.dir/C_/Users/HDo/.pico-sdk/sdk/2.1.1/src/rp2_common/pico_clib_interface/newlib_interface.c.obj
                0x10004a50                runtime_init
 .text.stdio_out_chars_no_crlf
                0x10004a7c       0x10 CMakeFiles/adxl382_spi.dir/C_/Users/HDo/.pico-sdk/sdk/2.1.1/src/rp2_common/pico_stdio/stdio.c.obj
 .text.stdio_out_chars_crlf
                0x10004a8c       0xb0 CMakeFiles/adxl382_spi.dir/C_/Users/HDo/.pico-sdk/sdk/2.1.1/src/rp2_common/pico_stdio/stdio.c.obj
 .text.stdio_buffered_printer
                0x10004b3c       0x64 CMakeFiles/adxl382_spi.dir/C_/Users/HDo/.pico-sdk/sdk/2.1.1/src/rp2_common/pico_stdio/stdio.c.obj
 .text.stdio_put_string
                0x10004ba0       0xfc CMakeFiles/adxl382_spi.dir/C_/Users/HDo/.pico-sdk/sdk/2.1.1/src/rp2_common/pico_stdio/stdio.c.obj
                0x10004ba0                stdio_put_string
 .text.stdio_get_until
                0x10004c9c       0x84 CMakeFiles/adxl382_spi.dir/C_/Users/HDo/.pico-sdk/sdk/2.1.1/src/rp2_common/pico_stdio/stdio.c.obj
                0x10004c9c                stdio_get_until
 .text.stdio_set_driver_enabled
                0x10004d20       0x30 CMakeFiles/adxl382_spi.dir/C_/Users/HDo/.pico-sdk/sdk/2.1.1/src/rp2_common/pico_stdio/stdio.c.obj
                0x10004d20                stdio_set_driver_enabled
 .text.stdio_init_all
                0x10004d50        0x8 CMakeFiles/adxl382_spi.dir/C_/Users/HDo/.pico-sdk/sdk/2.1.1/src/rp2_common/pico_stdio/stdio.c.obj
                0x10004d50                stdio_init_all
 .text.stdio_getchar_timeout_us
                0x10004d58       0x98 CMakeFiles/adxl382_spi.dir/C_/Users/HDo/.pico-sdk/sdk/2.1.1/src/rp2_common/pico_stdio/stdio.c.obj
                0x10004d58                stdio_getchar_timeout_us
 .text.__wrap_putchar
                0x10004df0       0x94 CMakeFiles/adxl382_spi.dir/C_/Users/HDo/.pico-sdk/sdk/2.1.1/src/rp2_common/pico_stdio/stdio.c.obj
                0x10004df0                __wrap_putchar
                0x10004df0                stdio_putchar
 .text.__wrap_puts
                0x10004e84       0x3c CMakeFiles/adxl382_spi.dir/C_/Users/HDo/.pico-sdk/sdk/2.1.1/src/rp2_common/pico_stdio/stdio.c.obj
                0x10004e84                stdio_puts
                0x10004e84                __wrap_puts
 .text.__wrap_vprintf
                0x10004ec0       0xcc CMakeFiles/adxl382_spi.dir/C_/Users/HDo/.pico-sdk/sdk/2.1.1/src/rp2_common/pico_stdio/stdio.c.obj
                0x10004ec0                stdio_vprintf
                0x10004ec0                __wrap_vprintf
 .text.__wrap_printf
                0x10004f8c       0x18 CMakeFiles/adxl382_spi.dir/C_/Users/HDo/.pico-sdk/sdk/2.1.1/src/rp2_common/pico_stdio/stdio.c.obj
                0x10004f8c                __wrap_printf
                0x10004f8c                stdio_printf
 .text.resetd_init
                0x10004fa4        0x4 CMakeFiles/adxl382_spi.dir/C_/Users/HDo/.pico-sdk/sdk/2.1.1/src/rp2_common/pico_stdio_usb/reset_interface.c.obj
 .text.resetd_reset
                0x10004fa8        0xc CMakeFiles/adxl382_spi.dir/C_/Users/HDo/.pico-sdk/sdk/2.1.1/src/rp2_common/pico_stdio_usb/reset_interface.c.obj
 .text.resetd_open
                0x10004fb4       0x28 CMakeFiles/adxl382_spi.dir/C_/Users/HDo/.pico-sdk/sdk/2.1.1/src/rp2_common/pico_stdio_usb/reset_interface.c.obj
 .text.resetd_xfer_cb
                0x10004fdc        0x4 CMakeFiles/adxl382_spi.dir/C_/Users/HDo/.pico-sdk/sdk/2.1.1/src/rp2_common/pico_stdio_usb/reset_interface.c.obj
 .text.resetd_control_xfer_cb
                0x10004fe0       0x54 CMakeFiles/adxl382_spi.dir/C_/Users/HDo/.pico-sdk/sdk/2.1.1/src/rp2_common/pico_stdio_usb/reset_interface.c.obj
 .text.tud_descriptor_bos_cb
                0x10005034        0x8 CMakeFiles/adxl382_spi.dir/C_/Users/HDo/.pico-sdk/sdk/2.1.1/src/rp2_common/pico_stdio_usb/reset_interface.c.obj
                0x10005034                tud_descriptor_bos_cb
 .text.tud_vendor_control_xfer_cb
                0x1000503c       0x34 CMakeFiles/adxl382_spi.dir/C_/Users/HDo/.pico-sdk/sdk/2.1.1/src/rp2_common/pico_stdio_usb/reset_interface.c.obj
                0x1000503c                tud_vendor_control_xfer_cb
 .text.usbd_app_driver_get_cb
                0x10005070        0xc CMakeFiles/adxl382_spi.dir/C_/Users/HDo/.pico-sdk/sdk/2.1.1/src/rp2_common/pico_stdio_usb/reset_interface.c.obj
                0x10005070                usbd_app_driver_get_cb
 .text.tud_cdc_line_coding_cb
                0x1000507c       0x2c CMakeFiles/adxl382_spi.dir/C_/Users/HDo/.pico-sdk/sdk/2.1.1/src/rp2_common/pico_stdio_usb/reset_interface.c.obj
                0x1000507c                tud_cdc_line_coding_cb
 .text.stdio_usb_set_chars_available_callback
                0x100050a8       0x14 CMakeFiles/adxl382_spi.dir/C_/Users/HDo/.pico-sdk/sdk/2.1.1/src/rp2_common/pico_stdio_usb/stdio_usb.c.obj
                0x100050a8                stdio_usb_set_chars_available_callback
 .text.usb_irq  0x100050bc       0x10 CMakeFiles/adxl382_spi.dir/C_/Users/HDo/.pico-sdk/sdk/2.1.1/src/rp2_common/pico_stdio_usb/stdio_usb.c.obj
 .text.timer_task
                0x100050cc       0x64 CMakeFiles/adxl382_spi.dir/C_/Users/HDo/.pico-sdk/sdk/2.1.1/src/rp2_common/pico_stdio_usb/stdio_usb.c.obj
 .text.stdio_usb_in_chars
                0x10005130       0x8c CMakeFiles/adxl382_spi.dir/C_/Users/HDo/.pico-sdk/sdk/2.1.1/src/rp2_common/pico_stdio_usb/stdio_usb.c.obj
                0x10005130                stdio_usb_in_chars
 .text.stdio_usb_out_flush
                0x100051bc       0x4c CMakeFiles/adxl382_spi.dir/C_/Users/HDo/.pico-sdk/sdk/2.1.1/src/rp2_common/pico_stdio_usb/stdio_usb.c.obj
 .text.stdio_usb_out_chars
                0x10005208      0x100 CMakeFiles/adxl382_spi.dir/C_/Users/HDo/.pico-sdk/sdk/2.1.1/src/rp2_common/pico_stdio_usb/stdio_usb.c.obj
 .text.low_priority_worker_irq
                0x10005308       0xc8 CMakeFiles/adxl382_spi.dir/C_/Users/HDo/.pico-sdk/sdk/2.1.1/src/rp2_common/pico_stdio_usb/stdio_usb.c.obj
 .text.stdio_usb_init
                0x100053d0       0xe8 CMakeFiles/adxl382_spi.dir/C_/Users/HDo/.pico-sdk/sdk/2.1.1/src/rp2_common/pico_stdio_usb/stdio_usb.c.obj
                0x100053d0                stdio_usb_init
 .text.stdio_usb_connected
                0x100054b8        0xc CMakeFiles/adxl382_spi.dir/C_/Users/HDo/.pico-sdk/sdk/2.1.1/src/rp2_common/pico_stdio_usb/stdio_usb.c.obj
                0x100054b8                stdio_usb_connected
 .text.tud_descriptor_device_cb
                0x100054c4        0x8 CMakeFiles/adxl382_spi.dir/C_/Users/HDo/.pico-sdk/sdk/2.1.1/src/rp2_common/pico_stdio_usb/stdio_usb_descriptors.c.obj
                0x100054c4                tud_descriptor_device_cb
 .text.tud_descriptor_configuration_cb
                0x100054cc        0x8 CMakeFiles/adxl382_spi.dir/C_/Users/HDo/.pico-sdk/sdk/2.1.1/src/rp2_common/pico_stdio_usb/stdio_usb_descriptors.c.obj
                0x100054cc                tud_descriptor_configuration_cb
 .text.tud_descriptor_string_cb
                0x100054d4       0x78 CMakeFiles/adxl382_spi.dir/C_/Users/HDo/.pico-sdk/sdk/2.1.1/src/rp2_common/pico_stdio_usb/stdio_usb_descriptors.c.obj
                0x100054d4                tud_descriptor_string_cb
 .text.startup._retrieve_unique_id_on_boot
                0x1000554c       0x10 CMakeFiles/adxl382_spi.dir/C_/Users/HDo/.pico-sdk/sdk/2.1.1/src/rp2_common/pico_unique_id/unique_id.c.obj
 .text.pico_get_unique_board_id_string
                0x1000555c      0x1a8 CMakeFiles/adxl382_spi.dir/C_/Users/HDo/.pico-sdk/sdk/2.1.1/src/rp2_common/pico_unique_id/unique_id.c.obj
                0x1000555c                pico_get_unique_board_id_string
 .text.flash_get_unique_id
                0x10005704       0x3c CMakeFiles/adxl382_spi.dir/C_/Users/HDo/.pico-sdk/sdk/2.1.1/src/rp2_common/hardware_flash/flash.c.obj
                0x10005704                flash_get_unique_id
 .text.dcd_init
                0x10005740       0x90 CMakeFiles/adxl382_spi.dir/C_/Users/HDo/.pico-sdk/sdk/2.1.1/lib/tinyusb/src/portable/raspberrypi/rp2040/dcd_rp2040.c.obj
                0x10005740                dcd_init
 .text.dcd_int_enable
                0x100057d0        0xc CMakeFiles/adxl382_spi.dir/C_/Users/HDo/.pico-sdk/sdk/2.1.1/lib/tinyusb/src/portable/raspberrypi/rp2040/dcd_rp2040.c.obj
                0x100057d0                dcd_int_enable
 .text.dcd_set_address
                0x100057dc       0x14 CMakeFiles/adxl382_spi.dir/C_/Users/HDo/.pico-sdk/sdk/2.1.1/lib/tinyusb/src/portable/raspberrypi/rp2040/dcd_rp2040.c.obj
                0x100057dc                dcd_set_address
 .text.dcd_sof_enable
                0x100057f0       0x1c CMakeFiles/adxl382_spi.dir/C_/Users/HDo/.pico-sdk/sdk/2.1.1/lib/tinyusb/src/portable/raspberrypi/rp2040/dcd_rp2040.c.obj
                0x100057f0                dcd_sof_enable
 .text.dcd_edpt0_status_complete
                0x1000580c       0x1c CMakeFiles/adxl382_spi.dir/C_/Users/HDo/.pico-sdk/sdk/2.1.1/lib/tinyusb/src/portable/raspberrypi/rp2040/dcd_rp2040.c.obj
                0x1000580c                dcd_edpt0_status_complete
 .text.dcd_edpt_open
                0x10005828      0x114 CMakeFiles/adxl382_spi.dir/C_/Users/HDo/.pico-sdk/sdk/2.1.1/lib/tinyusb/src/portable/raspberrypi/rp2040/dcd_rp2040.c.obj
                0x10005828                dcd_edpt_open
 .text.dcd_edpt_close_all
                0x1000593c        0x8 CMakeFiles/adxl382_spi.dir/C_/Users/HDo/.pico-sdk/sdk/2.1.1/lib/tinyusb/src/portable/raspberrypi/rp2040/dcd_rp2040.c.obj
                0x1000593c                dcd_edpt_close_all
 .text.dcd_edpt_xfer
                0x10005944       0x24 CMakeFiles/adxl382_spi.dir/C_/Users/HDo/.pico-sdk/sdk/2.1.1/lib/tinyusb/src/portable/raspberrypi/rp2040/dcd_rp2040.c.obj
                0x10005944                dcd_edpt_xfer
 .text.dcd_edpt_stall
                0x10005968       0x3c CMakeFiles/adxl382_spi.dir/C_/Users/HDo/.pico-sdk/sdk/2.1.1/lib/tinyusb/src/portable/raspberrypi/rp2040/dcd_rp2040.c.obj
                0x10005968                dcd_edpt_stall
 .text.dcd_edpt_clear_stall
                0x100059a4       0x30 CMakeFiles/adxl382_spi.dir/C_/Users/HDo/.pico-sdk/sdk/2.1.1/lib/tinyusb/src/portable/raspberrypi/rp2040/dcd_rp2040.c.obj
                0x100059a4                dcd_edpt_clear_stall
 .text.rp2040_usb_init
                0x100059d4       0x40 CMakeFiles/adxl382_spi.dir/C_/Users/HDo/.pico-sdk/sdk/2.1.1/lib/tinyusb/src/portable/raspberrypi/rp2040/rp2040_usb.c.obj
                0x100059d4                rp2040_usb_init
 .text.hw_endpoint_xfer_start
                0x10005a14       0x40 CMakeFiles/adxl382_spi.dir/C_/Users/HDo/.pico-sdk/sdk/2.1.1/lib/tinyusb/src/portable/raspberrypi/rp2040/rp2040_usb.c.obj
                0x10005a14                hw_endpoint_xfer_start
 .text.tud_event_hook_cb
                0x10005a54        0x4 CMakeFiles/adxl382_spi.dir/C_/Users/HDo/.pico-sdk/sdk/2.1.1/lib/tinyusb/src/device/usbd.c.obj
                0x10005a54                tud_event_hook_cb
 .text.tud_sof_cb
                0x10005a58        0x4 CMakeFiles/adxl382_spi.dir/C_/Users/HDo/.pico-sdk/sdk/2.1.1/lib/tinyusb/src/device/usbd.c.obj
                0x10005a58                tud_sof_cb
 .text.tud_descriptor_device_qualifier_cb
                0x10005a5c        0x4 CMakeFiles/adxl382_spi.dir/C_/Users/HDo/.pico-sdk/sdk/2.1.1/lib/tinyusb/src/device/usbd.c.obj
                0x10005a5c                tud_descriptor_device_qualifier_cb
 .text.tud_descriptor_other_speed_configuration_cb
                0x10005a60        0x4 CMakeFiles/adxl382_spi.dir/C_/Users/HDo/.pico-sdk/sdk/2.1.1/lib/tinyusb/src/device/usbd.c.obj
                0x10005a60                tud_descriptor_other_speed_configuration_cb
 .text.tud_mount_cb
                0x10005a64        0x4 CMakeFiles/adxl382_spi.dir/C_/Users/HDo/.pico-sdk/sdk/2.1.1/lib/tinyusb/src/device/usbd.c.obj
                0x10005a64                tud_mount_cb
 .text.tud_umount_cb
                0x10005a68        0x4 CMakeFiles/adxl382_spi.dir/C_/Users/HDo/.pico-sdk/sdk/2.1.1/lib/tinyusb/src/device/usbd.c.obj
                0x10005a68                tud_umount_cb
 .text.tud_suspend_cb
                0x10005a6c        0x4 CMakeFiles/adxl382_spi.dir/C_/Users/HDo/.pico-sdk/sdk/2.1.1/lib/tinyusb/src/device/usbd.c.obj
                0x10005a6c                tud_suspend_cb
 .text.tud_resume_cb
                0x10005a70        0x4 CMakeFiles/adxl382_spi.dir/C_/Users/HDo/.pico-sdk/sdk/2.1.1/lib/tinyusb/src/device/usbd.c.obj
                0x10005a70                tud_resume_cb
 .text.tud_mounted
                0x10005a74       0x10 CMakeFiles/adxl382_spi.dir/C_/Users/HDo/.pico-sdk/sdk/2.1.1/lib/tinyusb/src/device/usbd.c.obj
                0x10005a74                tud_mounted
 .text.tud_suspended
                0x10005a84       0x10 CMakeFiles/adxl382_spi.dir/C_/Users/HDo/.pico-sdk/sdk/2.1.1/lib/tinyusb/src/device/usbd.c.obj
                0x10005a84                tud_suspended
 .text.tud_rhport_init
                0x10005a94       0xf4 CMakeFiles/adxl382_spi.dir/C_/Users/HDo/.pico-sdk/sdk/2.1.1/lib/tinyusb/src/device/usbd.c.obj
                0x10005a94                tud_rhport_init
 .text.tud_task_ext
                0x10005b88      0x800 CMakeFiles/adxl382_spi.dir/C_/Users/HDo/.pico-sdk/sdk/2.1.1/lib/tinyusb/src/device/usbd.c.obj
                0x10005b88                tud_task_ext
 .text.usbd_open_edpt_pair
                0x10006388       0x9c CMakeFiles/adxl382_spi.dir/C_/Users/HDo/.pico-sdk/sdk/2.1.1/lib/tinyusb/src/device/usbd.c.obj
                0x10006388                usbd_open_edpt_pair
 .text.usbd_edpt_open
                0x10006424       0x34 CMakeFiles/adxl382_spi.dir/C_/Users/HDo/.pico-sdk/sdk/2.1.1/lib/tinyusb/src/device/usbd.c.obj
                0x10006424                usbd_edpt_open
 .text.usbd_edpt_claim
                0x10006458       0x28 CMakeFiles/adxl382_spi.dir/C_/Users/HDo/.pico-sdk/sdk/2.1.1/lib/tinyusb/src/device/usbd.c.obj
                0x10006458                usbd_edpt_claim
 .text.usbd_edpt_release
                0x10006480       0x28 CMakeFiles/adxl382_spi.dir/C_/Users/HDo/.pico-sdk/sdk/2.1.1/lib/tinyusb/src/device/usbd.c.obj
                0x10006480                usbd_edpt_release
 .text.usbd_edpt_xfer
                0x100064a8       0x4c CMakeFiles/adxl382_spi.dir/C_/Users/HDo/.pico-sdk/sdk/2.1.1/lib/tinyusb/src/device/usbd.c.obj
                0x100064a8                usbd_edpt_xfer
 .text.tud_control_status
                0x100064f4       0x2c CMakeFiles/adxl382_spi.dir/C_/Users/HDo/.pico-sdk/sdk/2.1.1/lib/tinyusb/src/device/usbd_control.c.obj
                0x100064f4                tud_control_status
 .text.tud_control_xfer
                0x10006520       0xa8 CMakeFiles/adxl382_spi.dir/C_/Users/HDo/.pico-sdk/sdk/2.1.1/lib/tinyusb/src/device/usbd_control.c.obj
                0x10006520                tud_control_xfer
 .text.usbd_control_reset
                0x100065c8       0x14 CMakeFiles/adxl382_spi.dir/C_/Users/HDo/.pico-sdk/sdk/2.1.1/lib/tinyusb/src/device/usbd_control.c.obj
                0x100065c8                usbd_control_reset
 .text.usbd_control_set_complete_callback
                0x100065dc        0xc CMakeFiles/adxl382_spi.dir/C_/Users/HDo/.pico-sdk/sdk/2.1.1/lib/tinyusb/src/device/usbd_control.c.obj
                0x100065dc                usbd_control_set_complete_callback
 .text.usbd_control_set_request
                0x100065e8       0x1c CMakeFiles/adxl382_spi.dir/C_/Users/HDo/.pico-sdk/sdk/2.1.1/lib/tinyusb/src/device/usbd_control.c.obj
                0x100065e8                usbd_control_set_request
 .text.usbd_control_xfer_cb
                0x10006604       0xec CMakeFiles/adxl382_spi.dir/C_/Users/HDo/.pico-sdk/sdk/2.1.1/lib/tinyusb/src/device/usbd_control.c.obj
                0x10006604                usbd_control_xfer_cb
 .text._prep_out_transaction.isra.0
                0x100066f0       0x6c CMakeFiles/adxl382_spi.dir/C_/Users/HDo/.pico-sdk/sdk/2.1.1/lib/tinyusb/src/class/cdc/cdc_device.c.obj
 .text.tud_cdc_n_connected
                0x1000675c       0x2c CMakeFiles/adxl382_spi.dir/C_/Users/HDo/.pico-sdk/sdk/2.1.1/lib/tinyusb/src/class/cdc/cdc_device.c.obj
                0x1000675c                tud_cdc_n_connected
 .text.tud_cdc_n_available
                0x10006788       0x14 CMakeFiles/adxl382_spi.dir/C_/Users/HDo/.pico-sdk/sdk/2.1.1/lib/tinyusb/src/class/cdc/cdc_device.c.obj
                0x10006788                tud_cdc_n_available
 .text.tud_cdc_n_read
                0x1000679c       0x88 CMakeFiles/adxl382_spi.dir/C_/Users/HDo/.pico-sdk/sdk/2.1.1/lib/tinyusb/src/class/cdc/cdc_device.c.obj
                0x1000679c                tud_cdc_n_read
 .text.tud_cdc_n_write_flush
                0x10006824       0x74 CMakeFiles/adxl382_spi.dir/C_/Users/HDo/.pico-sdk/sdk/2.1.1/lib/tinyusb/src/class/cdc/cdc_device.c.obj
                0x10006824                tud_cdc_n_write_flush
 .text.tud_cdc_n_write
                0x10006898       0x40 CMakeFiles/adxl382_spi.dir/C_/Users/HDo/.pico-sdk/sdk/2.1.1/lib/tinyusb/src/class/cdc/cdc_device.c.obj
                0x10006898                tud_cdc_n_write
 .text.tud_cdc_n_write_available
                0x100068d8       0x14 CMakeFiles/adxl382_spi.dir/C_/Users/HDo/.pico-sdk/sdk/2.1.1/lib/tinyusb/src/class/cdc/cdc_device.c.obj
                0x100068d8                tud_cdc_n_write_available
 .text.cdcd_init
                0x100068ec       0x70 CMakeFiles/adxl382_spi.dir/C_/Users/HDo/.pico-sdk/sdk/2.1.1/lib/tinyusb/src/class/cdc/cdc_device.c.obj
                0x100068ec                cdcd_init
 .text.cdcd_deinit
                0x1000695c       0x30 CMakeFiles/adxl382_spi.dir/C_/Users/HDo/.pico-sdk/sdk/2.1.1/lib/tinyusb/src/class/cdc/cdc_device.c.obj
                0x1000695c                cdcd_deinit
 .text.cdcd_reset
                0x1000698c       0x4c CMakeFiles/adxl382_spi.dir/C_/Users/HDo/.pico-sdk/sdk/2.1.1/lib/tinyusb/src/class/cdc/cdc_device.c.obj
                0x1000698c                cdcd_reset
 .text.cdcd_open
                0x100069d8       0xa4 CMakeFiles/adxl382_spi.dir/C_/Users/HDo/.pico-sdk/sdk/2.1.1/lib/tinyusb/src/class/cdc/cdc_device.c.obj
                0x100069d8                cdcd_open
 .text.cdcd_control_xfer_cb
                0x10006a7c       0xe8 CMakeFiles/adxl382_spi.dir/C_/Users/HDo/.pico-sdk/sdk/2.1.1/lib/tinyusb/src/class/cdc/cdc_device.c.obj
                0x10006a7c                cdcd_control_xfer_cb
 .text.cdcd_xfer_cb
                0x10006b64      0x100 CMakeFiles/adxl382_spi.dir/C_/Users/HDo/.pico-sdk/sdk/2.1.1/lib/tinyusb/src/class/cdc/cdc_device.c.obj
                0x10006b64                cdcd_xfer_cb
 .text.vendord_init
                0x10006c64       0x5c CMakeFiles/adxl382_spi.dir/C_/Users/HDo/.pico-sdk/sdk/2.1.1/lib/tinyusb/src/class/vendor/vendor_device.c.obj
                0x10006c64                vendord_init
 .text.vendord_deinit
                0x10006cc0       0x1c CMakeFiles/adxl382_spi.dir/C_/Users/HDo/.pico-sdk/sdk/2.1.1/lib/tinyusb/src/class/vendor/vendor_device.c.obj
                0x10006cc0                vendord_deinit
 .text.vendord_reset
                0x10006cdc       0x28 CMakeFiles/adxl382_spi.dir/C_/Users/HDo/.pico-sdk/sdk/2.1.1/lib/tinyusb/src/class/vendor/vendor_device.c.obj
                0x10006cdc                vendord_reset
 .text.vendord_open
                0x10006d04      0x120 CMakeFiles/adxl382_spi.dir/C_/Users/HDo/.pico-sdk/sdk/2.1.1/lib/tinyusb/src/class/vendor/vendor_device.c.obj
                0x10006d04                vendord_open
 .text.vendord_xfer_cb
                0x10006e24       0x9c CMakeFiles/adxl382_spi.dir/C_/Users/HDo/.pico-sdk/sdk/2.1.1/lib/tinyusb/src/class/vendor/vendor_device.c.obj
                0x10006e24                vendord_xfer_cb
 .text.tusb_rhport_init
                0x10006ec0       0x4c CMakeFiles/adxl382_spi.dir/C_/Users/HDo/.pico-sdk/sdk/2.1.1/lib/tinyusb/src/tusb.c.obj
                0x10006ec0                tusb_rhport_init
 .text.tu_edpt_claim
                0x10006f0c       0x50 CMakeFiles/adxl382_spi.dir/C_/Users/HDo/.pico-sdk/sdk/2.1.1/lib/tinyusb/src/tusb.c.obj
                0x10006f0c                tu_edpt_claim
 .text.tu_edpt_release
                0x10006f5c       0x38 CMakeFiles/adxl382_spi.dir/C_/Users/HDo/.pico-sdk/sdk/2.1.1/lib/tinyusb/src/tusb.c.obj
                0x10006f5c                tu_edpt_release
 .text.tu_edpt_validate
                0x10006f94       0x7c CMakeFiles/adxl382_spi.dir/C_/Users/HDo/.pico-sdk/sdk/2.1.1/lib/tinyusb/src/tusb.c.obj
                0x10006f94                tu_edpt_validate
 .text.tu_edpt_bind_driver
                0x10007010       0x34 CMakeFiles/adxl382_spi.dir/C_/Users/HDo/.pico-sdk/sdk/2.1.1/lib/tinyusb/src/tusb.c.obj
                0x10007010                tu_edpt_bind_driver
 .text.tu_edpt_stream_init
                0x10007044       0x6c CMakeFiles/adxl382_spi.dir/C_/Users/HDo/.pico-sdk/sdk/2.1.1/lib/tinyusb/src/tusb.c.obj
                0x10007044                tu_edpt_stream_init
 .text.tu_edpt_stream_deinit
                0x100070b0        0x4 CMakeFiles/adxl382_spi.dir/C_/Users/HDo/.pico-sdk/sdk/2.1.1/lib/tinyusb/src/tusb.c.obj
                0x100070b0                tu_edpt_stream_deinit
 .text.tu_edpt_stream_write_zlp_if_needed
                0x100070b4       0x68 CMakeFiles/adxl382_spi.dir/C_/Users/HDo/.pico-sdk/sdk/2.1.1/lib/tinyusb/src/tusb.c.obj
                0x100070b4                tu_edpt_stream_write_zlp_if_needed
 .text.tu_edpt_stream_write_xfer
                0x1000711c       0x68 CMakeFiles/adxl382_spi.dir/C_/Users/HDo/.pico-sdk/sdk/2.1.1/lib/tinyusb/src/tusb.c.obj
                0x1000711c                tu_edpt_stream_write_xfer
 .text.tu_edpt_stream_read_xfer
                0x10007184       0xd8 CMakeFiles/adxl382_spi.dir/C_/Users/HDo/.pico-sdk/sdk/2.1.1/lib/tinyusb/src/tusb.c.obj
                0x10007184                tu_edpt_stream_read_xfer
 .text.tu_fifo_config
                0x1000725c       0x6c CMakeFiles/adxl382_spi.dir/C_/Users/HDo/.pico-sdk/sdk/2.1.1/lib/tinyusb/src/common/tusb_fifo.c.obj
                0x1000725c                tu_fifo_config
 .text.tu_fifo_count
                0x100072c8       0x2c CMakeFiles/adxl382_spi.dir/C_/Users/HDo/.pico-sdk/sdk/2.1.1/lib/tinyusb/src/common/tusb_fifo.c.obj
                0x100072c8                tu_fifo_count
 .text.tu_fifo_empty
                0x100072f4       0x10 CMakeFiles/adxl382_spi.dir/C_/Users/HDo/.pico-sdk/sdk/2.1.1/lib/tinyusb/src/common/tusb_fifo.c.obj
                0x100072f4                tu_fifo_empty
 .text.tu_fifo_remaining
                0x10007304       0x2c CMakeFiles/adxl382_spi.dir/C_/Users/HDo/.pico-sdk/sdk/2.1.1/lib/tinyusb/src/common/tusb_fifo.c.obj
                0x10007304                tu_fifo_remaining
 .text.tu_fifo_read
                0x10007330       0x9c CMakeFiles/adxl382_spi.dir/C_/Users/HDo/.pico-sdk/sdk/2.1.1/lib/tinyusb/src/common/tusb_fifo.c.obj
                0x10007330                tu_fifo_read
 .text.tu_fifo_read_n
                0x100073cc       0xe8 CMakeFiles/adxl382_spi.dir/C_/Users/HDo/.pico-sdk/sdk/2.1.1/lib/tinyusb/src/common/tusb_fifo.c.obj
                0x100073cc                tu_fifo_read_n
 .text.tu_fifo_write
                0x100074b4       0xa4 CMakeFiles/adxl382_spi.dir/C_/Users/HDo/.pico-sdk/sdk/2.1.1/lib/tinyusb/src/common/tusb_fifo.c.obj
                0x100074b4                tu_fifo_write
 .text.tu_fifo_write_n
                0x10007558      0x178 CMakeFiles/adxl382_spi.dir/C_/Users/HDo/.pico-sdk/sdk/2.1.1/lib/tinyusb/src/common/tusb_fifo.c.obj
                0x10007558                tu_fifo_write_n
 .text.tu_fifo_clear
                0x100076d0       0x40 CMakeFiles/adxl382_spi.dir/C_/Users/HDo/.pico-sdk/sdk/2.1.1/lib/tinyusb/src/common/tusb_fifo.c.obj
                0x100076d0                tu_fifo_clear
 .text.tu_fifo_set_overwritable
                0x10007710       0x48 CMakeFiles/adxl382_spi.dir/C_/Users/HDo/.pico-sdk/sdk/2.1.1/lib/tinyusb/src/common/tusb_fifo.c.obj
                0x10007710                tu_fifo_set_overwritable
 .text.spi_init
                0x10007758      0x13c CMakeFiles/adxl382_spi.dir/C_/Users/HDo/.pico-sdk/sdk/2.1.1/src/rp2_common/hardware_spi/spi.c.obj
                0x10007758                spi_init
 .text.__malloc_lock
                0x10007894       0x10 C:/Users/HDo/.pico-sdk/toolchain/14_2_Rel1/bin/../lib/gcc/arm-none-eabi/14.2.1/thumb/v6-m/nofp\libg.a(libc_a-mlock.o)
                0x10007894                __malloc_lock
 .text.__malloc_unlock
                0x100078a4       0x10 C:/Users/HDo/.pico-sdk/toolchain/14_2_Rel1/bin/../lib/gcc/arm-none-eabi/14.2.1/thumb/v6-m/nofp\libg.a(libc_a-mlock.o)
                0x100078a4                __malloc_unlock
 .text.__sflush_r
                0x100078b4      0x13c C:/Users/HDo/.pico-sdk/toolchain/14_2_Rel1/bin/../lib/gcc/arm-none-eabi/14.2.1/thumb/v6-m/nofp\libg.a(libc_a-fflush.o)
                0x100078b4                __sflush_r
 .text._fflush_r
                0x100079f0       0x68 C:/Users/HDo/.pico-sdk/toolchain/14_2_Rel1/bin/../lib/gcc/arm-none-eabi/14.2.1/thumb/v6-m/nofp\libg.a(libc_a-fflush.o)
                0x100079f0                _fflush_r
 .text.fflush   0x10007a58       0x7c C:/Users/HDo/.pico-sdk/toolchain/14_2_Rel1/bin/../lib/gcc/arm-none-eabi/14.2.1/thumb/v6-m/nofp\libg.a(libc_a-fflush.o)
                0x10007a58                fflush
 .text.stdio_exit_handler
                0x10007ad4       0x1c C:/Users/HDo/.pico-sdk/toolchain/14_2_Rel1/bin/../lib/gcc/arm-none-eabi/14.2.1/thumb/v6-m/nofp\libg.a(libc_a-findfp.o)
 .text.cleanup_stdio
                0x10007af0       0x3c C:/Users/HDo/.pico-sdk/toolchain/14_2_Rel1/bin/../lib/gcc/arm-none-eabi/14.2.1/thumb/v6-m/nofp\libg.a(libc_a-findfp.o)
 .text.global_stdio_init.part.0
                0x10007b2c      0x118 C:/Users/HDo/.pico-sdk/toolchain/14_2_Rel1/bin/../lib/gcc/arm-none-eabi/14.2.1/thumb/v6-m/nofp\libg.a(libc_a-findfp.o)
 .text.__sinit  0x10007c44       0x38 C:/Users/HDo/.pico-sdk/toolchain/14_2_Rel1/bin/../lib/gcc/arm-none-eabi/14.2.1/thumb/v6-m/nofp\libg.a(libc_a-findfp.o)
                0x10007c44                __sinit
 .text.__sfp_lock_acquire
                0x10007c7c       0x10 C:/Users/HDo/.pico-sdk/toolchain/14_2_Rel1/bin/../lib/gcc/arm-none-eabi/14.2.1/thumb/v6-m/nofp\libg.a(libc_a-findfp.o)
                0x10007c7c                __sfp_lock_acquire
 .text.__sfp_lock_release
                0x10007c8c       0x10 C:/Users/HDo/.pico-sdk/toolchain/14_2_Rel1/bin/../lib/gcc/arm-none-eabi/14.2.1/thumb/v6-m/nofp\libg.a(libc_a-findfp.o)
                0x10007c8c                __sfp_lock_release
 .text._fwalk_sglue
                0x10007c9c       0x44 C:/Users/HDo/.pico-sdk/toolchain/14_2_Rel1/bin/../lib/gcc/arm-none-eabi/14.2.1/thumb/v6-m/nofp\libg.a(libc_a-fwalk.o)
                0x10007c9c                _fwalk_sglue
 .text.__sread  0x10007ce0       0x28 C:/Users/HDo/.pico-sdk/toolchain/14_2_Rel1/bin/../lib/gcc/arm-none-eabi/14.2.1/thumb/v6-m/nofp\libg.a(libc_a-stdio.o)
                0x10007ce0                __sread
 .text.__swrite
                0x10007d08       0x40 C:/Users/HDo/.pico-sdk/toolchain/14_2_Rel1/bin/../lib/gcc/arm-none-eabi/14.2.1/thumb/v6-m/nofp\libg.a(libc_a-stdio.o)
                0x10007d08                __swrite
 .text.__sseek  0x10007d48       0x2c C:/Users/HDo/.pico-sdk/toolchain/14_2_Rel1/bin/../lib/gcc/arm-none-eabi/14.2.1/thumb/v6-m/nofp\libg.a(libc_a-stdio.o)
                0x10007d48                __sseek
 .text.__sclose
                0x10007d74        0xc C:/Users/HDo/.pico-sdk/toolchain/14_2_Rel1/bin/../lib/gcc/arm-none-eabi/14.2.1/thumb/v6-m/nofp\libg.a(libc_a-stdio.o)
                0x10007d74                __sclose
 .text._close_r
                0x10007d80       0x24 C:/Users/HDo/.pico-sdk/toolchain/14_2_Rel1/bin/../lib/gcc/arm-none-eabi/14.2.1/thumb/v6-m/nofp\libg.a(libc_a-closer.o)
                0x10007d80                _close_r
 .text._lseek_r
                0x10007da4       0x28 C:/Users/HDo/.pico-sdk/toolchain/14_2_Rel1/bin/../lib/gcc/arm-none-eabi/14.2.1/thumb/v6-m/nofp\libg.a(libc_a-lseekr.o)
                0x10007da4                _lseek_r
 .text._read_r  0x10007dcc       0x28 C:/Users/HDo/.pico-sdk/toolchain/14_2_Rel1/bin/../lib/gcc/arm-none-eabi/14.2.1/thumb/v6-m/nofp\libg.a(libc_a-readr.o)
                0x10007dcc                _read_r
 .text._sbrk_r  0x10007df4       0x24 C:/Users/HDo/.pico-sdk/toolchain/14_2_Rel1/bin/../lib/gcc/arm-none-eabi/14.2.1/thumb/v6-m/nofp\libg.a(libc_a-sbrkr.o)
                0x10007df4                _sbrk_r
 .text._write_r
                0x10007e18       0x28 C:/Users/HDo/.pico-sdk/toolchain/14_2_Rel1/bin/../lib/gcc/arm-none-eabi/14.2.1/thumb/v6-m/nofp\libg.a(libc_a-writer.o)
                0x10007e18                _write_r
 .text.__errno  0x10007e40        0xc C:/Users/HDo/.pico-sdk/toolchain/14_2_Rel1/bin/../lib/gcc/arm-none-eabi/14.2.1/thumb/v6-m/nofp\libg.a(libc_a-errno.o)
                0x10007e40                __errno
 .text.__retarget_lock_init_recursive
                0x10007e4c        0x4 C:/Users/HDo/.pico-sdk/toolchain/14_2_Rel1/bin/../lib/gcc/arm-none-eabi/14.2.1/thumb/v6-m/nofp\libg.a(libc_a-lock.o)
                0x10007e4c                __retarget_lock_init_recursive
 .text.__retarget_lock_close_recursive
                0x10007e50        0x4 C:/Users/HDo/.pico-sdk/toolchain/14_2_Rel1/bin/../lib/gcc/arm-none-eabi/14.2.1/thumb/v6-m/nofp\libg.a(libc_a-lock.o)
                0x10007e50                __retarget_lock_close_recursive
 .text.__retarget_lock_acquire_recursive
                0x10007e54        0x4 C:/Users/HDo/.pico-sdk/toolchain/14_2_Rel1/bin/../lib/gcc/arm-none-eabi/14.2.1/thumb/v6-m/nofp\libg.a(libc_a-lock.o)
                0x10007e54                __retarget_lock_acquire_recursive
 .text.__retarget_lock_release_recursive
                0x10007e58        0x4 C:/Users/HDo/.pico-sdk/toolchain/14_2_Rel1/bin/../lib/gcc/arm-none-eabi/14.2.1/thumb/v6-m/nofp\libg.a(libc_a-lock.o)
                0x10007e58                __retarget_lock_release_recursive
 .text.sysconf  0x10007e5c       0x1c C:/Users/HDo/.pico-sdk/toolchain/14_2_Rel1/bin/../lib/gcc/arm-none-eabi/14.2.1/thumb/v6-m/nofp\libg.a(libc_a-sysconf.o)
                0x10007e5c                sysconf
 .text.strlen   0x10007e78       0x5c C:/Users/HDo/.pico-sdk/toolchain/14_2_Rel1/bin/../lib/gcc/arm-none-eabi/14.2.1/thumb/v6-m/nofp\libg.a(libc_a-strlen-stub.o)
                0x10007e78                strlen
 .text._malloc_trim_r
                0x10007ed4       0xb4 C:/Users/HDo/.pico-sdk/toolchain/14_2_Rel1/bin/../lib/gcc/arm-none-eabi/14.2.1/thumb/v6-m/nofp\libg.a(libc_a-freer.o)
                0x10007ed4                _malloc_trim_r
 .text._free_r  0x10007f88      0x1f0 C:/Users/HDo/.pico-sdk/toolchain/14_2_Rel1/bin/../lib/gcc/arm-none-eabi/14.2.1/thumb/v6-m/nofp\libg.a(libc_a-freer.o)
                0x10007f88                _free_r
 .text._fclose_r
                0x10008178       0xcc C:/Users/HDo/.pico-sdk/toolchain/14_2_Rel1/bin/../lib/gcc/arm-none-eabi/14.2.1/thumb/v6-m/nofp\libg.a(libc_a-fclose.o)
                0x10008178                _fclose_r
 *(.fini)
 .fini          0x10008244        0x4 C:/Users/HDo/.pico-sdk/toolchain/14_2_Rel1/bin/../lib/gcc/arm-none-eabi/14.2.1/thumb/v6-m/nofp/crti.o
                0x10008244                _fini
 .fini.__stub   0x10008248       0xe0 linker stubs
 *crtbegin.o(.ctors)
 *crtbegin?.o(.ctors)
 *(EXCLUDE_FILE(*crtend.o *crtend?.o) .ctors)
 *(SORT_BY_NAME(.ctors.*))
 *(.ctors)
 *crtbegin.o(.dtors)
 *crtbegin?.o(.dtors)
 *(EXCLUDE_FILE(*crtend.o *crtend?.o) .dtors)
 *(SORT_BY_NAME(.dtors.*))
 *(.dtors)
                0x10008328                        . = ALIGN (0x4)
                0x10008328                        PROVIDE (__preinit_array_start = .)
 *(SORT_BY_NAME(.preinit_array.*))
 .preinit_array.00100
                0x10008328        0x4 CMakeFiles/adxl382_spi.dir/C_/Users/HDo/.pico-sdk/sdk/2.1.1/src/rp2_common/pico_runtime_init/runtime_init.c.obj
                0x10008328                __pre_init_runtime_init_early_resets
 .preinit_array.00101
                0x1000832c        0x4 CMakeFiles/adxl382_spi.dir/C_/Users/HDo/.pico-sdk/sdk/2.1.1/src/rp2_common/pico_runtime_init/runtime_init.c.obj
                0x1000832c                __pre_init_runtime_init_usb_power_down
 .preinit_array.00275
                0x10008330        0x4 CMakeFiles/adxl382_spi.dir/C_/Users/HDo/.pico-sdk/sdk/2.1.1/src/rp2_common/pico_bit_ops/bit_ops_aeabi.S.obj
 .preinit_array.00300
                0x10008334        0x4 CMakeFiles/adxl382_spi.dir/C_/Users/HDo/.pico-sdk/sdk/2.1.1/src/rp2_common/pico_mem_ops/mem_ops_aeabi.S.obj
 .preinit_array.00350
                0x10008338        0x4 CMakeFiles/adxl382_spi.dir/C_/Users/HDo/.pico-sdk/sdk/2.1.1/src/rp2_common/pico_double/double_aeabi_rp2040.S.obj
 .preinit_array.00350
                0x1000833c        0x4 CMakeFiles/adxl382_spi.dir/C_/Users/HDo/.pico-sdk/sdk/2.1.1/src/rp2_common/pico_float/float_aeabi_rp2040.S.obj
 .preinit_array.00500
                0x10008340        0x4 CMakeFiles/adxl382_spi.dir/C_/Users/HDo/.pico-sdk/sdk/2.1.1/src/rp2_common/pico_runtime_init/runtime_init.c.obj
                0x10008340                __pre_init_runtime_init_clocks
 .preinit_array.00600
                0x10008344        0x4 CMakeFiles/adxl382_spi.dir/C_/Users/HDo/.pico-sdk/sdk/2.1.1/src/rp2_common/pico_runtime_init/runtime_init.c.obj
                0x10008344                __pre_init_runtime_init_post_clock_resets
 .preinit_array.00700
                0x10008348        0x4 CMakeFiles/adxl382_spi.dir/C_/Users/HDo/.pico-sdk/sdk/2.1.1/src/rp2_common/pico_runtime_init/runtime_init.c.obj
                0x10008348                __pre_init_runtime_init_rp2040_gpio_ie_disable
 .preinit_array.01000
                0x1000834c        0x4 CMakeFiles/adxl382_spi.dir/C_/Users/HDo/.pico-sdk/sdk/2.1.1/src/rp2_common/pico_runtime_init/runtime_init.c.obj
                0x1000834c                __pre_init_runtime_init_spin_locks_reset
 .preinit_array.01100
                0x10008350        0x4 CMakeFiles/adxl382_spi.dir/C_/Users/HDo/.pico-sdk/sdk/2.1.1/src/common/pico_sync/mutex.c.obj
                0x10008350                __pre_init_runtime_init_mutex
 .preinit_array.10080
                0x10008354        0x4 CMakeFiles/adxl382_spi.dir/C_/Users/HDo/.pico-sdk/sdk/2.1.1/src/rp2_common/pico_runtime_init/runtime_init.c.obj
                0x10008354                __pre_init_runtime_init_install_ram_vector_table
 .preinit_array.11000
                0x10008358        0x4 CMakeFiles/adxl382_spi.dir/C_/Users/HDo/.pico-sdk/sdk/2.1.1/src/common/pico_time/time.c.obj
                0x10008358                __pre_init_runtime_init_default_alarm_pool
 .preinit_array.YYYYY
                0x1000835c        0x4 CMakeFiles/adxl382_spi.dir/C_/Users/HDo/.pico-sdk/sdk/2.1.1/src/rp2_common/pico_runtime/runtime.c.obj
                0x1000835c                __pre_init_first_per_core_initializer
 .preinit_array.ZZZZZ.01200
                0x10008360        0x4 CMakeFiles/adxl382_spi.dir/C_/Users/HDo/.pico-sdk/sdk/2.1.1/src/rp2_common/hardware_irq/irq.c.obj
                0x10008360                __pre_init_runtime_init_per_core_irq_priorities
 *(.preinit_array)
                0x10008364                        PROVIDE (__preinit_array_end = .)
                0x10008364                        . = ALIGN (0x4)
                0x10008364                        PROVIDE (__init_array_start = .)
 *(SORT_BY_NAME(.init_array.*))
 *(.init_array)
 .init_array    0x10008364        0x4 C:/Users/HDo/.pico-sdk/toolchain/14_2_Rel1/bin/../lib/gcc/arm-none-eabi/14.2.1/thumb/v6-m/nofp/crtbegin.o
 .init_array    0x10008368        0x4 CMakeFiles/adxl382_spi.dir/C_/Users/HDo/.pico-sdk/sdk/2.1.1/src/rp2_common/pico_unique_id/unique_id.c.obj
                0x1000836c                        PROVIDE (__init_array_end = .)
                0x1000836c                        . = ALIGN (0x4)
                [!provide]                        PROVIDE (__fini_array_start = .)
 *(SORT_BY_NAME(.fini_array.*))
 *(.fini_array)
                [!provide]                        PROVIDE (__fini_array_end = .)
 *(.eh_frame*)
 .eh_frame      0x1000836c        0x0 C:/Users/HDo/.pico-sdk/toolchain/14_2_Rel1/bin/../lib/gcc/arm-none-eabi/14.2.1/thumb/v6-m/nofp/crtbegin.o
                0x1000836c                        . = ALIGN (0x4)

.glue_7         0x1000836c        0x0
 .glue_7        0x1000836c        0x0 linker stubs

.glue_7t        0x1000836c        0x0
 .glue_7t       0x1000836c        0x0 linker stubs

.vfp11_veneer   0x1000836c        0x0
 .vfp11_veneer  0x1000836c        0x0 linker stubs

.v4_bx          0x1000836c        0x0
 .v4_bx         0x1000836c        0x0 linker stubs

.iplt           0x1000836c        0x0
 .iplt          0x1000836c        0x0 C:/Users/HDo/.pico-sdk/toolchain/14_2_Rel1/bin/../lib/gcc/arm-none-eabi/14.2.1/thumb/v6-m/nofp/crtbegin.o

.rodata         0x10008370      0xbe4
 *(EXCLUDE_FILE(*libm.a: *libc.a:*lib_a-mem*.o *libgcc.a:) .rodata*)
 .rodata.read_register.str1.4
                0x10008370      0x724 CMakeFiles/adxl382_spi.dir/adxl382.c.obj
                                 0x28 (size before relaxing)
 .rodata.adxl38x_init.str1.4
                0x10008a94       0xd3 CMakeFiles/adxl382_spi.dir/adxl382.c.obj
 .rodata.adxl38x_soft_reset.str1.4
                0x10008a94       0x41 CMakeFiles/adxl382_spi.dir/adxl382.c.obj
 .rodata.adxl38x_set_to_standby.str1.4
                0x10008a94       0x46 CMakeFiles/adxl382_spi.dir/adxl382.c.obj
 .rodata.adxl38x_accel_set_FIFO.str1.4
                0x10008a94      0x116 CMakeFiles/adxl382_spi.dir/adxl382.c.obj
 .rodata.main.str1.4
                0x10008a94      0x305 CMakeFiles/adxl382_spi.dir/main.c.obj
 .rodata.__bi_107.0
                0x10008a94        0x8 CMakeFiles/adxl382_spi.dir/main.c.obj
 .rodata.str1.4
                0x10008a9c        0x7 CMakeFiles/adxl382_spi.dir/main.c.obj
 .rodata.__bi_114.1
                0x10008a9c        0xc CMakeFiles/adxl382_spi.dir/main.c.obj
 .rodata.panic.str1.4
                0x10008aa8       0x12 CMakeFiles/adxl382_spi.dir/C_/Users/HDo/.pico-sdk/sdk/2.1.1/src/rp2_common/pico_platform_panic/panic.c.obj
 .rodata.spin_lock_claim_unused.str1.4
                0x10008aa8       0x1b CMakeFiles/adxl382_spi.dir/C_/Users/HDo/.pico-sdk/sdk/2.1.1/src/rp2_common/hardware_sync/sync.c.obj
 .rodata.user_irq_claim_unused.str1.4
                0x10008aa8       0x1b CMakeFiles/adxl382_spi.dir/C_/Users/HDo/.pico-sdk/sdk/2.1.1/src/rp2_common/hardware_irq/irq.c.obj
 .rodata.at_the_end_of_time
                0x10008aa8        0x8 CMakeFiles/adxl382_spi.dir/C_/Users/HDo/.pico-sdk/sdk/2.1.1/src/common/pico_time/time.c.obj
                0x10008aa8                at_the_end_of_time
 .rodata.timer_hardware_alarm_claim.str1.4
                0x10008ab0       0x22 CMakeFiles/adxl382_spi.dir/C_/Users/HDo/.pico-sdk/sdk/2.1.1/src/rp2_common/hardware_timer/timer.c.obj
 .rodata.hard_assertion_failure.str1.4
                0x10008ab0        0xc CMakeFiles/adxl382_spi.dir/C_/Users/HDo/.pico-sdk/sdk/2.1.1/src/rp2_common/pico_runtime/runtime.c.obj
 .rodata.str1.4
                0x10008ab0       0x40 CMakeFiles/adxl382_spi.dir/C_/Users/HDo/.pico-sdk/sdk/2.1.1/src/rp2_common/pico_standard_binary_info/standard_binary_info.c.obj
 .rodata.__bi_84
                0x10008ab0        0xc CMakeFiles/adxl382_spi.dir/C_/Users/HDo/.pico-sdk/sdk/2.1.1/src/rp2_common/pico_standard_binary_info/standard_binary_info.c.obj
 .rodata.__bi_78
                0x10008abc        0xc CMakeFiles/adxl382_spi.dir/C_/Users/HDo/.pico-sdk/sdk/2.1.1/src/rp2_common/pico_standard_binary_info/standard_binary_info.c.obj
 .rodata.__bi_54
                0x10008ac8        0xc CMakeFiles/adxl382_spi.dir/C_/Users/HDo/.pico-sdk/sdk/2.1.1/src/rp2_common/pico_standard_binary_info/standard_binary_info.c.obj
 .rodata.__bi_48
                0x10008ad4        0xc CMakeFiles/adxl382_spi.dir/C_/Users/HDo/.pico-sdk/sdk/2.1.1/src/rp2_common/pico_standard_binary_info/standard_binary_info.c.obj
 .rodata.__bi_42
                0x10008ae0        0xc CMakeFiles/adxl382_spi.dir/C_/Users/HDo/.pico-sdk/sdk/2.1.1/src/rp2_common/pico_standard_binary_info/standard_binary_info.c.obj
 .rodata.__bi_34
                0x10008aec        0xc CMakeFiles/adxl382_spi.dir/C_/Users/HDo/.pico-sdk/sdk/2.1.1/src/rp2_common/pico_standard_binary_info/standard_binary_info.c.obj
 .rodata.__bi_26
                0x10008af8        0xc CMakeFiles/adxl382_spi.dir/C_/Users/HDo/.pico-sdk/sdk/2.1.1/src/rp2_common/pico_standard_binary_info/standard_binary_info.c.obj
 .rodata._ftoa.str1.4
                0x10008b04       0x15 CMakeFiles/adxl382_spi.dir/C_/Users/HDo/.pico-sdk/sdk/2.1.1/src/rp2_common/pico_printf/printf.c.obj
 .rodata._vsnprintf
                0x10008b04      0x19c CMakeFiles/adxl382_spi.dir/C_/Users/HDo/.pico-sdk/sdk/2.1.1/src/rp2_common/pico_printf/printf.c.obj
 .rodata.pow10.0
                0x10008ca0       0x50 CMakeFiles/adxl382_spi.dir/C_/Users/HDo/.pico-sdk/sdk/2.1.1/src/rp2_common/pico_printf/printf.c.obj
 .rodata.crlf_str.0
                0x10008cf0        0x2 CMakeFiles/adxl382_spi.dir/C_/Users/HDo/.pico-sdk/sdk/2.1.1/src/rp2_common/pico_stdio/stdio.c.obj
 *fill*         0x10008cf2        0x2 
 .rodata._resetd_driver
                0x10008cf4       0x20 CMakeFiles/adxl382_spi.dir/C_/Users/HDo/.pico-sdk/sdk/2.1.1/src/rp2_common/pico_stdio_usb/reset_interface.c.obj
 .rodata.desc_ms_os_20
                0x10008d14       0xa6 CMakeFiles/adxl382_spi.dir/C_/Users/HDo/.pico-sdk/sdk/2.1.1/src/rp2_common/pico_stdio_usb/reset_interface.c.obj
 *fill*         0x10008dba        0x2 
 .rodata.desc_bos
                0x10008dbc       0x21 CMakeFiles/adxl382_spi.dir/C_/Users/HDo/.pico-sdk/sdk/2.1.1/src/rp2_common/pico_stdio_usb/reset_interface.c.obj
                0x10008dbc                desc_bos
 .rodata.str1.4
                0x10008ddd       0x13 CMakeFiles/adxl382_spi.dir/C_/Users/HDo/.pico-sdk/sdk/2.1.1/src/rp2_common/pico_stdio_usb/stdio_usb.c.obj
 *fill*         0x10008ddd        0x3 
 .rodata.__bi_197.0
                0x10008de0        0xc CMakeFiles/adxl382_spi.dir/C_/Users/HDo/.pico-sdk/sdk/2.1.1/src/rp2_common/pico_stdio_usb/stdio_usb.c.obj
 .rodata.str1.4
                0x10008dec       0x2a CMakeFiles/adxl382_spi.dir/C_/Users/HDo/.pico-sdk/sdk/2.1.1/src/rp2_common/pico_stdio_usb/stdio_usb_descriptors.c.obj
 .rodata.usbd_desc_str
                0x10008dec       0x18 CMakeFiles/adxl382_spi.dir/C_/Users/HDo/.pico-sdk/sdk/2.1.1/src/rp2_common/pico_stdio_usb/stdio_usb_descriptors.c.obj
 .rodata.usbd_desc_cfg
                0x10008e04       0x54 CMakeFiles/adxl382_spi.dir/C_/Users/HDo/.pico-sdk/sdk/2.1.1/src/rp2_common/pico_stdio_usb/stdio_usb_descriptors.c.obj
 .rodata.usbd_desc_device
                0x10008e58       0x12 CMakeFiles/adxl382_spi.dir/C_/Users/HDo/.pico-sdk/sdk/2.1.1/src/rp2_common/pico_stdio_usb/stdio_usb_descriptors.c.obj
 .rodata.str1.4
                0x10008e6a       0x14 CMakeFiles/adxl382_spi.dir/C_/Users/HDo/.pico-sdk/sdk/2.1.1/lib/tinyusb/src/portable/raspberrypi/rp2040/dcd_rp2040.c.obj
 .rodata.str1.4
                0x10008e6a       0x48 CMakeFiles/adxl382_spi.dir/C_/Users/HDo/.pico-sdk/sdk/2.1.1/lib/tinyusb/src/portable/raspberrypi/rp2040/rp2040_usb.c.obj
 *fill*         0x10008e6a        0x2 
 .rodata.tud_task_ext
                0x10008e6c       0x8c CMakeFiles/adxl382_spi.dir/C_/Users/HDo/.pico-sdk/sdk/2.1.1/lib/tinyusb/src/device/usbd.c.obj
 .rodata        0x10008ef8       0x1c CMakeFiles/adxl382_spi.dir/C_/Users/HDo/.pico-sdk/sdk/2.1.1/lib/tinyusb/src/device/usbd.c.obj
 .rodata._usbd_driver
                0x10008f14       0x40 CMakeFiles/adxl382_spi.dir/C_/Users/HDo/.pico-sdk/sdk/2.1.1/lib/tinyusb/src/device/usbd.c.obj
                0x10008f54                        . = ALIGN (0x4)
 *(SORT_BY_ALIGNMENT(SORT_BY_NAME(.flashdata*)))
                0x10008f54                        . = ALIGN (0x4)

.ARM.extab
 *(.ARM.extab* .gnu.linkonce.armextab.*)
                0x10008f54                        __exidx_start = .

.ARM.exidx
 *(.ARM.exidx* .gnu.linkonce.armexidx.*)
                0x10008f54                        __exidx_end = .
                0x10008f54                        . = ALIGN (0x4)
                0x10008f54                        __binary_info_start = .

.binary_info    0x10008f54       0x28
 *(.binary_info.keep.*)
 .binary_info.keep.__bi_ptr114
                0x10008f54        0x4 CMakeFiles/adxl382_spi.dir/main.c.obj
 .binary_info.keep.__bi_ptr107
                0x10008f58        0x4 CMakeFiles/adxl382_spi.dir/main.c.obj
 .binary_info.keep.__bi_ptr84
                0x10008f5c        0x4 CMakeFiles/adxl382_spi.dir/C_/Users/HDo/.pico-sdk/sdk/2.1.1/src/rp2_common/pico_standard_binary_info/standard_binary_info.c.obj
 .binary_info.keep.__bi_ptr78
                0x10008f60        0x4 CMakeFiles/adxl382_spi.dir/C_/Users/HDo/.pico-sdk/sdk/2.1.1/src/rp2_common/pico_standard_binary_info/standard_binary_info.c.obj
 .binary_info.keep.__bi_ptr54
                0x10008f64        0x4 CMakeFiles/adxl382_spi.dir/C_/Users/HDo/.pico-sdk/sdk/2.1.1/src/rp2_common/pico_standard_binary_info/standard_binary_info.c.obj
 .binary_info.keep.__bi_ptr48
                0x10008f68        0x4 CMakeFiles/adxl382_spi.dir/C_/Users/HDo/.pico-sdk/sdk/2.1.1/src/rp2_common/pico_standard_binary_info/standard_binary_info.c.obj
 .binary_info.keep.__bi_ptr42
                0x10008f6c        0x4 CMakeFiles/adxl382_spi.dir/C_/Users/HDo/.pico-sdk/sdk/2.1.1/src/rp2_common/pico_standard_binary_info/standard_binary_info.c.obj
 .binary_info.keep.__bi_ptr34
                0x10008f70        0x4 CMakeFiles/adxl382_spi.dir/C_/Users/HDo/.pico-sdk/sdk/2.1.1/src/rp2_common/pico_standard_binary_info/standard_binary_info.c.obj
 .binary_info.keep.__bi_ptr26
                0x10008f74        0x4 CMakeFiles/adxl382_spi.dir/C_/Users/HDo/.pico-sdk/sdk/2.1.1/src/rp2_common/pico_standard_binary_info/standard_binary_info.c.obj
 *(.binary_info.*)
 .binary_info.__bi_ptr197
                0x10008f78        0x4 CMakeFiles/adxl382_spi.dir/C_/Users/HDo/.pico-sdk/sdk/2.1.1/src/rp2_common/pico_stdio_usb/stdio_usb.c.obj
                0x10008f7c                        __binary_info_end = .

.rel.dyn        0x10008f7c        0x0
 .rel.iplt      0x10008f7c        0x0 C:/Users/HDo/.pico-sdk/toolchain/14_2_Rel1/bin/../lib/gcc/arm-none-eabi/14.2.1/thumb/v6-m/nofp/crtbegin.o
                0x10008f7c                        . = ALIGN (0x4)

.ram_vector_table
                0x20000000       0xc0
 *(.ram_vector_table)
 .ram_vector_table
                0x20000000       0xc0 CMakeFiles/adxl382_spi.dir/C_/Users/HDo/.pico-sdk/sdk/2.1.1/src/rp2_common/pico_runtime_init/runtime_init.c.obj
                0x20000000                ram_vector_table

.uninitialized_data
                0x200000c0        0x0
                0x200000c0                        . = ALIGN (0x4)
 *(.uninitialized_data*)

.data           0x200000c0     0x15f0 load address 0x10008f7c
                0x200000c0                        __data_start__ = .
 *(vtable)
 *(.time_critical*)
 .time_critical.mutex_try_enter
                0x200000c0       0x40 CMakeFiles/adxl382_spi.dir/C_/Users/HDo/.pico-sdk/sdk/2.1.1/src/common/pico_sync/mutex.c.obj
                0x200000c0                mutex_try_enter
 .time_critical.mutex_try_enter_block_until
                0x20000100       0x98 CMakeFiles/adxl382_spi.dir/C_/Users/HDo/.pico-sdk/sdk/2.1.1/src/common/pico_sync/mutex.c.obj
                0x20000100                mutex_try_enter_block_until
 .time_critical.mutex_enter_timeout_ms
                0x20000198       0x8c CMakeFiles/adxl382_spi.dir/C_/Users/HDo/.pico-sdk/sdk/2.1.1/src/common/pico_sync/mutex.c.obj
                0x20000198                mutex_enter_timeout_ms
 .time_critical.mutex_exit
                0x20000224       0x28 CMakeFiles/adxl382_spi.dir/C_/Users/HDo/.pico-sdk/sdk/2.1.1/src/common/pico_sync/mutex.c.obj
                0x20000224                mutex_exit
 .time_critical.flash_init_boot2_copyout
                0x2000024c       0x30 CMakeFiles/adxl382_spi.dir/C_/Users/HDo/.pico-sdk/sdk/2.1.1/src/rp2_common/hardware_flash/flash.c.obj
 .time_critical.flash_enable_xip_via_boot2
                0x2000027c        0xc CMakeFiles/adxl382_spi.dir/C_/Users/HDo/.pico-sdk/sdk/2.1.1/src/rp2_common/hardware_flash/flash.c.obj
 .time_critical.flash_cs_force
                0x20000288       0x38 CMakeFiles/adxl382_spi.dir/C_/Users/HDo/.pico-sdk/sdk/2.1.1/src/rp2_common/hardware_flash/flash.c.obj
 .time_critical.flash_do_cmd
                0x200002c0      0x130 CMakeFiles/adxl382_spi.dir/C_/Users/HDo/.pico-sdk/sdk/2.1.1/src/rp2_common/hardware_flash/flash.c.obj
                0x200002c0                flash_do_cmd
 .time_critical.reset_non_control_endpoints
                0x200003f0       0x68 CMakeFiles/adxl382_spi.dir/C_/Users/HDo/.pico-sdk/sdk/2.1.1/lib/tinyusb/src/portable/raspberrypi/rp2040/dcd_rp2040.c.obj
 .time_critical.hw_handle_buff_status
                0x20000458       0xa0 CMakeFiles/adxl382_spi.dir/C_/Users/HDo/.pico-sdk/sdk/2.1.1/lib/tinyusb/src/portable/raspberrypi/rp2040/dcd_rp2040.c.obj
 .time_critical.dcd_rp2040_irq
                0x200004f8      0x548 CMakeFiles/adxl382_spi.dir/C_/Users/HDo/.pico-sdk/sdk/2.1.1/lib/tinyusb/src/portable/raspberrypi/rp2040/dcd_rp2040.c.obj
 .time_critical.prepare_ep_buffer
                0x20000a40       0xc8 CMakeFiles/adxl382_spi.dir/C_/Users/HDo/.pico-sdk/sdk/2.1.1/lib/tinyusb/src/portable/raspberrypi/rp2040/rp2040_usb.c.obj
 .time_critical.sync_ep_buffer
                0x20000b08       0x9c CMakeFiles/adxl382_spi.dir/C_/Users/HDo/.pico-sdk/sdk/2.1.1/lib/tinyusb/src/portable/raspberrypi/rp2040/rp2040_usb.c.obj
 .time_critical._hw_endpoint_xfer_sync
                0x20000ba4       0x28 CMakeFiles/adxl382_spi.dir/C_/Users/HDo/.pico-sdk/sdk/2.1.1/lib/tinyusb/src/portable/raspberrypi/rp2040/rp2040_usb.c.obj
 .time_critical.e15_is_bulkin_ep
                0x20000bcc       0x28 CMakeFiles/adxl382_spi.dir/C_/Users/HDo/.pico-sdk/sdk/2.1.1/lib/tinyusb/src/portable/raspberrypi/rp2040/rp2040_usb.c.obj
 .time_critical.e15_is_critical_frame_period
                0x20000bf4       0x34 CMakeFiles/adxl382_spi.dir/C_/Users/HDo/.pico-sdk/sdk/2.1.1/lib/tinyusb/src/portable/raspberrypi/rp2040/rp2040_usb.c.obj
 .time_critical.hw_endpoint_reset_transfer
                0x20000c28        0xc CMakeFiles/adxl382_spi.dir/C_/Users/HDo/.pico-sdk/sdk/2.1.1/lib/tinyusb/src/portable/raspberrypi/rp2040/rp2040_usb.c.obj
                0x20000c28                hw_endpoint_reset_transfer
 .time_critical._hw_endpoint_buffer_control_update32
                0x20000c34       0x50 CMakeFiles/adxl382_spi.dir/C_/Users/HDo/.pico-sdk/sdk/2.1.1/lib/tinyusb/src/portable/raspberrypi/rp2040/rp2040_usb.c.obj
                0x20000c34                _hw_endpoint_buffer_control_update32
 .time_critical.hw_endpoint_start_next_buffer
                0x20000c84       0x68 CMakeFiles/adxl382_spi.dir/C_/Users/HDo/.pico-sdk/sdk/2.1.1/lib/tinyusb/src/portable/raspberrypi/rp2040/rp2040_usb.c.obj
                0x20000c84                hw_endpoint_start_next_buffer
 .time_critical.hw_endpoint_xfer_continue
                0x20000cec       0x40 CMakeFiles/adxl382_spi.dir/C_/Users/HDo/.pico-sdk/sdk/2.1.1/lib/tinyusb/src/portable/raspberrypi/rp2040/rp2040_usb.c.obj
                0x20000cec                hw_endpoint_xfer_continue
 .time_critical.tinyusb
                0x20000d2c      0x1e4 CMakeFiles/adxl382_spi.dir/C_/Users/HDo/.pico-sdk/sdk/2.1.1/lib/tinyusb/src/device/usbd.c.obj
                0x20000d2c                dcd_event_handler
 .time_critical.spi_write_blocking
                0x20000f10       0x4c CMakeFiles/adxl382_spi.dir/C_/Users/HDo/.pico-sdk/sdk/2.1.1/src/rp2_common/hardware_spi/spi.c.obj
                0x20000f10                spi_write_blocking
 .time_critical.spi_read_blocking
                0x20000f5c       0xa8 CMakeFiles/adxl382_spi.dir/C_/Users/HDo/.pico-sdk/sdk/2.1.1/src/rp2_common/hardware_spi/spi.c.obj
                0x20000f5c                spi_read_blocking
 *(.text*)
 .text          0x20001004        0x4 C:/Users/HDo/.pico-sdk/toolchain/14_2_Rel1/bin/../lib/gcc/arm-none-eabi/14.2.1/thumb/v6-m/nofp\libgcc.a(_dvmd_tls.o)
                0x20001004                __aeabi_idiv0
                0x20001004                __aeabi_ldiv0
 .text.__stub   0x20001008       0x80 linker stubs
                0x20001088                        . = ALIGN (0x4)
 *(.rodata*)
                0x20001088                        . = ALIGN (0x4)
 *(.data*)
 .data.chID_enable
                0x20001088        0x1 CMakeFiles/adxl382_spi.dir/main.c.obj
                0x20001088                chID_enable
 *fill*         0x20001089        0x1 
 .data.fifo_entries
                0x2000108a        0x2 CMakeFiles/adxl382_spi.dir/main.c.obj
                0x2000108a                fifo_entries
 .data.set_fifo_entries
                0x2000108c        0x2 CMakeFiles/adxl382_spi.dir/main.c.obj
                0x2000108c                set_fifo_entries
 .data.striped_spin_lock_num
                0x2000108e        0x1 CMakeFiles/adxl382_spi.dir/C_/Users/HDo/.pico-sdk/sdk/2.1.1/src/rp2_common/hardware_sync/sync.c.obj
 *fill*         0x2000108f        0x1 
 .data          0x20001090       0x48 CMakeFiles/adxl382_spi.dir/C_/Users/HDo/.pico-sdk/sdk/2.1.1/src/rp2_common/hardware_irq/irq_handler_chain.S.obj
                0x20001090                irq_handler_chain_slots
                0x200010c0                irq_handler_chain_first_slot
                0x200010ca                irq_handler_chain_remove_tail
 .data.default_alarm_pool
                0x200010d8       0x18 CMakeFiles/adxl382_spi.dir/C_/Users/HDo/.pico-sdk/sdk/2.1.1/src/common/pico_time/time.c.obj
 .data.aeabi_bits_funcs
                0x200010f0       0x10 CMakeFiles/adxl382_spi.dir/C_/Users/HDo/.pico-sdk/sdk/2.1.1/src/rp2_common/pico_bit_ops/bit_ops_aeabi.S.obj
                0x200010f0                aeabi_bits_funcs
                0x20001100                aeabi_bits_funcs_end
 .data.aeabi_mem_funcs
                0x20001100       0x10 CMakeFiles/adxl382_spi.dir/C_/Users/HDo/.pico-sdk/sdk/2.1.1/src/rp2_common/pico_mem_ops/mem_ops_aeabi.S.obj
                0x20001100                aeabi_mem_funcs
                0x20001110                aeabi_mem_funcs_end
 .data.stdio_usb
                0x20001110       0x18 CMakeFiles/adxl382_spi.dir/C_/Users/HDo/.pico-sdk/sdk/2.1.1/src/rp2_common/pico_stdio_usb/stdio_usb.c.obj
                0x20001110                stdio_usb
 .data._usbd_qdef
                0x20001128       0x1c CMakeFiles/adxl382_spi.dir/C_/Users/HDo/.pico-sdk/sdk/2.1.1/lib/tinyusb/src/device/usbd.c.obj
                0x20001128                _usbd_qdef
 .data._usbd_rhport
                0x20001144        0x1 CMakeFiles/adxl382_spi.dir/C_/Users/HDo/.pico-sdk/sdk/2.1.1/lib/tinyusb/src/device/usbd.c.obj
 *fill*         0x20001145        0x3 
 .data.__malloc_sbrk_base
                0x20001148        0x4 C:/Users/HDo/.pico-sdk/toolchain/14_2_Rel1/bin/../lib/gcc/arm-none-eabi/14.2.1/thumb/v6-m/nofp\libg.a(libc_a-mallocr.o)
                0x20001148                __malloc_sbrk_base
 .data.__malloc_trim_threshold
                0x2000114c        0x4 C:/Users/HDo/.pico-sdk/toolchain/14_2_Rel1/bin/../lib/gcc/arm-none-eabi/14.2.1/thumb/v6-m/nofp\libg.a(libc_a-mallocr.o)
                0x2000114c                __malloc_trim_threshold
 .data.__malloc_av_
                0x20001150      0x408 C:/Users/HDo/.pico-sdk/toolchain/14_2_Rel1/bin/../lib/gcc/arm-none-eabi/14.2.1/thumb/v6-m/nofp\libg.a(libc_a-mallocr.o)
                0x20001150                __malloc_av_
 .data.__sglue  0x20001558        0xc C:/Users/HDo/.pico-sdk/toolchain/14_2_Rel1/bin/../lib/gcc/arm-none-eabi/14.2.1/thumb/v6-m/nofp\libg.a(libc_a-findfp.o)
                0x20001558                __sglue
 .data._impure_ptr
                0x20001564        0x4 C:/Users/HDo/.pico-sdk/toolchain/14_2_Rel1/bin/../lib/gcc/arm-none-eabi/14.2.1/thumb/v6-m/nofp\libg.a(libc_a-impure.o)
                0x20001564                _impure_ptr
 .data._impure_data
                0x20001568      0x140 C:/Users/HDo/.pico-sdk/toolchain/14_2_Rel1/bin/../lib/gcc/arm-none-eabi/14.2.1/thumb/v6-m/nofp\libg.a(libc_a-impure.o)
                0x20001568                _impure_data
                0x200016a8                        . = ALIGN (0x4)
 *(.after_data.*)
                0x200016a8                        . = ALIGN (0x4)
                0x200016a8                        PROVIDE (__mutex_array_start = .)
 *(SORT_BY_NAME(.mutex_array.*))
 *(.mutex_array)
 .mutex_array   0x200016a8        0x8 CMakeFiles/adxl382_spi.dir/C_/Users/HDo/.pico-sdk/sdk/2.1.1/src/rp2_common/pico_stdio/stdio.c.obj
                0x200016b0                        PROVIDE (__mutex_array_end = .)
                0x200016b0                        . = ALIGN (0x4)
 *(.jcr)
                0x200016b0                        . = ALIGN (0x4)

.tm_clone_table
                0x200016b0        0x0 load address 0x1000a56c
 .tm_clone_table
                0x200016b0        0x0 C:/Users/HDo/.pico-sdk/toolchain/14_2_Rel1/bin/../lib/gcc/arm-none-eabi/14.2.1/thumb/v6-m/nofp/crtbegin.o
 .tm_clone_table
                0x200016b0        0x0 C:/Users/HDo/.pico-sdk/toolchain/14_2_Rel1/bin/../lib/gcc/arm-none-eabi/14.2.1/thumb/v6-m/nofp/crtend.o

.igot.plt       0x200016b0        0x0 load address 0x1000a56c
 .igot.plt      0x200016b0        0x0 C:/Users/HDo/.pico-sdk/toolchain/14_2_Rel1/bin/../lib/gcc/arm-none-eabi/14.2.1/thumb/v6-m/nofp/crtbegin.o

.tdata          0x200016b0        0x0 load address 0x1000a56c
                0x200016b0                        . = ALIGN (0x4)
 *(.tdata .tdata.* .gnu.linkonce.td.*)
                0x200016b0                        __tdata_end = .
                0x200016b0                        PROVIDE (__data_end__ = .)
                0x10008f7c                        __etext = LOADADDR (.data)

.tbss           0x200016b0        0x0 load address 0x1000a56c
                0x200016b0                        . = ALIGN (0x4)
                0x200016b0                        __bss_start__ = .
                0x200016b0                        __tls_base = .
 *(.tbss .tbss.* .gnu.linkonce.tb.*)
 *(.tcommon)
                0x200016b0                        __tls_end = .

.bss            0x200016b0     0x1484 load address 0x1000a56c
                0x200016b0                        . = ALIGN (0x4)
                0x200016b0                        __tbss_end = .
 *(SORT_BY_ALIGNMENT(SORT_BY_NAME(.bss*)))
 .bss.default_alarm_pool_entries
                0x200016b0      0x180 CMakeFiles/adxl382_spi.dir/C_/Users/HDo/.pico-sdk/sdk/2.1.1/src/common/pico_time/time.c.obj
 .bss.last_avail_time.1
                0x20001830        0x8 CMakeFiles/adxl382_spi.dir/C_/Users/HDo/.pico-sdk/sdk/2.1.1/src/rp2_common/pico_stdio_usb/stdio_usb.c.obj
 .bss.sd_table  0x20001838      0x100 CMakeFiles/adxl382_spi.dir/C_/Users/HDo/.pico-sdk/sdk/2.1.1/src/rp2_common/pico_double/double_init_rom_rp2040.c.obj
                0x20001838                sd_table
 .bss.sf_table  0x20001938      0x100 CMakeFiles/adxl382_spi.dir/C_/Users/HDo/.pico-sdk/sdk/2.1.1/src/rp2_common/pico_float/float_init_rom_rp2040.c.obj
                0x20001938                sf_table
 .bss.__lock___malloc_recursive_mutex
                0x20001a38        0x1 C:/Users/HDo/.pico-sdk/toolchain/14_2_Rel1/bin/../lib/gcc/arm-none-eabi/14.2.1/thumb/v6-m/nofp\libg.a(libc_a-lock.o)
                0x20001a38                __lock___malloc_recursive_mutex
 *fill*         0x20001a39        0x3 
 .bss.__lock___sfp_recursive_mutex
                0x20001a3c        0x1 C:/Users/HDo/.pico-sdk/toolchain/14_2_Rel1/bin/../lib/gcc/arm-none-eabi/14.2.1/thumb/v6-m/nofp\libg.a(libc_a-lock.o)
                0x20001a3c                __lock___sfp_recursive_mutex
 *fill*         0x20001a3d        0x3 
 .bss.__malloc_current_mallinfo
                0x20001a40       0x28 C:/Users/HDo/.pico-sdk/toolchain/14_2_Rel1/bin/../lib/gcc/arm-none-eabi/14.2.1/thumb/v6-m/nofp\libg.a(libc_a-mallocr.o)
                0x20001a40                __malloc_current_mallinfo
 .bss.__malloc_top_pad
                0x20001a68        0x4 C:/Users/HDo/.pico-sdk/toolchain/14_2_Rel1/bin/../lib/gcc/arm-none-eabi/14.2.1/thumb/v6-m/nofp\libg.a(libc_a-mallocr.o)
                0x20001a68                __malloc_top_pad
 .bss.__sf      0x20001a6c      0x138 C:/Users/HDo/.pico-sdk/toolchain/14_2_Rel1/bin/../lib/gcc/arm-none-eabi/14.2.1/thumb/v6-m/nofp\libg.a(libc_a-findfp.o)
                0x20001a6c                __sf
 .bss.__stdio_exit_handler
                0x20001ba4        0x4 C:/Users/HDo/.pico-sdk/toolchain/14_2_Rel1/bin/../lib/gcc/arm-none-eabi/14.2.1/thumb/v6-m/nofp\libg.a(libc_a-findfp.o)
                0x20001ba4                __stdio_exit_handler
 .bss._app_driver
                0x20001ba8        0x4 CMakeFiles/adxl382_spi.dir/C_/Users/HDo/.pico-sdk/sdk/2.1.1/lib/tinyusb/src/device/usbd.c.obj
 .bss._cdcd_epbuf
                0x20001bac       0x80 CMakeFiles/adxl382_spi.dir/C_/Users/HDo/.pico-sdk/sdk/2.1.1/lib/tinyusb/src/class/cdc/cdc_device.c.obj
 .bss._cdcd_fifo_cfg
                0x20001c2c        0x1 CMakeFiles/adxl382_spi.dir/C_/Users/HDo/.pico-sdk/sdk/2.1.1/lib/tinyusb/src/class/cdc/cdc_device.c.obj
 *fill*         0x20001c2d        0x3 
 .bss._cdcd_itf
                0x20001c30       0xc8 CMakeFiles/adxl382_spi.dir/C_/Users/HDo/.pico-sdk/sdk/2.1.1/lib/tinyusb/src/class/cdc/cdc_device.c.obj
 .bss._ctrl_epbuf
                0x20001cf8       0x40 CMakeFiles/adxl382_spi.dir/C_/Users/HDo/.pico-sdk/sdk/2.1.1/lib/tinyusb/src/device/usbd_control.c.obj
 .bss._ctrl_xfer
                0x20001d38       0x14 CMakeFiles/adxl382_spi.dir/C_/Users/HDo/.pico-sdk/sdk/2.1.1/lib/tinyusb/src/device/usbd_control.c.obj
 .bss._tusb_rhport_role
                0x20001d4c        0x2 CMakeFiles/adxl382_spi.dir/C_/Users/HDo/.pico-sdk/sdk/2.1.1/lib/tinyusb/src/tusb.c.obj
                0x20001d4c                _tusb_rhport_role
 *fill*         0x20001d4e        0x2 
 .bss._ubsd_mutexdef
                0x20001d50        0x8 CMakeFiles/adxl382_spi.dir/C_/Users/HDo/.pico-sdk/sdk/2.1.1/lib/tinyusb/src/device/usbd.c.obj
 .bss._usbd_dev