Archive member included to satisfy reference by file (symbol)

C:/Users/HDo/.pico-sdk/toolchain/14_2_Rel1/bin/../lib/gcc/arm-none-eabi/14.2.1/thumb/v6-m/nofp\libgcc.a(_dvmd_tls.o)
                              CMakeFiles/adxl382_spi.dir/C_/Users/HDo/.pico-sdk/sdk/2.1.1/src/rp2_common/pico_divider/divider_hardware.S.obj (__aeabi_idiv0)
C:/Users/HDo/.pico-sdk/toolchain/14_2_Rel1/bin/../lib/gcc/arm-none-eabi/14.2.1/thumb/v6-m/nofp\libg.a(libc_a-calloc.o)
                              CMakeFiles/adxl382_spi.dir/C_/Users/HDo/.pico-sdk/sdk/2.1.1/src/rp2_common/pico_malloc/malloc.c.obj (calloc)
C:/Users/HDo/.pico-sdk/toolchain/14_2_Rel1/bin/../lib/gcc/arm-none-eabi/14.2.1/thumb/v6-m/nofp\libg.a(libc_a-callocr.o)
                              C:/Users/HDo/.pico-sdk/toolchain/14_2_Rel1/bin/../lib/gcc/arm-none-eabi/14.2.1/thumb/v6-m/nofp\libg.a(libc_a-calloc.o) (_calloc_r)
C:/Users/HDo/.pico-sdk/toolchain/14_2_Rel1/bin/../lib/gcc/arm-none-eabi/14.2.1/thumb/v6-m/nofp\libg.a(libc_a-malloc.o)
                              CMakeFiles/adxl382_spi.dir/C_/Users/HDo/.pico-sdk/sdk/2.1.1/src/rp2_common/pico_malloc/malloc.c.obj (malloc)
C:/Users/HDo/.pico-sdk/toolchain/14_2_Rel1/bin/../lib/gcc/arm-none-eabi/14.2.1/thumb/v6-m/nofp\libg.a(libc_a-mallocr.o)
                              C:/Users/HDo/.pico-sdk/toolchain/14_2_Rel1/bin/../lib/gcc/arm-none-eabi/14.2.1/thumb/v6-m/nofp\libg.a(libc_a-callocr.o) (_malloc_r)
C:/Users/HDo/.pico-sdk/toolchain/14_2_Rel1/bin/../lib/gcc/arm-none-eabi/14.2.1/thumb/v6-m/nofp\libg.a(libc_a-mlock.o)
                              C:/Users/HDo/.pico-sdk/toolchain/14_2_Rel1/bin/../lib/gcc/arm-none-eabi/14.2.1/thumb/v6-m/nofp\libg.a(libc_a-mallocr.o) (__malloc_lock)
C:/Users/HDo/.pico-sdk/toolchain/14_2_Rel1/bin/../lib/gcc/arm-none-eabi/14.2.1/thumb/v6-m/nofp\libg.a(libc_a-realloc.o)
                              CMakeFiles/adxl382_spi.dir/C_/Users/HDo/.pico-sdk/sdk/2.1.1/src/rp2_common/pico_malloc/malloc.c.obj (realloc)
C:/Users/HDo/.pico-sdk/toolchain/14_2_Rel1/bin/../lib/gcc/arm-none-eabi/14.2.1/thumb/v6-m/nofp\libg.a(libc_a-reallocr.o)
                              C:/Users/HDo/.pico-sdk/toolchain/14_2_Rel1/bin/../lib/gcc/arm-none-eabi/14.2.1/thumb/v6-m/nofp\libg.a(libc_a-realloc.o) (_realloc_r)
C:/Users/HDo/.pico-sdk/toolchain/14_2_Rel1/bin/../lib/gcc/arm-none-eabi/14.2.1/thumb/v6-m/nofp\libg.a(libc_a-memcmp.o)
                              CMakeFiles/adxl382_spi.dir/C_/Users/HDo/.pico-sdk/sdk/2.1.1/src/rp2_common/pico_atomic/atomic.c.obj (memcmp)
C:/Users/HDo/.pico-sdk/toolchain/14_2_Rel1/bin/../lib/gcc/arm-none-eabi/14.2.1/thumb/v6-m/nofp\libg.a(libc_a-memmove.o)
                              C:/Users/HDo/.pico-sdk/toolchain/14_2_Rel1/bin/../lib/gcc/arm-none-eabi/14.2.1/thumb/v6-m/nofp\libg.a(libc_a-reallocr.o) (memmove)
C:/Users/HDo/.pico-sdk/toolchain/14_2_Rel1/bin/../lib/gcc/arm-none-eabi/14.2.1/thumb/v6-m/nofp\libg.a(libc_a-lcltime_r.o)
                              CMakeFiles/adxl382_spi.dir/C_/Users/HDo/.pico-sdk/sdk/2.1.1/src/common/pico_util/datetime.c.obj (localtime_r)
C:/Users/HDo/.pico-sdk/toolchain/14_2_Rel1/bin/../lib/gcc/arm-none-eabi/14.2.1/thumb/v6-m/nofp\libg.a(libc_a-mktime.o)
                              CMakeFiles/adxl382_spi.dir/C_/Users/HDo/.pico-sdk/sdk/2.1.1/src/common/pico_util/datetime.c.obj (mktime)
C:/Users/HDo/.pico-sdk/toolchain/14_2_Rel1/bin/../lib/gcc/arm-none-eabi/14.2.1/thumb/v6-m/nofp\libg.a(libc_a-month_lengths.o)
                              C:/Users/HDo/.pico-sdk/toolchain/14_2_Rel1/bin/../lib/gcc/arm-none-eabi/14.2.1/thumb/v6-m/nofp\libg.a(libc_a-lcltime_r.o) (__month_lengths)
C:/Users/HDo/.pico-sdk/toolchain/14_2_Rel1/bin/../lib/gcc/arm-none-eabi/14.2.1/thumb/v6-m/nofp\libg.a(libc_a-tzcalc_limits.o)
                              C:/Users/HDo/.pico-sdk/toolchain/14_2_Rel1/bin/../lib/gcc/arm-none-eabi/14.2.1/thumb/v6-m/nofp\libg.a(libc_a-lcltime_r.o) (__tzcalc_limits)
C:/Users/HDo/.pico-sdk/toolchain/14_2_Rel1/bin/../lib/gcc/arm-none-eabi/14.2.1/thumb/v6-m/nofp\libg.a(libc_a-tzlock.o)
                              C:/Users/HDo/.pico-sdk/toolchain/14_2_Rel1/bin/../lib/gcc/arm-none-eabi/14.2.1/thumb/v6-m/nofp\libg.a(libc_a-lcltime_r.o) (__tz_lock)
C:/Users/HDo/.pico-sdk/toolchain/14_2_Rel1/bin/../lib/gcc/arm-none-eabi/14.2.1/thumb/v6-m/nofp\libg.a(libc_a-tzset.o)
                              C:/Users/HDo/.pico-sdk/toolchain/14_2_Rel1/bin/../lib/gcc/arm-none-eabi/14.2.1/thumb/v6-m/nofp\libg.a(libc_a-lcltime_r.o) (_tzset_unlocked)
C:/Users/HDo/.pico-sdk/toolchain/14_2_Rel1/bin/../lib/gcc/arm-none-eabi/14.2.1/thumb/v6-m/nofp\libg.a(libc_a-tzset_r.o)
                              C:/Users/HDo/.pico-sdk/toolchain/14_2_Rel1/bin/../lib/gcc/arm-none-eabi/14.2.1/thumb/v6-m/nofp\libg.a(libc_a-tzset.o) (_tzset_unlocked_r)
C:/Users/HDo/.pico-sdk/toolchain/14_2_Rel1/bin/../lib/gcc/arm-none-eabi/14.2.1/thumb/v6-m/nofp\libg.a(libc_a-tzvars.o)
[...]
Memory Configuration

Name             Origin             Length             Attributes
FLASH            0x10000000         0x00200000         xr
RAM              0x20000000         0x00040000         xrw
SCRATCH_X        0x20040000         0x00001000         xrw
SCRATCH_Y        0x20041000         0x00001000         xrw
*default*        0x00000000         0xffffffff

Linker script and memory map

LOAD C:/Users/HDo/.pico-sdk/toolchain/14_2_Rel1/bin/../lib/gcc/arm-none-eabi/14.2.1/thumb/v6-m/nofp/crti.o
LOAD C:/Users/HDo/.pico-sdk/toolchain/14_2_Rel1/bin/../lib/gcc/arm-none-eabi/14.2.1/thumb/v6-m/nofp/crtbegin.o
LOAD C:/Users/HDo/.pico-sdk/toolchain/14_2_Rel1/bin/../lib/gcc/arm-none-eabi/14.2.1/thumb/v6-m/nofp/crt0.o

.flash_begin    0x10000000        0x0
                0x10000000                        __flash_binary_start = .

.boot2          0x10000000      0x100
                0x10000000                        __boot2_start__ = .
 *(.boot2)
 .boot2         0x10000000      0x100 pico-sdk/src/rp2040/boot_stage2/CMakeFiles/bs2_default_library.dir/./bs2_default_padded_checksummed.S.obj
                0x10000100                        __boot2_end__ = .
                0x00000001                        ASSERT (((__boot2_end__ - __boot2_start__) == 0x100), ERROR: Pico second stage bootloader must be 256 bytes in size)

.text           0x10000100     0x7264
                0x10000100                        __logical_binary_start = .
 *(.vectors)
 .vectors       0x10000100       0xd4 CMakeFiles/adxl382_spi.dir/C_/Users/HDo/.pico-sdk/sdk/2.1.1/src/rp2_common/pico_crt0/crt0.S.obj
                0x10000100                __VECTOR_TABLE
                0x10000100                __vectors
                0x100001c0                isr_invalid
                0x100001c0                __default_isrs_start
                0x100001c2                isr_nmi
                0x100001c4                isr_hardfault
                0x100001c6                isr_svcall
                0x100001c8                isr_pendsv
                0x100001ca                isr_systick
                0x100001cc                isr_irq23
                0x100001cc                isr_irq18
                0x100001cc                isr_irq11
                0x100001cc                isr_irq28
                0x100001cc                isr_irq19
                0x100001cc                isr_irq0
                0x100001cc                isr_irq6
                0x100001cc                isr_irq5
                0x100001cc                isr_irq12
                0x100001cc                isr_irq22
                0x100001cc                isr_irq31
                0x100001cc                isr_irq17
                0x100001cc                isr_irq27
                0x100001cc                isr_irq30
                0x100001cc                isr_irq2
                0x100001cc                isr_irq10
                0x100001cc                isr_irq8
                0x100001cc                isr_irq24
                0x100001cc                isr_irq1
                0x100001cc                isr_irq7
                0x100001cc                isr_irq21
                0x100001cc                isr_irq20
                0x100001cc                isr_irq15
                0x100001cc                isr_irq25
                0x100001cc                isr_irq13
                0x100001cc                __unhandled_user_irq
                0x100001cc                isr_irq4
                0x100001cc                isr_irq16
                0x100001cc                isr_irq29
                0x100001cc                isr_irq26
                0x100001cc                __default_isrs_end
                0x100001cc                isr_irq3
                0x100001cc                isr_irq14
                0x100001cc                isr_irq9
                0x100001d2                unhandled_user_irq_num_in_r0
 *(.binary_info_header)
 .binary_info_header
                0x100001d4       0x14 CMakeFiles/adxl382_spi.dir/C_/Users/HDo/.pico-sdk/sdk/2.1.1/src/rp2_common/pico_crt0/crt0.S.obj
                0x100001e8                        __binary_info_header_end = .
 *(.embedded_block)
                0x100001e8                        __embedded_block_end = .
 *(.reset)
 .reset         0x100001e8       0x9c CMakeFiles/adxl382_spi.dir/C_/Users/HDo/.pico-sdk/sdk/2.1.1/src/rp2_common/pico_crt0/crt0.S.obj
                0x100001e8                _entry_point
 *(.init)
 .init          0x10000284        0x4 C:/Users/HDo/.pico-sdk/toolchain/14_2_Rel1/bin/../lib/gcc/arm-none-eabi/14.2.1/thumb/v6-m/nofp/crti.o
                0x10000284                _init
 *(EXCLUDE_FILE(*libm.a: *libc.a:*lib_a-mem*.o *libgcc.a:) .text*)
 .text.register_tm_clones
                0x10000288       0x28 C:/Users/HDo/.pico-sdk/toolchain/14_2_Rel1/bin/../lib/gcc/arm-none-eabi/14.2.1/thumb/v6-m/nofp/crtbegin.o
 .text.frame_dummy
                0x100002b0       0x24 C:/Users/HDo/.pico-sdk/toolchain/14_2_Rel1/bin/../lib/gcc/arm-none-eabi/14.2.1/thumb/v6-m/nofp/crtbegin.o
 .text.write_register
                0x100002d4       0x70 CMakeFiles/adxl382_spi.dir/adxl382.c.obj
                0x100002d4                write_register
 .text.read_register
                0x10000344       0x74 CMakeFiles/adxl382_spi.dir/adxl382.c.obj
                0x10000344                read_register
 .text.adxl38x_init
                0x100003b8       0x94 CMakeFiles/adxl382_spi.dir/adxl382.c.obj
                0x100003b8                adxl38x_init
 .text.adxl38x_soft_reset
                0x1000044c       0x7c CMakeFiles/adxl382_spi.dir/adxl382.c.obj
                0x1000044c                adxl38x_soft_reset
 .text.adxl38x_set_range
                0x100004c8       0xf4 CMakeFiles/adxl382_spi.dir/adxl382.c.obj
                0x100004c8                adxl38x_set_range
 .text.adxl38x_set_to_standby
                0x100005bc       0x78 CMakeFiles/adxl382_spi.dir/adxl382.c.obj
                0x100005bc                adxl38x_set_to_standby
 .text.adxl38x_accel_set_FIFO
                0x10000634      0x150 CMakeFiles/adxl382_spi.dir/adxl382.c.obj
                0x10000634                adxl38x_accel_set_FIFO
 .text.startup.main
                0x10000784      0x180 CMakeFiles/adxl382_spi.dir/main.c.obj
                0x10000784                main
 .text.gpio_set_function
                0x10000904       0x34 CMakeFiles/adxl382_spi.dir/C_/Users/HDo/.pico-sdk/sdk/2.1.1/src/rp2_common/hardware_gpio/gpio.c.obj
                0x10000904                gpio_set_function
 .text.gpio_init
                0x10000938       0x40 CMakeFiles/adxl382_spi.dir/C_/Users/HDo/.pico-sdk/sdk/2.1.1/src/rp2_common/hardware_gpio/gpio.c.obj
                0x10000938                gpio_init
 .text.rp2040_chip_version
                0x10000978        0xc CMakeFiles/adxl382_spi.dir/C_/Users/HDo/.pico-sdk/sdk/2.1.1/src/rp2040/pico_platform/platform.c.obj
                0x10000978                rp2040_chip_version
 .text.panic    0x10000984       0x30 CMakeFiles/adxl382_spi.dir/C_/Users/HDo/.pico-sdk/sdk/2.1.1/src/rp2_common/pico_platform_panic/panic.c.obj
                0x10000984                panic
 .text.hw_claim_or_assert
                0x100009b4       0x44 CMakeFiles/adxl382_spi.dir/C_/Users/HDo/.pico-sdk/sdk/2.1.1/src/common/hardware_claim/claim.c.obj
                0x100009b4                hw_claim_or_assert
 .text.hw_claim_unused_from_range
                0x100009f8       0x88 CMakeFiles/adxl382_spi.dir/C_/Users/HDo/.pico-sdk/sdk/2.1.1/src/common/hardware_claim/claim.c.obj
                0x100009f8                hw_claim_unused_from_range
 .text.next_striped_spin_lock_num
                0x10000a80       0x18 CMakeFiles/adxl382_spi.dir/C_/Users/HDo/.pico-sdk/sdk/2.1.1/src/rp2_common/hardware_sync/sync.c.obj
                0x10000a80                next_striped_spin_lock_num
 .text.spin_lock_claim_unused
                0x10000a98       0x24 CMakeFiles/adxl382_spi.dir/C_/Users/HDo/.pico-sdk/sdk/2.1.1/src/rp2_common/hardware_sync/sync.c.obj
                0x10000a98                spin_lock_claim_unused
 .text.spin_locks_reset
                0x10000abc       0x1c CMakeFiles/adxl382_spi.dir/C_/Users/HDo/.pico-sdk/sdk/2.1.1/src/rp2_common/hardware_sync_spin_lock/sync_spin_lock.c.obj
                0x10000abc                spin_locks_reset
 .text.runtime_init_per_core_irq_priorities
                0x10000ad8       0x24 CMakeFiles/adxl382_spi.dir/C_/Users/HDo/.pico-sdk/sdk/2.1.1/src/rp2_common/hardware_irq/irq.c.obj
                0x10000ad8                runtime_init_per_core_irq_priorities
 .text.irq_set_enabled
                0x10000afc       0x24 CMakeFiles/adxl382_spi.dir/C_/Users/HDo/.pico-sdk/sdk/2.1.1/src/rp2_common/hardware_irq/irq.c.obj
                0x10000afc                irq_set_enabled
 .text.irq_is_enabled
                0x10000b20       0x18 CMakeFiles/adxl382_spi.dir/C_/Users/HDo/.pico-sdk/sdk/2.1.1/src/rp2_common/hardware_irq/irq.c.obj
                0x10000b20                irq_is_enabled
 .text.irq_set_pending
                0x10000b38       0x10 CMakeFiles/adxl382_spi.dir/C_/Users/HDo/.pico-sdk/sdk/2.1.1/src/rp2_common/hardware_irq/irq.c.obj
                0x10000b38                irq_set_pending
 .text.irq_has_shared_handler
                0x10000b48       0x24 CMakeFiles/adxl382_spi.dir/C_/Users/HDo/.pico-sdk/sdk/2.1.1/src/rp2_common/hardware_irq/irq.c.obj
                0x10000b48                irq_has_shared_handler
 .text.irq_set_exclusive_handler
                0x10000b6c       0x54 CMakeFiles/adxl382_spi.dir/C_/Users/HDo/.pico-sdk/sdk/2.1.1/src/rp2_common/hardware_irq/irq.c.obj
                0x10000b6c                irq_set_exclusive_handler
 .text.irq_add_shared_handler
                0x10000bc0      0x1f4 CMakeFiles/adxl382_spi.dir/C_/Users/HDo/.pico-sdk/sdk/2.1.1/src/rp2_common/hardware_irq/irq.c.obj
                0x10000bc0                irq_add_shared_handler
 .text.irq_add_tail_to_free_list
                0x10000db4       0xb4 CMakeFiles/adxl382_spi.dir/C_/Users/HDo/.pico-sdk/sdk/2.1.1/src/rp2_common/hardware_irq/irq.c.obj
                0x10000db4                irq_add_tail_to_free_list
 .text.user_irq_claim_unused
                0x10000e68       0x2c CMakeFiles/adxl382_spi.dir/C_/Users/HDo/.pico-sdk/sdk/2.1.1/src/rp2_common/hardware_irq/irq.c.obj
                0x10000e68                user_irq_claim_unused
 .text.lock_init
                0x10000e94       0x10 CMakeFiles/adxl382_spi.dir/C_/Users/HDo/.pico-sdk/sdk/2.1.1/src/common/pico_sync/lock_core.c.obj
                0x10000e94                lock_init
 .text.runtime_init_mutex
                0x10000ea4       0x50 CMakeFiles/adxl382_spi.dir/C_/Users/HDo/.pico-sdk/sdk/2.1.1/src/common/pico_sync/mutex.c.obj
                0x10000ea4                runtime_init_mutex
 .text.mutex_init
                0x10000ef4       0x1c CMakeFiles/adxl382_spi.dir/C_/Users/HDo/.pico-sdk/sdk/2.1.1/src/common/pico_sync/mutex.c.obj
                0x10000ef4                mutex_init
 .text.critical_section_init
                0x10000f10       0x1c CMakeFiles/adxl382_spi.dir/C_/Users/HDo/.pico-sdk/sdk/2.1.1/src/common/pico_sync/critical_section.c.obj
                0x10000f10                critical_section_init
 .text.critical_section_init_with_lock_num
                0x10000f2c       0x14 CMakeFiles/adxl382_spi.dir/C_/Users/HDo/.pico-sdk/sdk/2.1.1/src/common/pico_sync/critical_section.c.obj
                0x10000f2c                critical_section_init_with_lock_num
 .text.sleep_until_callback
                0x10000f40       0x30 CMakeFiles/adxl382_spi.dir/C_/Users/HDo/.pico-sdk/sdk/2.1.1/src/common/pico_time/time.c.obj
 .text.alarm_pool_irq_handler
                0x10000f70      0x300 CMakeFiles/adxl382_spi.dir/C_/Users/HDo/.pico-sdk/sdk/2.1.1/src/common/pico_time/time.c.obj
 .text.runtime_init_default_alarm_pool
                0x10001270       0xdc CMakeFiles/adxl382_spi.dir/C_/Users/HDo/.pico-sdk/sdk/2.1.1/src/common/pico_time/time.c.obj
                0x10001270                runtime_init_default_alarm_pool
 .text.alarm_pool_get_default
                0x1000134c        0x8 CMakeFiles/adxl382_spi.dir/C_/Users/HDo/.pico-sdk/sdk/2.1.1/src/common/pico_time/time.c.obj
                0x1000134c                alarm_pool_get_default
 .text.alarm_pool_add_alarm_at
                0x10001354       0xd0 CMakeFiles/adxl382_spi.dir/C_/Users/HDo/.pico-sdk/sdk/2.1.1/src/common/pico_time/time.c.obj
                0x10001354                alarm_pool_add_alarm_at
 .text.alarm_pool_add_alarm_at_force_in_context
                0x10001424       0xb0 CMakeFiles/adxl382_spi.dir/C_/Users/HDo/.pico-sdk/sdk/2.1.1/src/common/pico_time/time.c.obj
                0x10001424                alarm_pool_add_alarm_at_force_in_context
 .text.alarm_pool_cancel_alarm
                0x100014d4       0x74 CMakeFiles/adxl382_spi.dir/C_/Users/HDo/.pico-sdk/sdk/2.1.1/src/common/pico_time/time.c.obj
                0x100014d4                alarm_pool_cancel_alarm
 .text.alarm_pool_core_num
                0x10001548        0x4 CMakeFiles/adxl382_spi.dir/C_/Users/HDo/.pico-sdk/sdk/2.1.1/src/common/pico_time/time.c.obj
                0x10001548                alarm_pool_core_num
 .text.sleep_us
                0x1000154c       0xec CMakeFiles/adxl382_spi.dir/C_/Users/HDo/.pico-sdk/sdk/2.1.1/src/common/pico_time/time.c.obj
                0x1000154c                sleep_us
 .text.sleep_ms
                0x10001638       0xfc CMakeFiles/adxl382_spi.dir/C_/Users/HDo/.pico-sdk/sdk/2.1.1/src/common/pico_time/time.c.obj
                0x10001638                sleep_ms
 .text.best_effort_wfe_or_timeout
                0x10001734      0x10c CMakeFiles/adxl382_spi.dir/C_/Users/HDo/.pico-sdk/sdk/2.1.1/src/common/pico_time/time.c.obj
                0x10001734                best_effort_wfe_or_timeout
 .text.timer_hardware_alarm_claim
                0x10001840       0x14 CMakeFiles/adxl382_spi.dir/C_/Users/HDo/.pico-sdk/sdk/2.1.1/src/rp2_common/hardware_timer/timer.c.obj
                0x10001840                timer_hardware_alarm_claim
 .text.timer_time_us_64
                0x10001854       0x10 CMakeFiles/adxl382_spi.dir/C_/Users/HDo/.pico-sdk/sdk/2.1.1/src/rp2_common/hardware_timer/timer.c.obj
                0x10001854                timer_time_us_64
 .text.time_us_64
                0x10001864       0x14 CMakeFiles/adxl382_spi.dir/C_/Users/HDo/.pico-sdk/sdk/2.1.1/src/rp2_common/hardware_timer/timer.c.obj
                0x10001864                time_us_64
 .text.busy_wait_until
                0x10001878       0x20 CMakeFiles/adxl382_spi.dir/C_/Users/HDo/.pico-sdk/sdk/2.1.1/src/rp2_common/hardware_timer/timer.c.obj
                0x10001878                busy_wait_until
 .text.clock_configure_int_divider
                0x10001898       0xf4 CMakeFiles/adxl382_spi.dir/C_/Users/HDo/.pico-sdk/sdk/2.1.1/src/rp2_common/hardware_clocks/clocks.c.obj
                0x10001898                clock_configure_int_divider
 .text.clock_configure_undivided
                0x1000198c       0xe8 CMakeFiles/adxl382_spi.dir/C_/Users/HDo/.pico-sdk/sdk/2.1.1/src/rp2_common/hardware_clocks/clocks.c.obj
                0x1000198c                clock_configure_undivided
 .text.clock_get_hz
                0x10001a74        0xc CMakeFiles/adxl382_spi.dir/C_/Users/HDo/.pico-sdk/sdk/2.1.1/src/rp2_common/hardware_clocks/clocks.c.obj
                0x10001a74                clock_get_hz
 .text.pll_init
                0x10001a80       0xa4 CMakeFiles/adxl382_spi.dir/C_/Users/HDo/.pico-sdk/sdk/2.1.1/src/rp2_common/hardware_pll/pll.c.obj
                0x10001a80                pll_init
 .text.watchdog_reboot
                0x10001b24       0x9c CMakeFiles/adxl382_spi.dir/C_/Users/HDo/.pico-sdk/sdk/2.1.1/src/rp2_common/hardware_watchdog/watchdog.c.obj
                0x10001b24                watchdog_reboot
 .text.tick_start
                0x10001bc0       0x10 CMakeFiles/adxl382_spi.dir/C_/Users/HDo/.pico-sdk/sdk/2.1.1/src/rp2_common/hardware_ticks/ticks.c.obj
                0x10001bc0                tick_start
 .text.rom_func_lookup
                0x10001bd0       0x10 CMakeFiles/adxl382_spi.dir/C_/Users/HDo/.pico-sdk/sdk/2.1.1/src/rp2_common/pico_bootrom/bootrom.c.obj
                0x10001bd0                rom_func_lookup
 .text.rom_data_lookup
                0x10001be0       0x10 CMakeFiles/adxl382_spi.dir/C_/Users/HDo/.pico-sdk/sdk/2.1.1/src/rp2_common/pico_bootrom/bootrom.c.obj
                0x10001be0                rom_data_lookup
 .text.rom_funcs_lookup
                0x10001bf0       0x44 CMakeFiles/adxl382_spi.dir/C_/Users/HDo/.pico-sdk/sdk/2.1.1/src/rp2_common/pico_bootrom/bootrom.c.obj
                0x10001bf0                rom_funcs_lookup
 .text.rom_reset_usb_boot_extra
                0x10001c34       0x24 CMakeFiles/adxl382_spi.dir/C_/Users/HDo/.pico-sdk/sdk/2.1.1/src/rp2_common/pico_bootrom/bootrom.c.obj
                0x10001c34                rom_reset_usb_boot_extra
 .text.xosc_init
                0x10001c58       0x28 CMakeFiles/adxl382_spi.dir/C_/Users/HDo/.pico-sdk/sdk/2.1.1/src/rp2_common/hardware_xosc/xosc.c.obj
                0x10001c58                xosc_init
 .text.first_per_core_initializer
                0x10001c80        0x4 CMakeFiles/adxl382_spi.dir/C_/Users/HDo/.pico-sdk/sdk/2.1.1/src/rp2_common/pico_runtime/runtime.c.obj
 .text.hard_assertion_failure
                0x10001c84        0xc CMakeFiles/adxl382_spi.dir/C_/Users/HDo/.pico-sdk/sdk/2.1.1/src/rp2_common/pico_runtime/runtime.c.obj
                0x10001c84                hard_assertion_failure
 .text.runtime_run_initializers
                0x10001c90       0x28 CMakeFiles/adxl382_spi.dir/C_/Users/HDo/.pico-sdk/sdk/2.1.1/src/rp2_common/pico_runtime/runtime.c.obj
                0x10001c90                runtime_run_initializers
 .text.runtime_init_early_resets
                0x10001cb8       0x2c CMakeFiles/adxl382_spi.dir/C_/Users/HDo/.pico-sdk/sdk/2.1.1/src/rp2_common/pico_runtime_init/runtime_init.c.obj
                0x10001cb8                runtime_init_early_resets
 .text.runtime_init_usb_power_down
                0x10001ce4       0x1c CMakeFiles/adxl382_spi.dir/C_/Users/HDo/.pico-sdk/sdk/2.1.1/src/rp2_common/pico_runtime_init/runtime_init.c.obj
                0x10001ce4                runtime_init_usb_power_down
 .text.runtime_init_post_clock_resets
                0x10001d00       0x20 CMakeFiles/adxl382_spi.dir/C_/Users/HDo/.pico-sdk/sdk/2.1.1/src/rp2_common/pico_runtime_init/runtime_init.c.obj
                0x10001d00                runtime_init_post_clock_resets
 .text.runtime_init_rp2040_gpio_ie_disable
                0x10001d20       0x14 CMakeFiles/adxl382_spi.dir/C_/Users/HDo/.pico-sdk/sdk/2.1.1/src/rp2_common/pico_runtime_init/runtime_init.c.obj
                0x10001d20                runtime_init_rp2040_gpio_ie_disable
 .text.runtime_init_spin_locks_reset
                0x10001d34        0x8 CMakeFiles/adxl382_spi.dir/C_/Users/HDo/.pico-sdk/sdk/2.1.1/src/rp2_common/pico_runtime_init/runtime_init.c.obj
                0x10001d34                runtime_init_spin_locks_reset
 .text.runtime_init_install_ram_vector_table
                0x10001d3c       0x1c CMakeFiles/adxl382_spi.dir/C_/Users/HDo/.pico-sdk/sdk/2.1.1/src/rp2_common/pico_runtime_init/runtime_init.c.obj
                0x10001d3c                runtime_init_install_ram_vector_table
 .text.runtime_init_clocks
                0x10001d58       0xd8 CMakeFiles/adxl382_spi.dir/C_/Users/HDo/.pico-sdk/sdk/2.1.1/src/rp2_common/pico_runtime_init/runtime_init_clocks.c.obj
                0x10001d58                runtime_init_clocks
 .text          0x10001e30       0x10 CMakeFiles/adxl382_spi.dir/C_/Users/HDo/.pico-sdk/sdk/2.1.1/src/rp2_common/pico_bit_ops/bit_ops_aeabi.S.obj
 .text.__wrap___aeabi_idiv
                0x10001e40       0x50 CMakeFiles/adxl382_spi.dir/C_/Users/HDo/.pico-sdk/sdk/2.1.1/src/rp2_common/pico_divider/divider_hardware.S.obj
                0x10001e40                __wrap___aeabi_idivmod
                0x10001e40                divmod_s32s32
                0x10001e40                div_s32s32
                0x10001e40                __wrap___aeabi_idiv
                0x10001e48                divmod_s32s32_unsafe
                0x10001e74                divmod_s32s32_savestate
 .text.__wrap___aeabi_uidiv
                0x10001e90       0x4c CMakeFiles/adxl382_spi.dir/C_/Users/HDo/.pico-sdk/sdk/2.1.1/src/rp2_common/pico_divider/divider_hardware.S.obj
                0x10001e90                __wrap___aeabi_uidiv
                0x10001e90                __wrap___aeabi_uidivmod
                0x10001e90                div_u32u32
                0x10001e90                divmod_u32u32
                0x10001e98                divmod_u32u32_unsafe
                0x10001ec0                divmod_u32u32_savestate
 .text.__wrap___aeabi_ldiv
                0x10001edc      0x424 CMakeFiles/adxl382_spi.dir/C_/Users/HDo/.pico-sdk/sdk/2.1.1/src/rp2_common/pico_divider/divider_hardware.S.obj
                0x10001edc                div_s64s64
                0x10001edc                divmod_s64s64
                0x10001edc                __wrap___aeabi_ldivmod
                0x10001f0c                divmod_u64u64
                0x10001f0c                div_u64u64
                0x10001f0c                __wrap___aeabi_uldivmod
                0x10001f1c                divmod_u64u64_savestate
                0x10001f3c                divmod_s64s64_unsafe
                0x10001fc4                divmod_u64u64_unsafe
 .text.__wrap___aeabi_darithmetic
                0x10002300       0x80 CMakeFiles/adxl382_spi.dir/C_/Users/HDo/.pico-sdk/sdk/2.1.1/src/rp2_common/pico_double/double_aeabi_rp2040.S.obj
                0x10002300                __wrap___aeabi_drsub
                0x10002306                __wrap___aeabi_dsub
                0x10002318                __wrap___aeabi_dadd
                0x1000232a                __wrap___aeabi_ddiv
                0x10002366                __wrap___aeabi_dmul
 .text.__wrap___aeabi_cdcmple
                0x10002380       0x6c CMakeFiles/adxl382_spi.dir/C_/Users/HDo/.pico-sdk/sdk/2.1.1/src/rp2_common/pico_double/double_aeabi_rp2040.S.obj
                0x10002380                __wrap___aeabi_cdrcmple
                0x10002390                __wrap___aeabi_cdcmpeq
                0x10002390                __wrap___aeabi_cdcmple
 .text.__wrap___aeabi_dcmplt
                0x100023ec        0xc CMakeFiles/adxl382_spi.dir/C_/Users/HDo/.pico-sdk/sdk/2.1.1/src/rp2_common/pico_double/double_aeabi_rp2040.S.obj
                0x100023ec                __wrap___aeabi_dcmplt
 .text.__wrap___aeabi_dcmple
                0x100023f8       0x10 CMakeFiles/adxl382_spi.dir/C_/Users/HDo/.pico-sdk/sdk/2.1.1/src/rp2_common/pico_double/double_aeabi_rp2040.S.obj
                0x100023f8                __wrap___aeabi_dcmple
 .text.__wrap___aeabi_dcmpge
                0x10002408       0x10 CMakeFiles/adxl382_spi.dir/C_/Users/HDo/.pico-sdk/sdk/2.1.1/src/rp2_common/pico_double/double_aeabi_rp2040.S.obj
                0x10002408                __wrap___aeabi_dcmpge
 .text.__wrap___aeabi_dcmpgt
                0x10002418        0xa CMakeFiles/adxl382_spi.dir/C_/Users/HDo/.pico-sdk/sdk/2.1.1/src/rp2_common/pico_double/double_aeabi_rp2040.S.obj
                0x10002418                __wrap___aeabi_dcmpgt
 .text.__wrap___aeabi_dcmpun
                0x10002422       0x18 CMakeFiles/adxl382_spi.dir/C_/Users/HDo/.pico-sdk/sdk/2.1.1/src/rp2_common/pico_double/double_aeabi_rp2040.S.obj
                0x10002422                __wrap___aeabi_dcmpun
 *fill*         0x1000243a        0x2 
 .text.__wrap___aeabi_i2d
                0x1000243c       0x38 CMakeFiles/adxl382_spi.dir/C_/Users/HDo/.pico-sdk/sdk/2.1.1/src/rp2_common/pico_double/double_aeabi_rp2040.S.obj
                0x1000243c                uint2double
                0x1000243c                __wrap___aeabi_ui2d
                0x10002444                int2double
                0x10002444                __wrap___aeabi_i2d
 .text.__wrap___aeabi_d2iz
                0x10002474       0x48 CMakeFiles/adxl382_spi.dir/C_/Users/HDo/.pico-sdk/sdk/2.1.1/src/rp2_common/pico_double/double_aeabi_rp2040.S.obj
                0x10002474                double2int_z
                0x10002474                __wrap___aeabi_d2iz
 .text.__wrap___aeabi_d2uiz
                0x100024bc       0x18 CMakeFiles/adxl382_spi.dir/C_/Users/HDo/.pico-sdk/sdk/2.1.1/src/rp2_common/pico_double/double_aeabi_rp2040.S.obj
                0x100024bc                double2uint
                0x100024bc                __wrap___aeabi_d2uiz
                0x100024bc                double2uint_z
 .text.__aeabi_double_init
                0x100024d4       0xa4 CMakeFiles/adxl382_spi.dir/C_/Users/HDo/.pico-sdk/sdk/2.1.1/src/rp2_common/pico_double/double_init_rom_rp2040.c.obj
                0x100024d4                __aeabi_double_init
 .text.double_table_shim_on_use_helper
                0x10002578       0x2c CMakeFiles/adxl382_spi.dir/C_/Users/HDo/.pico-sdk/sdk/2.1.1/src/rp2_common/pico_double/double_v1_rom_shim_rp2040.S.obj
                0x10002578                double_table_shim_on_use_helper
 .text.__wrap___aeabi_dsub
                0x100025a4       0x10 CMakeFiles/adxl382_spi.dir/C_/Users/HDo/.pico-sdk/sdk/2.1.1/src/rp2_common/pico_double/double_v1_rom_shim_rp2040.S.obj
                0x100025a4                drsub_shim
                0x100025aa                dsub_shim
 .text.dadd_shim
                0x100025b4      0x15c CMakeFiles/adxl382_spi.dir/C_/Users/HDo/.pico-sdk/sdk/2.1.1/src/rp2_common/pico_double/double_v1_rom_shim_rp2040.S.obj
                0x100025b4                dadd_shim
 .text.dmul_shim
                0x10002710      0x15c CMakeFiles/adxl382_spi.dir/C_/Users/HDo/.pico-sdk/sdk/2.1.1/src/rp2_common/pico_double/double_v1_rom_shim_rp2040.S.obj
                0x10002710                dmul_shim
 .text.ddiv_shim
                0x1000286c      0x1b0 CMakeFiles/adxl382_spi.dir/C_/Users/HDo/.pico-sdk/sdk/2.1.1/src/rp2_common/pico_double/double_v1_rom_shim_rp2040.S.obj
                0x1000286c                ddiv_shim
 .text.double2uint_shim
                0x10002a1c        0xe CMakeFiles/adxl382_spi.dir/C_/Users/HDo/.pico-sdk/sdk/2.1.1/src/rp2_common/pico_double/double_v1_rom_shim_rp2040.S.obj
                0x10002a1c                double2uint_shim
                0x10002a1e                double2ufix_shim
 *fill*         0x10002a2a        0x2 
 .text.double2uint64_shim
                0x10002a2c       0x70 CMakeFiles/adxl382_spi.dir/C_/Users/HDo/.pico-sdk/sdk/2.1.1/src/rp2_common/pico_double/double_v1_rom_shim_rp2040.S.obj
                0x10002a2c                double2uint64_shim
                0x10002a2e                double2ufix64_shim
                0x10002a4e                d2fix_a
 .text.dunpacks
                0x10002a9c       0x3c CMakeFiles/adxl382_spi.dir/C_/Users/HDo/.pico-sdk/sdk/2.1.1/src/rp2_common/pico_double/double_v1_rom_shim_rp2040.S.obj
                0x10002a9c                dunpacks
 .text.__aeabi_lmul
                0x10002ad8       0x32 CMakeFiles/adxl382_spi.dir/C_/Users/HDo/.pico-sdk/sdk/2.1.1/src/rp2_common/pico_int64_ops/pico_int64_ops_aeabi.S.obj
                0x10002ad8                __wrap___aeabi_lmul
 *fill*         0x10002b0a        0x2 
 .text.__aeabi_float_init
                0x10002b0c       0x64 CMakeFiles/adxl382_spi.dir/C_/Users/HDo/.pico-sdk/sdk/2.1.1/src/rp2_common/pico_float/float_init_rom_rp2040.c.obj
                0x10002b0c                __aeabi_float_init
 .text.float_table_shim_on_use_helper
                0x10002b70       0x2c CMakeFiles/adxl382_spi.dir/C_/Users/HDo/.pico-sdk/sdk/2.1.1/src/rp2_common/pico_float/float_v1_rom_shim_rp2040.S.obj
                0x10002b70                float_table_shim_on_use_helper
 .text          0x10002b9c       0x10 CMakeFiles/adxl382_spi.dir/C_/Users/HDo/.pico-sdk/sdk/2.1.1/src/rp2_common/pico_mem_ops/mem_ops_aeabi.S.obj
                0x10002b9c                __aeabi_mem_init
 .text.memset   0x10002bac        0xc CMakeFiles/adxl382_spi.dir/C_/Users/HDo/.pico-sdk/sdk/2.1.1/src/rp2_common/pico_mem_ops/mem_ops_aeabi.S.obj
                0x10002bac                __wrap_memset
 .text.memcpy   0x10002bb8        0xc CMakeFiles/adxl382_spi.dir/C_/Users/HDo/.pico-sdk/sdk/2.1.1/src/rp2_common/pico_mem_ops/mem_ops_aeabi.S.obj
                0x10002bb8                __wrap_memcpy
                0x10002bb8                __wrap___aeabi_memcpy
 .text._out_null
                0x10002bc4        0x4 CMakeFiles/adxl382_spi.dir/C_/Users/HDo/.pico-sdk/sdk/2.1.1/src/rp2_common/pico_printf/printf.c.obj
 .text._out_rev
                0x10002bc8       0xac CMakeFiles/adxl382_spi.dir/C_/Users/HDo/.pico-sdk/sdk/2.1.1/src/rp2_common/pico_printf/printf.c.obj
 .text._ntoa_format
                0x10002c74      0x1cc CMakeFiles/adxl382_spi.dir/C_/Users/HDo/.pico-sdk/sdk/2.1.1/src/rp2_common/pico_printf/printf.c.obj
 .text._out_char
                0x10002e40       0x10 CMakeFiles/adxl382_spi.dir/C_/Users/HDo/.pico-sdk/sdk/2.1.1/src/rp2_common/pico_printf/printf.c.obj
 .text._out_fct
                0x10002e50       0x10 CMakeFiles/adxl382_spi.dir/C_/Users/HDo/.pico-sdk/sdk/2.1.1/src/rp2_common/pico_printf/printf.c.obj
 .text._ftoa    0x10002e60      0x4a8 CMakeFiles/adxl382_spi.dir/C_/Users/HDo/.pico-sdk/sdk/2.1.1/src/rp2_common/pico_printf/printf.c.obj
 .text._etoa    0x10003308      0x57c CMakeFiles/adxl382_spi.dir/C_/Users/HDo/.pico-sdk/sdk/2.1.1/src/rp2_common/pico_printf/printf.c.obj
 .text._vsnprintf
                0x10003884      0xbe0 CMakeFiles/adxl382_spi.dir/C_/Users/HDo/.pico-sdk/sdk/2.1.1/src/rp2_common/pico_printf/printf.c.obj
 .text.vfctprintf
                0x10004464       0x24 CMakeFiles/adxl382_spi.dir/C_/Users/HDo/.pico-sdk/sdk/2.1.1/src/rp2_common/pico_printf/printf.c.obj
                0x10004464                vfctprintf
 .text.weak_raw_vprintf
                0x10004488       0x30 CMakeFiles/adxl382_spi.dir/C_/Users/HDo/.pico-sdk/sdk/2.1.1/src/rp2_common/pico_printf/printf.c.obj
                0x10004488                weak_raw_vprintf
 .text._exit    0x100044b8        0x4 CMakeFiles/adxl382_spi.dir/C_/Users/HDo/.pico-sdk/sdk/2.1.1/src/rp2_common/pico_clib_interface/newlib_interface.c.obj
                0x100044b8                _exit
 .text.exit     0x100044bc        0x8 CMakeFiles/adxl382_spi.dir/C_/Users/HDo/.pico-sdk/sdk/2.1.1/src/rp2_common/pico_clib_interface/newlib_interface.c.obj
                0x100044bc                exit
 .text.runtime_init
                0x100044c4       0x2c CMakeFiles/adxl382_spi.dir/C_/Users/HDo/.pico-sdk/sdk/2.1.1/src/rp2_common/pico_clib_interface/newlib_interface.c.obj
                0x100044c4                runtime_init
 .text.stdio_out_chars_no_crlf
                0x100044f0       0x10 CMakeFiles/adxl382_spi.dir/C_/Users/HDo/.pico-sdk/sdk/2.1.1/src/rp2_common/pico_stdio/stdio.c.obj
 .text.stdio_out_chars_crlf
                0x10004500       0xb0 CMakeFiles/adxl382_spi.dir/C_/Users/HDo/.pico-sdk/sdk/2.1.1/src/rp2_common/pico_stdio/stdio.c.obj
 .text.stdio_buffered_printer
                0x100045b0       0x64 CMakeFiles/adxl382_spi.dir/C_/Users/HDo/.pico-sdk/sdk/2.1.1/src/rp2_common/pico_stdio/stdio.c.obj
 .text.stdio_put_string
                0x10004614       0xfc CMakeFiles/adxl382_spi.dir/C_/Users/HDo/.pico-sdk/sdk/2.1.1/src/rp2_common/pico_stdio/stdio.c.obj
                0x10004614                stdio_put_string
 .text.stdio_set_driver_enabled
                0x10004710       0x30 CMakeFiles/adxl382_spi.dir/C_/Users/HDo/.pico-sdk/sdk/2.1.1/src/rp2_common/pico_stdio/stdio.c.obj
                0x10004710                stdio_set_driver_enabled
 .text.stdio_init_all
                0x10004740        0x8 CMakeFiles/adxl382_spi.dir/C_/Users/HDo/.pico-sdk/sdk/2.1.1/src/rp2_common/pico_stdio/stdio.c.obj
                0x10004740                stdio_init_all
 .text.__wrap_putchar
                0x10004748       0x94 CMakeFiles/adxl382_spi.dir/C_/Users/HDo/.pico-sdk/sdk/2.1.1/src/rp2_common/pico_stdio/stdio.c.obj
                0x10004748                __wrap_putchar
                0x10004748                stdio_putchar
 .text.__wrap_puts
                0x100047dc       0x3c CMakeFiles/adxl382_spi.dir/C_/Users/HDo/.pico-sdk/sdk/2.1.1/src/rp2_common/pico_stdio/stdio.c.obj
                0x100047dc                stdio_puts
                0x100047dc                __wrap_puts
 .text.__wrap_vprintf
                0x10004818       0xcc CMakeFiles/adxl382_spi.dir/C_/Users/HDo/.pico-sdk/sdk/2.1.1/src/rp2_common/pico_stdio/stdio.c.obj
                0x10004818                stdio_vprintf
                0x10004818                __wrap_vprintf
 .text.__wrap_printf
                0x100048e4       0x18 CMakeFiles/adxl382_spi.dir/C_/Users/HDo/.pico-sdk/sdk/2.1.1/src/rp2_common/pico_stdio/stdio.c.obj
                0x100048e4                __wrap_printf
                0x100048e4                stdio_printf
 .text.resetd_init
                0x100048fc        0x4 CMakeFiles/adxl382_spi.dir/C_/Users/HDo/.pico-sdk/sdk/2.1.1/src/rp2_common/pico_stdio_usb/reset_interface.c.obj
 .text.resetd_reset
                0x10004900        0xc CMakeFiles/adxl382_spi.dir/C_/Users/HDo/.pico-sdk/sdk/2.1.1/src/rp2_common/pico_stdio_usb/reset_interface.c.obj
 .text.resetd_open
                0x1000490c       0x28 CMakeFiles/adxl382_spi.dir/C_/Users/HDo/.pico-sdk/sdk/2.1.1/src/rp2_common/pico_stdio_usb/reset_interface.c.obj
 .text.resetd_xfer_cb
                0x10004934        0x4 CMakeFiles/adxl382_spi.dir/C_/Users/HDo/.pico-sdk/sdk/2.1.1/src/rp2_common/pico_stdio_usb/reset_interface.c.obj
 .text.resetd_control_xfer_cb
                0x10004938       0x54 CMakeFiles/adxl382_spi.dir/C_/Users/HDo/.pico-sdk/sdk/2.1.1/src/rp2_common/pico_stdio_usb/reset_interface.c.obj
 .text.tud_descriptor_bos_cb
                0x1000498c        0x8 CMakeFiles/adxl382_spi.dir/C_/Users/HDo/.pico-sdk/sdk/2.1.1/src/rp2_common/pico_stdio_usb/reset_interface.c.obj
                0x1000498c                tud_descriptor_bos_cb
 .text.tud_vendor_control_xfer_cb
                0x10004994       0x34 CMakeFiles/adxl382_spi.dir/C_/Users/HDo/.pico-sdk/sdk/2.1.1/src/rp2_common/pico_stdio_usb/reset_interface.c.obj
                0x10004994                tud_vendor_control_xfer_cb
 .text.usbd_app_driver_get_cb
                0x100049c8        0xc CMakeFiles/adxl382_spi.dir/C_/Users/HDo/.pico-sdk/sdk/2.1.1/src/rp2_common/pico_stdio_usb/reset_interface.c.obj
                0x100049c8                usbd_app_driver_get_cb
 .text.tud_cdc_line_coding_cb
                0x100049d4       0x2c CMakeFiles/adxl382_spi.dir/C_/Users/HDo/.pico-sdk/sdk/2.1.1/src/rp2_common/pico_stdio_usb/reset_interface.c.obj
                0x100049d4                tud_cdc_line_coding_cb
 .text.stdio_usb_set_chars_available_callback
                0x10004a00       0x14 CMakeFiles/adxl382_spi.dir/C_/Users/HDo/.pico-sdk/sdk/2.1.1/src/rp2_common/pico_stdio_usb/stdio_usb.c.obj
                0x10004a00                stdio_usb_set_chars_available_callback
 .text.usb_irq  0x10004a14       0x10 CMakeFiles/adxl382_spi.dir/C_/Users/HDo/.pico-sdk/sdk/2.1.1/src/rp2_common/pico_stdio_usb/stdio_usb.c.obj
 .text.timer_task
                0x10004a24       0x64 CMakeFiles/adxl382_spi.dir/C_/Users/HDo/.pico-sdk/sdk/2.1.1/src/rp2_common/pico_stdio_usb/stdio_usb.c.obj
 .text.stdio_usb_in_chars
                0x10004a88       0x8c CMakeFiles/adxl382_spi.dir/C_/Users/HDo/.pico-sdk/sdk/2.1.1/src/rp2_common/pico_stdio_usb/stdio_usb.c.obj
                0x10004a88                stdio_usb_in_chars
 .text.stdio_usb_out_flush
                0x10004b14       0x4c CMakeFiles/adxl382_spi.dir/C_/Users/HDo/.pico-sdk/sdk/2.1.1/src/rp2_common/pico_stdio_usb/stdio_usb.c.obj
 .text.stdio_usb_out_chars
                0x10004b60      0x100 CMakeFiles/adxl382_spi.dir/C_/Users/HDo/.pico-sdk/sdk/2.1.1/src/rp2_common/pico_stdio_usb/stdio_usb.c.obj
 .text.low_priority_worker_irq
                0x10004c60       0xc8 CMakeFiles/adxl382_spi.dir/C_/Users/HDo/.pico-sdk/sdk/2.1.1/src/rp2_common/pico_stdio_usb/stdio_usb.c.obj
 .text.stdio_usb_init
                0x10004d28       0xe8 CMakeFiles/adxl382_spi.dir/C_/Users/HDo/.pico-sdk/sdk/2.1.1/src/rp2_common/pico_stdio_usb/stdio_usb.c.obj
                0x10004d28                stdio_usb_init
 .text.tud_descriptor_device_cb
                0x10004e10        0x8 CMakeFiles/adxl382_spi.dir/C_/Users/HDo/.pico-sdk/sdk/2.1.1/src/rp2_common/pico_stdio_usb/stdio_usb_descriptors.c.obj
                0x10004e10                tud_descriptor_device_cb
 .text.tud_descriptor_configuration_cb
                0x10004e18        0x8 CMakeFiles/adxl382_spi.dir/C_/Users/HDo/.pico-sdk/sdk/2.1.1/src/rp2_common/pico_stdio_usb/stdio_usb_descriptors.c.obj
                0x10004e18                tud_descriptor_configuration_cb
 .text.tud_descriptor_string_cb
                0x10004e20       0x78 CMakeFiles/adxl382_spi.dir/C_/Users/HDo/.pico-sdk/sdk/2.1.1/src/rp2_common/pico_stdio_usb/stdio_usb_descriptors.c.obj
                0x10004e20                tud_descriptor_string_cb
 .text.startup._retrieve_unique_id_on_boot
                0x10004e98       0x10 CMakeFiles/adxl382_spi.dir/C_/Users/HDo/.pico-sdk/sdk/2.1.1/src/rp2_common/pico_unique_id/unique_id.c.obj
 .text.pico_get_unique_board_id_string
                0x10004ea8      0x1a8 CMakeFiles/adxl382_spi.dir/C_/Users/HDo/.pico-sdk/sdk/2.1.1/src/rp2_common/pico_unique_id/unique_id.c.obj
                0x10004ea8                pico_get_unique_board_id_string
 .text.flash_get_unique_id
                0x10005050       0x3c CMakeFiles/adxl382_spi.dir/C_/Users/HDo/.pico-sdk/sdk/2.1.1/src/rp2_common/hardware_flash/flash.c.obj
                0x10005050                flash_get_unique_id
 .text.dcd_init
                0x1000508c       0x90 CMakeFiles/adxl382_spi.dir/C_/Users/HDo/.pico-sdk/sdk/2.1.1/lib/tinyusb/src/portable/raspberrypi/rp2040/dcd_rp2040.c.obj
                0x1000508c                dcd_init
 .text.dcd_int_enable
                0x1000511c        0xc CMakeFiles/adxl382_spi.dir/C_/Users/HDo/.pico-sdk/sdk/2.1.1/lib/tinyusb/src/portable/raspberrypi/rp2040/dcd_rp2040.c.obj
                0x1000511c                dcd_int_enable
 .text.dcd_set_address
                0x10005128       0x14 CMakeFiles/adxl382_spi.dir/C_/Users/HDo/.pico-sdk/sdk/2.1.1/lib/tinyusb/src/portable/raspberrypi/rp2040/dcd_rp2040.c.obj
                0x10005128                dcd_set_address
 .text.dcd_sof_enable
                0x1000513c       0x1c CMakeFiles/adxl382_spi.dir/C_/Users/HDo/.pico-sdk/sdk/2.1.1/lib/tinyusb/src/portable/raspberrypi/rp2040/dcd_rp2040.c.obj
                0x1000513c                dcd_sof_enable
 .text.dcd_edpt0_status_complete
                0x10005158       0x1c CMakeFiles/adxl382_spi.dir/C_/Users/HDo/.pico-sdk/sdk/2.1.1/lib/tinyusb/src/portable/raspberrypi/rp2040/dcd_rp2040.c.obj
                0x10005158                dcd_edpt0_status_complete
 .text.dcd_edpt_open
                0x10005174      0x114 CMakeFiles/adxl382_spi.dir/C_/Users/HDo/.pico-sdk/sdk/2.1.1/lib/tinyusb/src/portable/raspberrypi/rp2040/dcd_rp2040.c.obj
                0x10005174                dcd_edpt_open
 .text.dcd_edpt_close_all
                0x10005288        0x8 CMakeFiles/adxl382_spi.dir/C_/Users/HDo/.pico-sdk/sdk/2.1.1/lib/tinyusb/src/portable/raspberrypi/rp2040/dcd_rp2040.c.obj
                0x10005288                dcd_edpt_close_all
 .text.dcd_edpt_xfer
                0x10005290       0x24 CMakeFiles/adxl382_spi.dir/C_/Users/HDo/.pico-sdk/sdk/2.1.1/lib/tinyusb/src/portable/raspberrypi/rp2040/dcd_rp2040.c.obj
                0x10005290                dcd_edpt_xfer
 .text.dcd_edpt_stall
                0x100052b4       0x3c CMakeFiles/adxl382_spi.dir/C_/Users/HDo/.pico-sdk/sdk/2.1.1/lib/tinyusb/src/portable/raspberrypi/rp2040/dcd_rp2040.c.obj
                0x100052b4                dcd_edpt_stall
 .text.dcd_edpt_clear_stall
                0x100052f0       0x30 CMakeFiles/adxl382_spi.dir/C_/Users/HDo/.pico-sdk/sdk/2.1.1/lib/tinyusb/src/portable/raspberrypi/rp2040/dcd_rp2040.c.obj
                0x100052f0                dcd_edpt_clear_stall
 .text.rp2040_usb_init
                0x10005320       0x40 CMakeFiles/adxl382_spi.dir/C_/Users/HDo/.pico-sdk/sdk/2.1.1/lib/tinyusb/src/portable/raspberrypi/rp2040/rp2040_usb.c.obj
                0x10005320                rp2040_usb_init
 .text.hw_endpoint_xfer_start
                0x10005360       0x40 CMakeFiles/adxl382_spi.dir/C_/Users/HDo/.pico-sdk/sdk/2.1.1/lib/tinyusb/src/portable/raspberrypi/rp2040/rp2040_usb.c.obj
                0x10005360                hw_endpoint_xfer_start
 .text.tud_event_hook_cb
                0x100053a0        0x4 CMakeFiles/adxl382_spi.dir/C_/Users/HDo/.pico-sdk/sdk/2.1.1/lib/tinyusb/src/device/usbd.c.obj
                0x100053a0                tud_event_hook_cb
 .text.tud_sof_cb
                0x100053a4        0x4 CMakeFiles/adxl382_spi.dir/C_/Users/HDo/.pico-sdk/sdk/2.1.1/lib/tinyusb/src/device/usbd.c.obj
                0x100053a4                tud_sof_cb
 .text.tud_descriptor_device_qualifier_cb
                0x100053a8        0x4 CMakeFiles/adxl382_spi.dir/C_/Users/HDo/.pico-sdk/sdk/2.1.1/lib/tinyusb/src/device/usbd.c.obj
                0x100053a8                tud_descriptor_device_qualifier_cb
 .text.tud_descriptor_other_speed_configuration_cb
                0x100053ac        0x4 CMakeFiles/adxl382_spi.dir/C_/Users/HDo/.pico-sdk/sdk/2.1.1/lib/tinyusb/src/device/usbd.c.obj
                0x100053ac                tud_descriptor_other_speed_configuration_cb
 .text.tud_mount_cb
                0x100053b0        0x4 CMakeFiles/adxl382_spi.dir/C_/Users/HDo/.pico-sdk/sdk/2.1.1/lib/tinyusb/src/device/usbd.c.obj
                0x100053b0                tud_mount_cb
 .text.tud_umount_cb
                0x100053b4        0x4 CMakeFiles/adxl382_spi.dir/C_/Users/HDo/.pico-sdk/sdk/2.1.1/lib/tinyusb/src/device/usbd.c.obj
                0x100053b4                tud_umount_cb
 .text.tud_suspend_cb
                0x100053b8        0x4 CMakeFiles/adxl382_spi.dir/C_/Users/HDo/.pico-sdk/sdk/2.1.1/lib/tinyusb/src/device/usbd.c.obj
                0x100053b8                tud_suspend_cb
 .text.tud_resume_cb
                0x100053bc        0x4 CMakeFiles/adxl382_spi.dir/C_/Users/HDo/.pico-sdk/sdk/2.1.1/lib/tinyusb/src/device/usbd.c.obj
                0x100053bc                tud_resume_cb
 .text.tud_mounted
                0x100053c0       0x10 CMakeFiles/adxl382_spi.dir/C_/Users/HDo/.pico-sdk/sdk/2.1.1/lib/tinyusb/src/device/usbd.c.obj
                0x100053c0                tud_mounted
 .text.tud_suspended
                0x100053d0       0x10 CMakeFiles/adxl382_spi.dir/C_/Users/HDo/.pico-sdk/sdk/2.1.1/lib/tinyusb/src/device/usbd.c.obj
                0x100053d0                tud_suspended
 .text.tud_rhport_init
                0x100053e0       0xf4 CMakeFiles/adxl382_spi.dir/C_/Users/HDo/.pico-sdk/sdk/2.1.1/lib/tinyusb/src/device/usbd.c.obj
                0x100053e0                tud_rhport_init
 .text.tud_task_ext
                0x100054d4      0x800 CMakeFiles/adxl382_spi.dir/C_/Users/HDo/.pico-sdk/sdk/2.1.1/lib/tinyusb/src/device/usbd.c.obj
                0x100054d4                tud_task_ext
 .text.usbd_open_edpt_pair
                0x10005cd4       0x9c CMakeFiles/adxl382_spi.dir/C_/Users/HDo/.pico-sdk/sdk/2.1.1/lib/tinyusb/src/device/usbd.c.obj
                0x10005cd4                usbd_open_edpt_pair
 .text.usbd_edpt_open
                0x10005d70       0x34 CMakeFiles/adxl382_spi.dir/C_/Users/HDo/.pico-sdk/sdk/2.1.1/lib/tinyusb/src/device/usbd.c.obj
                0x10005d70                usbd_edpt_open
 .text.usbd_edpt_claim
                0x10005da4       0x28 CMakeFiles/adxl382_spi.dir/C_/Users/HDo/.pico-sdk/sdk/2.1.1/lib/tinyusb/src/device/usbd.c.obj
                0x10005da4                usbd_edpt_claim
 .text.usbd_edpt_release
                0x10005dcc       0x28 CMakeFiles/adxl382_spi.dir/C_/Users/HDo/.pico-sdk/sdk/2.1.1/lib/tinyusb/src/device/usbd.c.obj
                0x10005dcc                usbd_edpt_release
 .text.usbd_edpt_xfer
                0x10005df4       0x4c CMakeFiles/adxl382_spi.dir/C_/Users/HDo/.pico-sdk/sdk/2.1.1/lib/tinyusb/src/device/usbd.c.obj
                0x10005df4                usbd_edpt_xfer
 .text.tud_control_status
                0x10005e40       0x2c CMakeFiles/adxl382_spi.dir/C_/Users/HDo/.pico-sdk/sdk/2.1.1/lib/tinyusb/src/device/usbd_control.c.obj
                0x10005e40                tud_control_status
 .text.tud_control_xfer
                0x10005e6c       0xa8 CMakeFiles/adxl382_spi.dir/C_/Users/HDo/.pico-sdk/sdk/2.1.1/lib/tinyusb/src/device/usbd_control.c.obj
                0x10005e6c                tud_control_xfer
 .text.usbd_control_reset
                0x10005f14       0x14 CMakeFiles/adxl382_spi.dir/C_/Users/HDo/.pico-sdk/sdk/2.1.1/lib/tinyusb/src/device/usbd_control.c.obj
                0x10005f14                usbd_control_reset
 .text.usbd_control_set_complete_callback
                0x10005f28        0xc CMakeFiles/adxl382_spi.dir/C_/Users/HDo/.pico-sdk/sdk/2.1.1/lib/tinyusb/src/device/usbd_control.c.obj
                0x10005f28                usbd_control_set_complete_callback
 .text.usbd_control_set_request
                0x10005f34       0x1c CMakeFiles/adxl382_spi.dir/C_/Users/HDo/.pico-sdk/sdk/2.1.1/lib/tinyusb/src/device/usbd_control.c.obj
                0x10005f34                usbd_control_set_request
 .text.usbd_control_xfer_cb
                0x10005f50       0xec CMakeFiles/adxl382_spi.dir/C_/Users/HDo/.pico-sdk/sdk/2.1.1/lib/tinyusb/src/device/usbd_control.c.obj
                0x10005f50                usbd_control_xfer_cb
 .text._prep_out_transaction.isra.0
                0x1000603c       0x6c CMakeFiles/adxl382_spi.dir/C_/Users/HDo/.pico-sdk/sdk/2.1.1/lib/tinyusb/src/class/cdc/cdc_device.c.obj
 .text.tud_cdc_n_connected
                0x100060a8       0x2c CMakeFiles/adxl382_spi.dir/C_/Users/HDo/.pico-sdk/sdk/2.1.1/lib/tinyusb/src/class/cdc/cdc_device.c.obj
                0x100060a8                tud_cdc_n_connected
 .text.tud_cdc_n_available
                0x100060d4       0x14 CMakeFiles/adxl382_spi.dir/C_/Users/HDo/.pico-sdk/sdk/2.1.1/lib/tinyusb/src/class/cdc/cdc_device.c.obj
                0x100060d4                tud_cdc_n_available
 .text.tud_cdc_n_read
                0x100060e8       0x88 CMakeFiles/adxl382_spi.dir/C_/Users/HDo/.pico-sdk/sdk/2.1.1/lib/tinyusb/src/class/cdc/cdc_device.c.obj
                0x100060e8                tud_cdc_n_read
 .text.tud_cdc_n_write_flush
                0x10006170       0x74 CMakeFiles/adxl382_spi.dir/C_/Users/HDo/.pico-sdk/sdk/2.1.1/lib/tinyusb/src/class/cdc/cdc_device.c.obj
                0x10006170                tud_cdc_n_write_flush
 .text.tud_cdc_n_write
                0x100061e4       0x40 CMakeFiles/adxl382_spi.dir/C_/Users/HDo/.pico-sdk/sdk/2.1.1/lib/tinyusb/src/class/cdc/cdc_device.c.obj
                0x100061e4                tud_cdc_n_write
 .text.tud_cdc_n_write_available
                0x10006224       0x14 CMakeFiles/adxl382_spi.dir/C_/Users/HDo/.pico-sdk/sdk/2.1.1/lib/tinyusb/src/class/cdc/cdc_device.c.obj
                0x10006224                tud_cdc_n_write_available
 .text.cdcd_init
                0x10006238       0x70 CMakeFiles/adxl382_spi.dir/C_/Users/HDo/.pico-sdk/sdk/2.1.1/lib/tinyusb/src/class/cdc/cdc_device.c.obj
                0x10006238                cdcd_init
 .text.cdcd_deinit
                0x100062a8       0x30 CMakeFiles/adxl382_spi.dir/C_/Users/HDo/.pico-sdk/sdk/2.1.1/lib/tinyusb/src/class/cdc/cdc_device.c.obj
                0x100062a8                cdcd_deinit
 .text.cdcd_reset
                0x100062d8       0x4c CMakeFiles/adxl382_spi.dir/C_/Users/HDo/.pico-sdk/sdk/2.1.1/lib/tinyusb/src/class/cdc/cdc_device.c.obj
                0x100062d8                cdcd_reset
 .text.cdcd_open
                0x10006324       0xa4 CMakeFiles/adxl382_spi.dir/C_/Users/HDo/.pico-sdk/sdk/2.1.1/lib/tinyusb/src/class/cdc/cdc_device.c.obj
                0x10006324                cdcd_open
 .text.cdcd_control_xfer_cb
                0x100063c8       0xe8 CMakeFiles/adxl382_spi.dir/C_/Users/HDo/.pico-sdk/sdk/2.1.1/lib/tinyusb/src/class/cdc/cdc_device.c.obj
                0x100063c8                cdcd_control_xfer_cb
 .text.cdcd_xfer_cb
                0x100064b0      0x100 CMakeFiles/adxl382_spi.dir/C_/Users/HDo/.pico-sdk/sdk/2.1.1/lib/tinyusb/src/class/cdc/cdc_device.c.obj
                0x100064b0                cdcd_xfer_cb
 .text.vendord_init
                0x100065b0       0x5c CMakeFiles/adxl382_spi.dir/C_/Users/HDo/.pico-sdk/sdk/2.1.1/lib/tinyusb/src/class/vendor/vendor_device.c.obj
                0x100065b0                vendord_init
 .text.vendord_deinit
                0x1000660c       0x1c CMakeFiles/adxl382_spi.dir/C_/Users/HDo/.pico-sdk/sdk/2.1.1/lib/tinyusb/src/class/vendor/vendor_device.c.obj
                0x1000660c                vendord_deinit
 .text.vendord_reset
                0x10006628       0x28 CMakeFiles/adxl382_spi.dir/C_/Users/HDo/.pico-sdk/sdk/2.1.1/lib/tinyusb/src/class/vendor/vendor_device.c.obj
                0x10006628                vendord_reset
 .text.vendord_open
                0x10006650      0x120 CMakeFiles/adxl382_spi.dir/C_/Users/HDo/.pico-sdk/sdk/2.1.1/lib/tinyusb/src/class/vendor/vendor_device.c.obj
                0x10006650                vendord_open
 .text.vendord_xfer_cb
                0x10006770       0x9c CMakeFiles/adxl382_spi.dir/C_/Users/HDo/.pico-sdk/sdk/2.1.1/lib/tinyusb/src/class/vendor/vendor_device.c.obj
                0x10006770                vendord_xfer_cb
 .text.tusb_rhport_init
                0x1000680c       0x4c CMakeFiles/adxl382_spi.dir/C_/Users/HDo/.pico-sdk/sdk/2.1.1/lib/tinyusb/src/tusb.c.obj
                0x1000680c                tusb_rhport_init
 .text.tu_edpt_claim
                0x10006858       0x50 CMakeFiles/adxl382_spi.dir/C_/Users/HDo/.pico-sdk/sdk/2.1.1/lib/tinyusb/src/tusb.c.obj
                0x10006858                tu_edpt_claim
 .text.tu_edpt_release
                0x100068a8       0x38 CMakeFiles/adxl382_spi.dir/C_/Users/HDo/.pico-sdk/sdk/2.1.1/lib/tinyusb/src/tusb.c.obj
                0x100068a8                tu_edpt_release
 .text.tu_edpt_validate
                0x100068e0       0x7c CMakeFiles/adxl382_spi.dir/C_/Users/HDo/.pico-sdk/sdk/2.1.1/lib/tinyusb/src/tusb.c.obj
                0x100068e0                tu_edpt_validate
 .text.tu_edpt_bind_driver
                0x1000695c       0x34 CMakeFiles/adxl382_spi.dir/C_/Users/HDo/.pico-sdk/sdk/2.1.1/lib/tinyusb/src/tusb.c.obj
                0x1000695c                tu_edpt_bind_driver
 .text.tu_edpt_stream_init
                0x10006990       0x6c CMakeFiles/adxl382_spi.dir/C_/Users/HDo/.pico-sdk/sdk/2.1.1/lib/tinyusb/src/tusb.c.obj
                0x10006990                tu_edpt_stream_init
 .text.tu_edpt_stream_deinit
                0x100069fc        0x4 CMakeFiles/adxl382_spi.dir/C_/Users/HDo/.pico-sdk/sdk/2.1.1/lib/tinyusb/src/tusb.c.obj
                0x100069fc                tu_edpt_stream_deinit
 .text.tu_edpt_stream_write_zlp_if_needed
                0x10006a00       0x68 CMakeFiles/adxl382_spi.dir/C_/Users/HDo/.pico-sdk/sdk/2.1.1/lib/tinyusb/src/tusb.c.obj
                0x10006a00                tu_edpt_stream_write_zlp_if_needed
 .text.tu_edpt_stream_write_xfer
                0x10006a68       0x68 CMakeFiles/adxl382_spi.dir/C_/Users/HDo/.pico-sdk/sdk/2.1.1/lib/tinyusb/src/tusb.c.obj
                0x10006a68                tu_edpt_stream_write_xfer
 .text.tu_edpt_stream_read_xfer
                0x10006ad0       0xd8 CMakeFiles/adxl382_spi.dir/C_/Users/HDo/.pico-sdk/sdk/2.1.1/lib/tinyusb/src/tusb.c.obj
                0x10006ad0                tu_edpt_stream_read_xfer
 .text.tu_fifo_config
                0x10006ba8       0x6c CMakeFiles/adxl382_spi.dir/C_/Users/HDo/.pico-sdk/sdk/2.1.1/lib/tinyusb/src/common/tusb_fifo.c.obj
                0x10006ba8                tu_fifo_config
 .text.tu_fifo_count
                0x10006c14       0x2c CMakeFiles/adxl382_spi.dir/C_/Users/HDo/.pico-sdk/sdk/2.1.1/lib/tinyusb/src/common/tusb_fifo.c.obj
                0x10006c14                tu_fifo_count
 .text.tu_fifo_empty
                0x10006c40       0x10 CMakeFiles/adxl382_spi.dir/C_/Users/HDo/.pico-sdk/sdk/2.1.1/lib/tinyusb/src/common/tusb_fifo.c.obj
                0x10006c40                tu_fifo_empty
 .text.tu_fifo_remaining
                0x10006c50       0x2c CMakeFiles/adxl382_spi.dir/C_/Users/HDo/.pico-sdk/sdk/2.1.1/lib/tinyusb/src/common/tusb_fifo.c.obj
                0x10006c50                tu_fifo_remaining
 .text.tu_fifo_read
                0x10006c7c       0x9c CMakeFiles/adxl382_spi.dir/C_/Users/HDo/.pico-sdk/sdk/2.1.1/lib/tinyusb/src/common/tusb_fifo.c.obj
                0x10006c7c                tu_fifo_read
 .text.tu_fifo_read_n
                0x10006d18       0xe8 CMakeFiles/adxl382_spi.dir/C_/Users/HDo/.pico-sdk/sdk/2.1.1/lib/tinyusb/src/common/tusb_fifo.c.obj
                0x10006d18                tu_fifo_read_n
 .text.tu_fifo_write
                0x10006e00       0xa4 CMakeFiles/adxl382_spi.dir/C_/Users/HDo/.pico-sdk/sdk/2.1.1/lib/tinyusb/src/common/tusb_fifo.c.obj
                0x10006e00                tu_fifo_write
 .text.tu_fifo_write_n
                0x10006ea4      0x178 CMakeFiles/adxl382_spi.dir/C_/Users/HDo/.pico-sdk/sdk/2.1.1/lib/tinyusb/src/common/tusb_fifo.c.obj
                0x10006ea4                tu_fifo_write_n
 .text.tu_fifo_clear
                0x1000701c       0x40 CMakeFiles/adxl382_spi.dir/C_/Users/HDo/.pico-sdk/sdk/2.1.1/lib/tinyusb/src/common/tusb_fifo.c.obj
                0x1000701c                tu_fifo_clear
 .text.tu_fifo_set_overwritable
                0x1000705c       0x48 CMakeFiles/adxl382_spi.dir/C_/Users/HDo/.pico-sdk/sdk/2.1.1/lib/tinyusb/src/common/tusb_fifo.c.obj
                0x1000705c                tu_fifo_set_overwritable
 .text.spi_init
                0x100070a4      0x13c CMakeFiles/adxl382_spi.dir/C_/Users/HDo/.pico-sdk/sdk/2.1.1/src/rp2_common/hardware_spi/spi.c.obj
                0x100070a4                spi_init
 .text.strlen   0x100071e0       0x5c C:/Users/HDo/.pico-sdk/toolchain/14_2_Rel1/bin/../lib/gcc/arm-none-eabi/14.2.1/thumb/v6-m/nofp\libg.a(libc_a-strlen-stub.o)
                0x100071e0                strlen
 *(.fini)
 .fini          0x1000723c        0x4 C:/Users/HDo/.pico-sdk/toolchain/14_2_Rel1/bin/../lib/gcc/arm-none-eabi/14.2.1/thumb/v6-m/nofp/crti.o
                0x1000723c                _fini
 .fini.__stub   0x10007240       0xe0 linker stubs
 *crtbegin.o(.ctors)
 *crtbegin?.o(.ctors)
 *(EXCLUDE_FILE(*crtend.o *crtend?.o) .ctors)
 *(SORT_BY_NAME(.ctors.*))
 *(.ctors)
 *crtbegin.o(.dtors)
 *crtbegin?.o(.dtors)
 *(EXCLUDE_FILE(*crtend.o *crtend?.o) .dtors)
 *(SORT_BY_NAME(.dtors.*))
 *(.dtors)
                0x10007320                        . = ALIGN (0x4)
                0x10007320                        PROVIDE (__preinit_array_start = .)
 *(SORT_BY_NAME(.preinit_array.*))
 .preinit_array.00100
                0x10007320        0x4 CMakeFiles/adxl382_spi.dir/C_/Users/HDo/.pico-sdk/sdk/2.1.1/src/rp2_common/pico_runtime_init/runtime_init.c.obj
                0x10007320                __pre_init_runtime_init_early_resets
 .preinit_array.00101
                0x10007324        0x4 CMakeFiles/adxl382_spi.dir/C_/Users/HDo/.pico-sdk/sdk/2.1.1/src/rp2_common/pico_runtime_init/runtime_init.c.obj
                0x10007324                __pre_init_runtime_init_usb_power_down
 .preinit_array.00275
                0x10007328        0x4 CMakeFiles/adxl382_spi.dir/C_/Users/HDo/.pico-sdk/sdk/2.1.1/src/rp2_common/pico_bit_ops/bit_ops_aeabi.S.obj
 .preinit_array.00300
                0x1000732c        0x4 CMakeFiles/adxl382_spi.dir/C_/Users/HDo/.pico-sdk/sdk/2.1.1/src/rp2_common/pico_mem_ops/mem_ops_aeabi.S.obj
 .preinit_array.00350
                0x10007330        0x4 CMakeFiles/adxl382_spi.dir/C_/Users/HDo/.pico-sdk/sdk/2.1.1/src/rp2_common/pico_double/double_aeabi_rp2040.S.obj
 .preinit_array.00350
                0x10007334        0x4 CMakeFiles/adxl382_spi.dir/C_/Users/HDo/.pico-sdk/sdk/2.1.1/src/rp2_common/pico_float/float_aeabi_rp2040.S.obj
 .preinit_array.00500
                0x10007338        0x4 CMakeFiles/adxl382_spi.dir/C_/Users/HDo/.pico-sdk/sdk/2.1.1/src/rp2_common/pico_runtime_init/runtime_init.c.obj
                0x10007338                __pre_init_runtime_init_clocks
 .preinit_array.00600
                0x1000733c        0x4 CMakeFiles/adxl382_spi.dir/C_/Users/HDo/.pico-sdk/sdk/2.1.1/src/rp2_common/pico_runtime_init/runtime_init.c.obj
                0x1000733c                __pre_init_runtime_init_post_clock_resets
 .preinit_array.00700
                0x10007340        0x4 CMakeFiles/adxl382_spi.dir/C_/Users/HDo/.pico-sdk/sdk/2.1.1/src/rp2_common/pico_runtime_init/runtime_init.c.obj
                0x10007340                __pre_init_runtime_init_rp2040_gpio_ie_disable
 .preinit_array.01000
                0x10007344        0x4 CMakeFiles/adxl382_spi.dir/C_/Users/HDo/.pico-sdk/sdk/2.1.1/src/rp2_common/pico_runtime_init/runtime_init.c.obj
                0x10007344                __pre_init_runtime_init_spin_locks_reset
 .preinit_array.01100
                0x10007348        0x4 CMakeFiles/adxl382_spi.dir/C_/Users/HDo/.pico-sdk/sdk/2.1.1/src/common/pico_sync/mutex.c.obj
                0x10007348                __pre_init_runtime_init_mutex
 .preinit_array.10080
                0x1000734c        0x4 CMakeFiles/adxl382_spi.dir/C_/Users/HDo/.pico-sdk/sdk/2.1.1/src/rp2_common/pico_runtime_init/runtime_init.c.obj
                0x1000734c                __pre_init_runtime_init_install_ram_vector_table
 .preinit_array.11000
                0x10007350        0x4 CMakeFiles/adxl382_spi.dir/C_/Users/HDo/.pico-sdk/sdk/2.1.1/src/common/pico_time/time.c.obj
                0x10007350                __pre_init_runtime_init_default_alarm_pool
 .preinit_array.YYYYY
                0x10007354        0x4 CMakeFiles/adxl382_spi.dir/C_/Users/HDo/.pico-sdk/sdk/2.1.1/src/rp2_common/pico_runtime/runtime.c.obj
                0x10007354                __pre_init_first_per_core_initializer
 .preinit_array.ZZZZZ.01200
                0x10007358        0x4 CMakeFiles/adxl382_spi.dir/C_/Users/HDo/.pico-sdk/sdk/2.1.1/src/rp2_common/hardware_irq/irq.c.obj
                0x10007358                __pre_init_runtime_init_per_core_irq_priorities
 *(.preinit_array)
                0x1000735c                        PROVIDE (__preinit_array_end = .)
                0x1000735c                        . = ALIGN (0x4)
                0x1000735c                        PROVIDE (__init_array_start = .)
 *(SORT_BY_NAME(.init_array.*))
 *(.init_array)
 .init_array    0x1000735c        0x4 C:/Users/HDo/.pico-sdk/toolchain/14_2_Rel1/bin/../lib/gcc/arm-none-eabi/14.2.1/thumb/v6-m/nofp/crtbegin.o
 .init_array    0x10007360        0x4 CMakeFiles/adxl382_spi.dir/C_/Users/HDo/.pico-sdk/sdk/2.1.1/src/rp2_common/pico_unique_id/unique_id.c.obj
                0x10007364                        PROVIDE (__init_array_end = .)
                0x10007364                        . = ALIGN (0x4)
                [!provide]                        PROVIDE (__fini_array_start = .)
 *(SORT_BY_NAME(.fini_array.*))
 *(.fini_array)
                [!provide]                        PROVIDE (__fini_array_end = .)
 *(.eh_frame*)
 .eh_frame      0x10007364        0x0 C:/Users/HDo/.pico-sdk/toolchain/14_2_Rel1/bin/../lib/gcc/arm-none-eabi/14.2.1/thumb/v6-m/nofp/crtbegin.o
                0x10007364                        . = ALIGN (0x4)

.glue_7         0x10007364        0x0
 .glue_7        0x10007364        0x0 linker stubs

.glue_7t        0x10007364        0x0
 .glue_7t       0x10007364        0x0 linker stubs

.vfp11_veneer   0x10007364        0x0
 .vfp11_veneer  0x10007364        0x0 linker stubs

.v4_bx          0x10007364        0x0
 .v4_bx         0x10007364        0x0 linker stubs

.iplt           0x10007364        0x0
 .iplt          0x10007364        0x0 C:/Users/HDo/.pico-sdk/toolchain/14_2_Rel1/bin/../lib/gcc/arm-none-eabi/14.2.1/thumb/v6-m/nofp/crtbegin.o

.rodata         0x10007368      0xa84
 *(EXCLUDE_FILE(*libm.a: *libc.a:*lib_a-mem*.o *libgcc.a:) .rodata*)
 .rodata.adxl38x_init.str1.4
                0x10007368      0x5cc CMakeFiles/adxl382_spi.dir/adxl382.c.obj
                                 0xd3 (size before relaxing)
 .rodata.adxl38x_soft_reset.str1.4
                0x10007934       0x19 CMakeFiles/adxl382_spi.dir/adxl382.c.obj
 .rodata.adxl38x_set_range.str1.4
                0x10007934       0x46 CMakeFiles/adxl382_spi.dir/adxl382.c.obj
 .rodata.adxl38x_accel_set_FIFO.str1.4
                0x10007934      0x116 CMakeFiles/adxl382_spi.dir/adxl382.c.obj
 .rodata.main.str1.4
                0x10007934      0x1ff CMakeFiles/adxl382_spi.dir/main.c.obj
 .rodata.__bi_72.0
                0x10007934        0x8 CMakeFiles/adxl382_spi.dir/main.c.obj
 .rodata.str1.4
                0x1000793c        0x7 CMakeFiles/adxl382_spi.dir/main.c.obj
 .rodata.__bi_79.1
                0x1000793c        0xc CMakeFiles/adxl382_spi.dir/main.c.obj
 .rodata.panic.str1.4
                0x10007948       0x12 CMakeFiles/adxl382_spi.dir/C_/Users/HDo/.pico-sdk/sdk/2.1.1/src/rp2_common/pico_platform_panic/panic.c.obj
 .rodata.spin_lock_claim_unused.str1.4
                0x10007948       0x1b CMakeFiles/adxl382_spi.dir/C_/Users/HDo/.pico-sdk/sdk/2.1.1/src/rp2_common/hardware_sync/sync.c.obj
 .rodata.user_irq_claim_unused.str1.4
                0x10007948       0x1b CMakeFiles/adxl382_spi.dir/C_/Users/HDo/.pico-sdk/sdk/2.1.1/src/rp2_common/hardware_irq/irq.c.obj
 .rodata.timer_hardware_alarm_claim.str1.4
                0x10007948       0x22 CMakeFiles/adxl382_spi.dir/C_/Users/HDo/.pico-sdk/sdk/2.1.1/src/rp2_common/hardware_timer/timer.c.obj
 .rodata.hard_assertion_failure.str1.4
                0x10007948        0xc CMakeFiles/adxl382_spi.dir/C_/Users/HDo/.pico-sdk/sdk/2.1.1/src/rp2_common/pico_runtime/runtime.c.obj
 .rodata.str1.4
                0x10007948       0x40 CMakeFiles/adxl382_spi.dir/C_/Users/HDo/.pico-sdk/sdk/2.1.1/src/rp2_common/pico_standard_binary_info/standard_binary_info.c.obj
 .rodata.__bi_84
                0x10007948        0xc CMakeFiles/adxl382_spi.dir/C_/Users/HDo/.pico-sdk/sdk/2.1.1/src/rp2_common/pico_standard_binary_info/standard_binary_info.c.obj
 .rodata.__bi_78
                0x10007954        0xc CMakeFiles/adxl382_spi.dir/C_/Users/HDo/.pico-sdk/sdk/2.1.1/src/rp2_common/pico_standard_binary_info/standard_binary_info.c.obj
 .rodata.__bi_54
                0x10007960        0xc CMakeFiles/adxl382_spi.dir/C_/Users/HDo/.pico-sdk/sdk/2.1.1/src/rp2_common/pico_standard_binary_info/standard_binary_info.c.obj
 .rodata.__bi_48
                0x1000796c        0xc CMakeFiles/adxl382_spi.dir/C_/Users/HDo/.pico-sdk/sdk/2.1.1/src/rp2_common/pico_standard_binary_info/standard_binary_info.c.obj
 .rodata.__bi_42
                0x10007978        0xc CMakeFiles/adxl382_spi.dir/C_/Users/HDo/.pico-sdk/sdk/2.1.1/src/rp2_common/pico_standard_binary_info/standard_binary_info.c.obj
 .rodata.__bi_34
                0x10007984        0xc CMakeFiles/adxl382_spi.dir/C_/Users/HDo/.pico-sdk/sdk/2.1.1/src/rp2_common/pico_standard_binary_info/standard_binary_info.c.obj
 .rodata.__bi_26
                0x10007990        0xc CMakeFiles/adxl382_spi.dir/C_/Users/HDo/.pico-sdk/sdk/2.1.1/src/rp2_common/pico_standard_binary_info/standard_binary_info.c.obj
 .rodata._ftoa.str1.4
                0x1000799c       0x15 CMakeFiles/adxl382_spi.dir/C_/Users/HDo/.pico-sdk/sdk/2.1.1/src/rp2_common/pico_printf/printf.c.obj
 .rodata._vsnprintf
                0x1000799c      0x19c CMakeFiles/adxl382_spi.dir/C_/Users/HDo/.pico-sdk/sdk/2.1.1/src/rp2_common/pico_printf/printf.c.obj
 .rodata.pow10.0
                0x10007b38       0x50 CMakeFiles/adxl382_spi.dir/C_/Users/HDo/.pico-sdk/sdk/2.1.1/src/rp2_common/pico_printf/printf.c.obj
 .rodata.crlf_str.0
                0x10007b88        0x2 CMakeFiles/adxl382_spi.dir/C_/Users/HDo/.pico-sdk/sdk/2.1.1/src/rp2_common/pico_stdio/stdio.c.obj
 *fill*         0x10007b8a        0x2 
 .rodata._resetd_driver
                0x10007b8c       0x20 CMakeFiles/adxl382_spi.dir/C_/Users/HDo/.pico-sdk/sdk/2.1.1/src/rp2_common/pico_stdio_usb/reset_interface.c.obj
 .rodata.desc_ms_os_20
                0x10007bac       0xa6 CMakeFiles/adxl382_spi.dir/C_/Users/HDo/.pico-sdk/sdk/2.1.1/src/rp2_common/pico_stdio_usb/reset_interface.c.obj
 *fill*         0x10007c52        0x2 
 .rodata.desc_bos
                0x10007c54       0x21 CMakeFiles/adxl382_spi.dir/C_/Users/HDo/.pico-sdk/sdk/2.1.1/src/rp2_common/pico_stdio_usb/reset_interface.c.obj
                0x10007c54                desc_bos
 .rodata.str1.4
                0x10007c75       0x13 CMakeFiles/adxl382_spi.dir/C_/Users/HDo/.pico-sdk/sdk/2.1.1/src/rp2_common/pico_stdio_usb/stdio_usb.c.obj
 *fill*         0x10007c75        0x3 
 .rodata.__bi_197.0
                0x10007c78        0xc CMakeFiles/adxl382_spi.dir/C_/Users/HDo/.pico-sdk/sdk/2.1.1/src/rp2_common/pico_stdio_usb/stdio_usb.c.obj
 .rodata.str1.4
                0x10007c84       0x2a CMakeFiles/adxl382_spi.dir/C_/Users/HDo/.pico-sdk/sdk/2.1.1/src/rp2_common/pico_stdio_usb/stdio_usb_descriptors.c.obj
 .rodata.usbd_desc_str
                0x10007c84       0x18 CMakeFiles/adxl382_spi.dir/C_/Users/HDo/.pico-sdk/sdk/2.1.1/src/rp2_common/pico_stdio_usb/stdio_usb_descriptors.c.obj
 .rodata.usbd_desc_cfg
                0x10007c9c       0x54 CMakeFiles/adxl382_spi.dir/C_/Users/HDo/.pico-sdk/sdk/2.1.1/src/rp2_common/pico_stdio_usb/stdio_usb_descriptors.c.obj
 .rodata.usbd_desc_device
                0x10007cf0       0x12 CMakeFiles/adxl382_spi.dir/C_/Users/HDo/.pico-sdk/sdk/2.1.1/src/rp2_common/pico_stdio_usb/stdio_usb_descriptors.c.obj
 .rodata.str1.4
                0x10007d02       0x14 CMakeFiles/adxl382_spi.dir/C_/Users/HDo/.pico-sdk/sdk/2.1.1/lib/tinyusb/src/portable/raspberrypi/rp2040/dcd_rp2040.c.obj
 .rodata.str1.4
                0x10007d02       0x48 CMakeFiles/adxl382_spi.dir/C_/Users/HDo/.pico-sdk/sdk/2.1.1/lib/tinyusb/src/portable/raspberrypi/rp2040/rp2040_usb.c.obj
 *fill*         0x10007d02        0x2 
 .rodata.tud_task_ext
                0x10007d04       0x8c CMakeFiles/adxl382_spi.dir/C_/Users/HDo/.pico-sdk/sdk/2.1.1/lib/tinyusb/src/device/usbd.c.obj
 .rodata        0x10007d90       0x1c CMakeFiles/adxl382_spi.dir/C_/Users/HDo/.pico-sdk/sdk/2.1.1/lib/tinyusb/src/device/usbd.c.obj
 .rodata._usbd_driver
                0x10007dac       0x40 CMakeFiles/adxl382_spi.dir/C_/Users/HDo/.pico-sdk/sdk/2.1.1/lib/tinyusb/src/device/usbd.c.obj
                0x10007dec                        . = ALIGN (0x4)
 *(SORT_BY_ALIGNMENT(SORT_BY_NAME(.flashdata*)))
                0x10007dec                        . = ALIGN (0x4)

.ARM.extab
 *(.ARM.extab* .gnu.linkonce.armextab.*)
                0x10007dec                        __exidx_start = .

.ARM.exidx
 *(.ARM.exidx* .gnu.linkonce.armexidx.*)
                0x10007dec                        __exidx_end = .
                0x10007dec                        . = ALIGN (0x4)
                0x10007dec                        __binary_info_start = .

.binary_info    0x10007dec       0x28
 *(.binary_info.keep.*)
 .binary_info.keep.__bi_ptr79
                0x10007dec        0x4 CMakeFiles/adxl382_spi.dir/main.c.obj
 .binary_info.keep.__bi_ptr72
                0x10007df0        0x4 CMakeFiles/adxl382_spi.dir/main.c.obj
 .binary_info.keep.__bi_ptr84
                0x10007df4        0x4 CMakeFiles/adxl382_spi.dir/C_/Users/HDo/.pico-sdk/sdk/2.1.1/src/rp2_common/pico_standard_binary_info/standard_binary_info.c.obj
 .binary_info.keep.__bi_ptr78
                0x10007df8        0x4 CMakeFiles/adxl382_spi.dir/C_/Users/HDo/.pico-sdk/sdk/2.1.1/src/rp2_common/pico_standard_binary_info/standard_binary_info.c.obj
 .binary_info.keep.__bi_ptr54
                0x10007dfc        0x4 CMakeFiles/adxl382_spi.dir/C_/Users/HDo/.pico-sdk/sdk/2.1.1/src/rp2_common/pico_standard_binary_info/standard_binary_info.c.obj
 .binary_info.keep.__bi_ptr48
                0x10007e00        0x4 CMakeFiles/adxl382_spi.dir/C_/Users/HDo/.pico-sdk/sdk/2.1.1/src/rp2_common/pico_standard_binary_info/standard_binary_info.c.obj
 .binary_info.keep.__bi_ptr42
                0x10007e04        0x4 CMakeFiles/adxl382_spi.dir/C_/Users/HDo/.pico-sdk/sdk/2.1.1/src/rp2_common/pico_standard_binary_info/standard_binary_info.c.obj
 .binary_info.keep.__bi_ptr34
                0x10007e08        0x4 CMakeFiles/adxl382_spi.dir/C_/Users/HDo/.pico-sdk/sdk/2.1.1/src/rp2_common/pico_standard_binary_info/standard_binary_info.c.obj
 .binary_info.keep.__bi_ptr26
                0x10007e0c        0x4 CMakeFiles/adxl382_spi.dir/C_/Users/HDo/.pico-sdk/sdk/2.1.1/src/rp2_common/pico_standard_binary_info/standard_binary_info.c.obj
 *(.binary_info.*)
 .binary_info.__bi_ptr197
                0x10007e10        0x4 CMakeFiles/adxl382_spi.dir/C_/Users/HDo/.pico-sdk/sdk/2.1.1/src/rp2_common/pico_stdio_usb/stdio_usb.c.obj
                0x10007e14                        __binary_info_end = .

.rel.dyn        0x10007e14        0x0
 .rel.iplt      0x10007e14        0x0 C:/Users/HDo/.pico-sdk/toolchain/14_2_Rel1/bin/../lib/gcc/arm-none-eabi/14.2.1/thumb/v6-m/nofp/crtbegin.o
                0x10007e14                        . = ALIGN (0x4)

.ram_vector_table
                0x20000000       0xc0
 *(.ram_vector_table)
 .ram_vector_table
                0x20000000       0xc0 CMakeFiles/adxl382_spi.dir/C_/Users/HDo/.pico-sdk/sdk/2.1.1/src/rp2_common/pico_runtime_init/runtime_init.c.obj
                0x20000000                ram_vector_table

.uninitialized_data
                0x200000c0        0x0
                0x200000c0                        . = ALIGN (0x4)
 *(.uninitialized_data*)

.data           0x200000c0     0x1090 load address 0x10007e14
                0x200000c0                        __data_start__ = .
 *(vtable)
 *(.time_critical*)
 .time_critical.mutex_try_enter
                0x200000c0       0x40 CMakeFiles/adxl382_spi.dir/C_/Users/HDo/.pico-sdk/sdk/2.1.1/src/common/pico_sync/mutex.c.obj
                0x200000c0                mutex_try_enter
 .time_critical.mutex_try_enter_block_until
                0x20000100       0x98 CMakeFiles/adxl382_spi.dir/C_/Users/HDo/.pico-sdk/sdk/2.1.1/src/common/pico_sync/mutex.c.obj
                0x20000100                mutex_try_enter_block_until
 .time_critical.mutex_enter_timeout_ms
                0x20000198       0x8c CMakeFiles/adxl382_spi.dir/C_/Users/HDo/.pico-sdk/sdk/2.1.1/src/common/pico_sync/mutex.c.obj
                0x20000198                mutex_enter_timeout_ms
 .time_critical.mutex_exit
                0x20000224       0x28 CMakeFiles/adxl382_spi.dir/C_/Users/HDo/.pico-sdk/sdk/2.1.1/src/common/pico_sync/mutex.c.obj
                0x20000224                mutex_exit
 .time_critical.flash_init_boot2_copyout
                0x2000024c       0x30 CMakeFiles/adxl382_spi.dir/C_/Users/HDo/.pico-sdk/sdk/2.1.1/src/rp2_common/hardware_flash/flash.c.obj
 .time_critical.flash_enable_xip_via_boot2
                0x2000027c        0xc CMakeFiles/adxl382_spi.dir/C_/Users/HDo/.pico-sdk/sdk/2.1.1/src/rp2_common/hardware_flash/flash.c.obj
 .time_critical.flash_cs_force
                0x20000288       0x38 CMakeFiles/adxl382_spi.dir/C_/Users/HDo/.pico-sdk/sdk/2.1.1/src/rp2_common/hardware_flash/flash.c.obj
 .time_critical.flash_do_cmd
                0x200002c0      0x130 CMakeFiles/adxl382_spi.dir/C_/Users/HDo/.pico-sdk/sdk/2.1.1/src/rp2_common/hardware_flash/flash.c.obj
                0x200002c0                flash_do_cmd
 .time_critical.reset_non_control_endpoints
                0x200003f0       0x68 CMakeFiles/adxl382_spi.dir/C_/Users/HDo/.pico-sdk/sdk/2.1.1/lib/tinyusb/src/portable/raspberrypi/rp2040/dcd_rp2040.c.obj
 .time_critical.hw_handle_buff_status
                0x20000458       0xa0 CMakeFiles/adxl382_spi.dir/C_/Users/HDo/.pico-sdk/sdk/2.1.1/lib/tinyusb/src/portable/raspberrypi/rp2040/dcd_rp2040.c.obj
 .time_critical.dcd_rp2040_irq
                0x200004f8      0x548 CMakeFiles/adxl382_spi.dir/C_/Users/HDo/.pico-sdk/sdk/2.1.1/lib/tinyusb/src/portable/raspberrypi/rp2040/dcd_rp2040.c.obj
 .time_critical.prepare_ep_buffer
                0x20000a40       0xc8 CMakeFiles/adxl382_spi.dir/C_/Users/HDo/.pico-sdk/sdk/2.1.1/lib/tinyusb/src/portable/raspberrypi/rp2040/rp2040_usb.c.obj
 .time_critical.sync_ep_buffer
                0x20000b08       0x9c CMakeFiles/adxl382_spi.dir/C_/Users/HDo/.pico-sdk/sdk/2.1.1/lib/tinyusb/src/portable/raspberrypi/rp2040/rp2040_usb.c.obj
 .time_critical._hw_endpoint_xfer_sync
                0x20000ba4       0x28 CMakeFiles/adxl382_spi.dir/C_/Users/HDo/.pico-sdk/sdk/2.1.1/lib/tinyusb/src/portable/raspberrypi/rp2040/rp2040_usb.c.obj
 .time_critical.e15_is_bulkin_ep
                0x20000bcc       0x28 CMakeFiles/adxl382_spi.dir/C_/Users/HDo/.pico-sdk/sdk/2.1.1/lib/tinyusb/src/portable/raspberrypi/rp2040/rp2040_usb.c.obj
 .time_critical.e15_is_critical_frame_period
                0x20000bf4       0x34 CMakeFiles/adxl382_spi.dir/C_/Users/HDo/.pico-sdk/sdk/2.1.1/lib/tinyusb/src/portable/raspberrypi/rp2040/rp2040_usb.c.obj
 .time_critical.hw_endpoint_reset_transfer
                0x20000c28        0xc CMakeFiles/adxl382_spi.dir/C_/Users/HDo/.pico-sdk/sdk/2.1.1/lib/tinyusb/src/portable/raspberrypi/rp2040/rp2040_usb.c.obj
                0x20000c28                hw_endpoint_reset_transfer
 .time_critical._hw_endpoint_buffer_control_update32
                0x20000c34       0x50 CMakeFiles/adxl382_spi.dir/C_/Users/HDo/.pico-sdk/sdk/2.1.1/lib/tinyusb/src/portable/raspberrypi/rp2040/rp2040_usb.c.obj
                0x20000c34                _hw_endpoint_buffer_control_update32
 .time_critical.hw_endpoint_start_next_buffer
                0x20000c84       0x68 CMakeFiles/adxl382_spi.dir/C_/Users/HDo/.pico-sdk/sdk/2.1.1/lib/tinyusb/src/portable/raspberrypi/rp2040/rp2040_usb.c.obj
                0x20000c84                hw_endpoint_start_next_buffer
 .time_critical.hw_endpoint_xfer_continue
                0x20000cec       0x40 CMakeFiles/adxl382_spi.dir/C_/Users/HDo/.pico-sdk/sdk/2.1.1/lib/tinyusb/src/portable/raspberrypi/rp2040/rp2040_usb.c.obj
                0x20000cec                hw_endpoint_xfer_continue
 .time_critical.tinyusb
                0x20000d2c      0x1e4 CMakeFiles/adxl382_spi.dir/C_/Users/HDo/.pico-sdk/sdk/2.1.1/lib/tinyusb/src/device/usbd.c.obj
                0x20000d2c                dcd_event_handler
 .time_critical.spi_write_blocking
                0x20000f10       0x4c CMakeFiles/adxl382_spi.dir/C_/Users/HDo/.pico-sdk/sdk/2.1.1/src/rp2_common/hardware_spi/spi.c.obj
                0x20000f10                spi_write_blocking
 .time_critical.spi_read_blocking
                0x20000f5c       0xa8 CMakeFiles/adxl382_spi.dir/C_/Users/HDo/.pico-sdk/sdk/2.1.1/src/rp2_common/hardware_spi/spi.c.obj
                0x20000f5c                spi_read_blocking
 *(.text*)
 .text          0x20001004        0x4 C:/Users/HDo/.pico-sdk/toolchain/14_2_Rel1/bin/../lib/gcc/arm-none-eabi/14.2.1/thumb/v6-m/nofp\libgcc.a(_dvmd_tls.o)
                0x20001004                __aeabi_idiv0
                0x20001004                __aeabi_ldiv0
 .text.__stub   0x20001008       0x80 linker stubs
                0x20001088                        . = ALIGN (0x4)
 *(.rodata*)
                0x20001088                        . = ALIGN (0x4)
 *(.data*)
 .data.chID_enable
                0x20001088        0x1 CMakeFiles/adxl382_spi.dir/main.c.obj
                0x20001088                chID_enable
 .data.set_fifo_entries
                0x20001089        0x1 CMakeFiles/adxl382_spi.dir/main.c.obj
                0x20001089                set_fifo_entries
 .data.striped_spin_lock_num
                0x2000108a        0x1 CMakeFiles/adxl382_spi.dir/C_/Users/HDo/.pico-sdk/sdk/2.1.1/src/rp2_common/hardware_sync/sync.c.obj
 *fill*         0x2000108b        0x1 
 .data          0x2000108c       0x48 CMakeFiles/adxl382_spi.dir/C_/Users/HDo/.pico-sdk/sdk/2.1.1/src/rp2_common/hardware_irq/irq_handler_chain.S.obj
                0x2000108c                irq_handler_chain_slots
                0x200010bc                irq_handler_chain_first_slot
                0x200010c6                irq_handler_chain_remove_tail
 .data.default_alarm_pool
                0x200010d4       0x18 CMakeFiles/adxl382_spi.dir/C_/Users/HDo/.pico-sdk/sdk/2.1.1/src/common/pico_time/time.c.obj
 *fill*         0x200010ec        0x4 
 .data.aeabi_bits_funcs
                0x200010f0       0x10 CMakeFiles/adxl382_spi.dir/C_/Users/HDo/.pico-sdk/sdk/2.1.1/src/rp2_common/pico_bit_ops/bit_ops_aeabi.S.obj
                0x200010f0                aeabi_bits_funcs
                0x20001100                aeabi_bits_funcs_end
 .data.aeabi_mem_funcs
                0x20001100       0x10 CMakeFiles/adxl382_spi.dir/C_/Users/HDo/.pico-sdk/sdk/2.1.1/src/rp2_common/pico_mem_ops/mem_ops_aeabi.S.obj
                0x20001100                aeabi_mem_funcs
                0x20001110                aeabi_mem_funcs_end
 .data.stdio_usb
                0x20001110       0x18 CMakeFiles/adxl382_spi.dir/C_/Users/HDo/.pico-sdk/sdk/2.1.1/src/rp2_common/pico_stdio_usb/stdio_usb.c.obj
                0x20001110                stdio_usb
 .data._usbd_qdef
                0x20001128       0x1c CMakeFiles/adxl382_spi.dir/C_/Users/HDo/.pico-sdk/sdk/2.1.1/lib/tinyusb/src/device/usbd.c.obj
                0x20001128                _usbd_qdef
 .data._usbd_rhport
                0x20001144        0x1 CMakeFiles/adxl382_spi.dir/C_/Users/HDo/.pico-sdk/sdk/2.1.1/lib/tinyusb/src/device/usbd.c.obj
                0x20001148                        . = ALIGN (0x4)
 *fill*         0x20001145        0x3 
 *(.after_data.*)
                0x20001148                        . = ALIGN (0x4)
                0x20001148                        PROVIDE (__mutex_array_start = .)
 *(SORT_BY_NAME(.mutex_array.*))
 *(.mutex_array)
 .mutex_array   0x20001148        0x8 CMakeFiles/adxl382_spi.dir/C_/Users/HDo/.pico-sdk/sdk/2.1.1/src/rp2_common/pico_stdio/stdio.c.obj
                0x20001150                        PROVIDE (__mutex_array_end = .)
                0x20001150                        . = ALIGN (0x4)
 *(.jcr)
                0x20001150                        . = ALIGN (0x4)

.tm_clone_table
                0x20001150        0x0 load address 0x10008ea4
 .tm_clone_table
                0x20001150        0x0 C:/Users/HDo/.pico-sdk/toolchain/14_2_Rel1/bin/../lib/gcc/arm-none-eabi/14.2.1/thumb/v6-m/nofp/crtbegin.o
 .tm_clone_table
                0x20001150        0x0 C:/Users/HDo/.pico-sdk/toolchain/14_2_Rel1/bin/../lib/gcc/arm-none-eabi/14.2.1/thumb/v6-m/nofp/crtend.o

.igot.plt       0x20001150        0x0 load address 0x10008ea4
 .igot.plt      0x20001150        0x0 C:/Users/HDo/.pico-sdk/toolchain/14_2_Rel1/bin/../lib/gcc/arm-none-eabi/14.2.1/thumb/v6-m/nofp/crtbegin.o

.tdata          0x20001150        0x0 load address 0x10008ea4
                0x20001150                        . = ALIGN (0x4)
 *(.tdata .tdata.* .gnu.linkonce.td.*)
                0x20001150                        __tdata_end = .
                0x20001150                        PROVIDE (__data_end__ = .)
                0x10007e14                        __etext = LOADADDR (.data)

.tbss           0x20001150        0x0 load address 0x10008ea4
                0x20001150                        . = ALIGN (0x4)
                0x20001150                        __bss_start__ = .
                0x20001150                        __tls_base = .
 *(.tbss .tbss.* .gnu.linkonce.tb.*)
 *(.tcommon)
                0x20001150                        __tls_end = .

.bss            0x20001150      0xf00 load address 0x10008ea4
                0x20001150                        . = ALIGN (0x4)
                0x20001150                        __tbss_end = .
 *(SORT_BY_ALIGNMENT(SORT_BY_NAME(.bss*)))
 .bss.default_alarm_pool_entries
                0x20001150      0x180 CMakeFiles/adxl382_spi.dir/C_/Users/HDo/.pico-sdk/sdk/2.1.1/src/common/pico_time/time.c.obj
 .bss.last_avail_time.1
                0x200012d0        0x8 CMakeFiles/adxl382_spi.dir/C_/Users/HDo/.pico-sdk/sdk/2.1.1/src/rp2_common/pico_stdio_usb/stdio_usb.c.obj
 .bss.sd_table  0x200012d8      0x100 CMakeFiles/adxl382_spi.dir/C_/Users/HDo/.pico-sdk/sdk/2.1.1/src/rp2_common/pico_double/double_init_rom_rp2040.c.obj
                0x200012d8                sd_table
 .bss.sf_table  0x200013d8      0x100 CMakeFiles/adxl382_spi.dir/C_/Users/HDo/.pico-sdk/sdk/2.1.1/src/rp2_common/pico_float/float_init_rom_rp2040.c.obj
                0x200013d8                sf_table
 .bss._app_driver
                0x200014d8        0x4 CMakeFiles/adxl382_spi.dir/C_/Users/HDo/.pico-sdk/sdk/2.1.1/lib/tinyusb/src/device/usbd.c.obj
 .bss._cdcd_epbuf
                0x200014dc       0x80 CMakeFiles/adxl382_spi.dir/C_/Users/HDo/.pico-sdk/sdk/2.1.1/lib/tinyusb/src/class/cdc/cdc_device.c.obj
 .bss._cdcd_fifo_cfg
                0x2000155c        0x1 CMakeFiles/adxl382_spi.dir/C_/Users/HDo/.pico-sdk/sdk/2.1.1/lib/tinyusb/src/class/cdc/cdc_device.c.obj
 *fill*         0x2000155d        0x3 
 .bss._cdcd_itf
                0x20001560       0xc8 CMakeFiles/adxl382_spi.dir/C_/Users/HDo/.pico-sdk/sdk/2.1.1/lib/tinyusb/src/class/cdc/cdc_device.c.obj
 .bss._ctrl_epbuf
                0x20001628       0x40 CMakeFiles/adxl382_spi.dir/C_/Users/HDo/.pico-sdk/sdk/2.1.1/lib/tinyusb/src/device/usbd_control.c.obj
 .bss._ctrl_xfer
                0x20001668       0x14 CMakeFiles/adxl382_spi.dir/C_/Users/HDo/.pico-sdk/sdk/2.1.1/lib/tinyusb/src/device/usbd_control.c.obj
 .bss._tusb_rhport_role
                0x2000167c        0x2 CMakeFiles/adxl382_spi.dir/C_/Users/HDo/.pico-sdk/sdk/2.1.1/lib/tinyusb/src/tusb.c.obj
                0x2000167c                _tusb_rhport_role
 *fill*         0x2000167e        0x2 
 .bss._ubsd_mutexdef
                0x20001680        0x8 CMakeFiles/adxl382_spi.dir/C_/Users/HDo/.pico-sdk/sdk/2.1.1/lib/tinyusb/src/device/usbd.c.obj
 .bss._usbd_dev
                0x20001688       0x54 CMakeFiles/adxl382_spi.dir/C_/Users/HDo/.pico-sdk/sdk/2.1.1/lib/tinyusb/src/device/usbd.c.obj
 .bss._usbd_mutex
                0x200016dc        0x4 CMakeFiles/adxl382_spi.dir/C_/Users/HDo/.pico-sdk/sdk/2.1.1/lib/tinyusb/src/device/usbd.c.obj
 .bss._usbd_q   0x200016e0        0x4 CMakeFiles/adxl382_spi.dir/C_/Users/HDo/.pico-sdk/sdk/2.1.1/lib/tinyusb/src/device/usbd.c.obj
 .bss._usbd_qdef_buf
                0x200016e4       0xc0 CMakeFiles/adxl382_spi.dir/C_/Users/HDo/.pico-sdk/sdk/2.1.1/lib/tinyusb/src/device/usbd.c.obj
                0x200016e4                _usbd_qdef_buf
 .bss._vendord_epbuf
                0x200017a4       0x80 CMakeFiles/adxl382_spi.dir/C_/Users/HDo/.pico-sdk/sdk/2.1.1/lib/tinyusb/src/class/vendor/vendor_device.c.obj
 .bss._vendord_itf
                0x20001824      0x24c CMakeFiles/adxl382_spi.dir/C_/Users/HDo/.pico-sdk/sdk/2.1.1/lib/tinyusb/src/class/vendor/vendor_device.c.obj
 .bss.boot2_copyout
                0x20001a70      0x100 CMakeFiles/adxl382_spi.dir/C_/Users/HDo/.pico-sdk/sdk/2.1.1/src/rp2_common/hardware_flash/flash.c.obj
 .bss.chars_available_callback
                0x20001b70        0x4 CMakeFiles/adxl382_spi.dir/C_/Users/HDo/.pico-sdk/sdk/2.1.1/src/rp2_common/pico_stdio_usb/stdio_usb.c.obj
 .bss.chars_available_param
                0x20001b74        0x4 CMakeFiles/adxl382_spi.dir/C_/Users/HDo/.pico-sdk/sdk/2.1.1/src/rp2_common/pico_stdio_usb/stdio_usb.c.obj
 .bss.claimed   0x20001b78        0x4 CMakeFiles/adxl382_spi.dir/C_/Users/HDo/.pico-sdk/sdk/2.1.1/src/rp2_common/hardware_sync/sync.c.obj
 .bss.claimed   0x20001b7c        0x1 CMakeFiles/adxl382_spi.dir/C_/Users/HDo/.pico-sdk/sdk/2.1.1/src/rp2_common/hardware_timer/timer.c.obj
 *fill*         0x20001b7d        0x3 
 .bss.configured_freq
                0x20001b80       0x28 CMakeFiles/adxl382_spi.dir/C_/Users/HDo/.pico-sdk/sdk/2.1.1/src/rp2_common/hardware_clocks/clocks.c.obj
 .bss.desc_str.0
                0x20001ba8       0x28 CMakeFiles/adxl382_spi.dir/C_/Users/HDo/.pico-sdk/sdk/2.1.1/src/rp2_common/pico_stdio_usb/stdio_usb_descriptors.c.obj
 .bss.drivers   0x20001bd0        0x4 CMakeFiles/adxl382_spi.dir/C_/Users/HDo/.pico-sdk/sdk/2.1.1/src/rp2_common/pico_stdio/stdio.c.obj
 .bss.e15_last_sof
                0x20001bd4        0x4 CMakeFiles/adxl382_spi.dir/C_/Users/HDo/.pico-sdk/sdk/2.1.1/lib/tinyusb/src/portable/raspberrypi/rp2040/rp2040_usb.c.obj
                0x20001bd4                e15_last_sof
 .bss.filter    0x20001bd8        0x4 CMakeFiles/adxl382_spi.dir/C_/Users/HDo/.pico-sdk/sdk/2.1.1/src/rp2_common/pico_stdio/stdio.c.obj
 .bss.hw_endpoints
                0x20001bdc      0x400 CMakeFiles/adxl382_spi.dir/C_/Users/HDo/.pico-sdk/sdk/2.1.1/lib/tinyusb/src/portable/raspberrypi/rp2040/dcd_rp2040.c.obj
 .bss.lazy_vsnprintf
                0x20001fdc        0x4 CMakeFiles/adxl382_spi.dir/C_/Users/HDo/.pico-sdk/sdk/2.1.1/src/rp2_common/pico_printf/printf.c.obj
 .bss.load_value
                0x20001fe0        0x4 CMakeFiles/adxl382_spi.dir/C_/Users/HDo/.pico-sdk/sdk/2.1.1/src/rp2_common/hardware_watchdog/watchdog.c.obj
 .bss.next_buffer_ptr
                0x20001fe4        0x4 CMakeFiles/adxl382_spi.dir/C_/Users/HDo/.pico-sdk/sdk/2.1.1/lib/tinyusb/src/portable/raspberrypi/rp2040/dcd_rp2040.c.obj
 .bss.object.0  0x20001fe8       0x18 C:/Users/HDo/.pico-sdk/toolchain/14_2_Rel1/bin/../lib/gcc/arm-none-eabi/14.2.1/thumb/v6-m/nofp/crtbegin.o
 .bss.one_shot_timer_crit_sec
                0x20002000        0x8 CMakeFiles/adxl382_spi.dir/C_/Users/HDo/.pico-sdk/sdk/2.1.1/src/rp2_common/pico_stdio_usb/stdio_usb.c.obj
 .bss.pools     0x20002008       0x10 CMakeFiles/adxl382_spi.dir/C_/Users/HDo/.pico-sdk/sdk/2.1.1/src/common/pico_time/time.c.obj
 .bss.ret       0x20002018        0x4 CMakeFiles/adxl382_spi.dir/main.c.obj
                0x20002018                ret
 .bss.retrieved_id
                0x2000201c        0x8 CMakeFiles/adxl382_spi.dir/C_/Users/HDo/.pico-sdk/sdk/2.1.1/src/rp2_common/pico_unique_id/unique_id.c.obj
 .bss.sf_clz_func
                0x20002024        0x4 CMakeFiles/adxl382_spi.dir/C_/Users/HDo/.pico-sdk/sdk/2.1.1/src/rp2_common/pico_double/double_init_rom_rp2040.c.obj
                0x20002024                sf_clz_func
 .bss.sleep_notifier
                0x20002028        0x4 CMakeFiles/adxl382_spi.dir/C_/Users/HDo/.pico-sdk/sdk/2.1.1/src/common/pico_time/time.c.obj
 .bss.stdio_usb_mutex
                0x2000202c        0x8 CMakeFiles/adxl382_spi.dir/C_/Users/HDo/.pico-sdk/sdk/2.1.1/src/rp2_common/pico_stdio_usb/stdio_usb.c.obj
 .bss.usbd_serial_str
                0x20002034       0x11 CMakeFiles/adxl382_spi.dir/C_/Users/HDo/.pico-sdk/sdk/2.1.1/src/rp2_common/pico_stdio_usb/stdio_usb_descriptors.c.obj
 .bss._app_driver_count
                0x20002045        0x1 CMakeFiles/adxl382_spi.dir/C_/Users/HDo/.pico-sdk/sdk/2.1.1/lib/tinyusb/src/device/usbd.c.obj
 .bss._sof_enable
                0x20002046        0x1 CMakeFiles/adxl382_spi.dir/C_/Users/HDo/.pico-sdk/sdk/2.1.1/lib/tinyusb/src/portable/raspberrypi/rp2040/dcd_rp2040.c.obj
 .bss._usbd_queued_setup
                0x20002047        0x1 CMakeFiles/adxl382_spi.dir/C_/Users/HDo/.pico-sdk/sdk/2.1.1/lib/tinyusb/src/device/usbd.c.obj
 .bss.boot2_copyout_valid
                0x20002048        0x1 CMakeFiles/adxl382_spi.dir/C_/Users/HDo/.pico-sdk/sdk/2.1.1/src/rp2_common/hardware_flash/flash.c.obj
 .bss.irq_handler_chain_free_slot_head
                0x20002049        0x1 CMakeFiles/adxl382_spi.dir/C_/Users/HDo/.pico-sdk/sdk/2.1.1/src/rp2_common/hardware_irq/irq.c.obj
 .bss.itf_num   0x2000204a        0x1 CMakeFiles/adxl382_spi.dir/C_/Users/HDo/.pico-sdk/sdk/2.1.1/src/rp2_common/pico_stdio_usb/reset_interface.c.obj
 .bss.low_priority_irq_num
                0x2000204b        0x1 CMakeFiles/adxl382_spi.dir/C_/Users/HDo/.pico-sdk/sdk/2.1.1/src/rp2_common/pico_stdio_usb/stdio_usb.c.obj
 .bss.one_shot_timer_pending
                0x2000204c        0x1 CMakeFiles/adxl382_spi.dir/C_/Users/HDo/.pico-sdk/sdk/2.1.1/src/rp2_common/pico_stdio_usb/stdio_usb.c.obj
 .bss.register_value
                0x2000204d        0x1 CMakeFiles/adxl382_spi.dir/main.c.obj
                0x2000204d                register_value
 .bss.user_irq_claimed
                0x2000204e        0x1 CMakeFiles/adxl382_spi.dir/C_/Users/HDo/.pico-sdk/sdk/2.1.1/src/rp2_common/hardware_irq/irq.c.obj
 *(COMMON)
                0x20002050                        . = ALIGN (0x4)
 *fill*         0x2000204f        0x1 
                0x20002050                        __bss_end__ = .

.heap           0x20002050      0x800 load address 0x10008ea4
                0x20002050                        __end__ = .
                0x20002050                        end = __end__
 *(.heap*)
 .heap          0x20002050      0x800 CMakeFiles/adxl382_spi.dir/C_/Users/HDo/.pico-sdk/sdk/2.1.1/src/rp2_common/pico_crt0/crt0.S.obj
                0x20040000                        __HeapLimit = (ORIGIN (RAM) + LENGTH (RAM))

.scratch_x      0x20040000        0x0 load address 0x10008ea4
                0x20040000                        __scratch_x_start__ = .
 *(.scratch_x.*)
                0x20040000                        . = ALIGN (0x4)
                0x20040000                        __scratch_x_end__ = .
                0x10008ea4                        __scratch_x_source__ = LOADADDR (.scratch_x)

.scratch_y      0x20041000        0x0 load address 0x10008ea4
                0x20041000                        __scratch_y_start__ = .
 *(.scratch_y.*)
                0x20041000                        . = ALIGN (0x4)
                0x20041000                        __scratch_y_end__ = .
                0x10008ea4                        __scratch_y_source__ = LOADADDR (.scratch_y)

.stack1_dummy
 *(.stack1*)

.stack_dummy    0x20041000      0x800
 *(.stack*)
 .stack         0x20041000      0x800 CMakeFiles/adxl382_spi.dir/C_/Users/HDo/.pico-sdk/sdk/2.1.1/src/rp2_common/pico_crt0/crt0.S.obj

.flash_end      0x10008ea4        0x0
 *(.embedded_end_block*)
                0x10008ea4                        PROVIDE (__flash_binary_end = .)
                0x20040000                        __StackLimit = (ORIGIN (RAM) + LENGTH (RAM))
                0x20041000                        __StackOneTop = (ORIGIN (SCRATCH_X) + LENGTH (SCRATCH_X))
                0x20042000                        __StackTop = (ORIGIN (SCRATCH_Y) + LENGTH (SCRATCH_Y))
                0x20041000                        __StackOneBottom = (__StackOneTop - SIZEOF (.stack1_dummy))
                0x20041800                        __StackBottom = (__StackTop - SIZEOF (.stack_dummy))
                0x20042000                        PROVIDE (__stack = __StackTop)
                [!provide]                        PROVIDE (__heap_start = __end__)
                [!provide]                        PROVIDE (__heap_end = __HeapLimit)
                [!provide]                        PROVIDE (__tls_align = MAX (ALIGNOF (.tdata), ALIGNOF (.tbss)))
                [!provide]                        PROVIDE (__tls_size_align = (((__tls_size + __tls_align) - 0x1) & ~ ((__tls_align - 0x1))))
                [!provide]                        PROVIDE (__arm32_tls_tcb_offset = MAX (0x8, __tls_align))
                [!provide]                        PROVIDE (_end = __end__)
                [!provide]                        PROVIDE (__llvm_libc_heap_limit = __HeapLimit)
                0x00000001                        ASSERT ((__StackLimit >= __HeapLimit), region RAM overflowed)
                0x00000001                        ASSERT (((__binary_info_header_end - __logical_binary_start) <= 0x100), Binary info must be in first 256 bytes of the binary)
LOAD CMakeFiles/adxl382_spi.dir/adxl382.c.obj
LOAD CMakeFiles/adxl382_spi.dir/main.c.obj
LOAD CMakeFiles/adxl382_spi.dir/C_/Users/HDo/.pico-sdk/sdk/2.1.1/src/rp2_common/pico_stdlib/stdlib.c.obj
LOAD CMakeFiles/adxl382_spi.dir/C_/Users/HDo/.pico-sdk/sdk/2.1.1/src/rp2_common/hardware_gpio/gpio.c.obj
LOAD CMakeFiles/adxl382_spi.dir/C_/Users/HDo/.pico-sdk/sdk/2.1.1/src/rp2040/pico_platform/platform.c.obj
LOAD CMakeFiles/adxl382_spi.dir/C_/Users/HDo/.pico-sdk/sdk/2.1.1/src/rp2_common/pico_platform_panic/panic.c.obj
LOAD CMakeFiles/adxl382_spi.dir/C_/Users/HDo/.pico-sdk/sdk/2.1.1/src/common/hardware_claim/claim.c.obj
LOAD CMakeFiles/adxl382_spi.dir/C_/Users/HDo/.pico-sdk/sdk/2.1.1/src/rp2_common/hardware_sync/sync.c.obj
LOAD CMakeFiles/adxl382_spi.dir/C_/Users/HDo/.pico-sdk/sdk/2.1.1/src/rp2_common/hardware_sync_spin_lock/sync_spin_lock.c.obj
LOAD CMakeFiles/adxl382_spi.dir/C_/Users/HDo/.pico-sdk/sdk/2.1.1/src/rp2_common/hardware_irq/irq.c.obj
LOAD CMakeFiles/adxl382_spi.dir/C_/Users/HDo/.pico-sdk/sdk/2.1.1/src/rp2_common/hardware_irq/irq_handler_chain.S.obj
LOAD CMakeFiles/adxl382_spi.dir/C_/Users/HDo/.pico-sdk/sdk/2.1.1/src/common/pico_sync/sem.c.obj
LOAD CMakeFiles/adxl382_spi.dir/C_/Users/HDo/.pico-sdk/sdk/2.1.1/src/common/pico_sync/lock_core.c.obj
LOAD CMakeFiles/adxl382_spi.dir/C_/Users/HDo/.pico-sdk/sdk/2.1.1/src/common/pico_sync/mutex.c.obj
LOAD CMakeFiles/adxl382_spi.dir/C_/Users/HDo/.pico-sdk/sdk/2.1.1/src/common/pico_sync/critical_section.c.obj
LOAD CMakeFiles/adxl382_spi.dir/C_/Users/HDo/.pico-sdk/sdk/2.1.1/src/common/pico_time/time.c.obj
LOAD CMakeFiles/adxl382_spi.dir/C_/Users/HDo/.pico-sdk/sdk/2.1.1/src/common/pico_time/timeout_helper.c.obj
LOAD CMakeFiles/adxl382_spi.dir/C_/Users/HDo/.pico-sdk/sdk/2.1.1/src/rp2_common/hardware_timer/timer.c.obj
LOAD CMakeFiles/adxl382_spi.dir/C_/Users/HDo/.pico-sdk/sdk/2.1.1/src/common/pico_util/datetime.c.obj
LOAD CMakeFiles/adxl382_spi.dir/C_/Users/HDo/.pico-sdk/sdk/2.1.1/src/common/pico_util/pheap.c.obj
LOAD CMakeFiles/adxl382_spi.dir/C_/Users/HDo/.pico-sdk/sdk/2.1.1/src/common/pico_util/queue.c.obj
LOAD CMakeFiles/adxl382_spi.dir/C_/Users/HDo/.pico-sdk/sdk/2.1.1/src/rp2_common/hardware_uart/uart.c.obj
LOAD CMakeFiles/adxl382_spi.dir/C_/Users/HDo/.pico-sdk/sdk/2.1.1/src/rp2_common/hardware_clocks/clocks.c.obj
LOAD CMakeFiles/adxl382_spi.dir/C_/Users/HDo/.pico-sdk/sdk/2.1.1/src/rp2_common/hardware_pll/pll.c.obj
LOAD CMakeFiles/adxl382_spi.dir/C_/Users/HDo/.pico-sdk/sdk/2.1.1/src/rp2_common/hardware_vreg/vreg.c.obj